Microchip Technology Inc, v1.36 (B)

Tool Name:
  /home/sladekm/software/microchip/XC16/v1.36/bin/bin/../bin/elf-ld

Command:
  -T/tmp/tmp000029f2.00 \
  -T/tmp/tmp000029f2.01 \
  -T/tmp/tmp000029f2.02 \
  -T/tmp/tmp000029f2.03 \
  -T/tmp/tmp000029f2.04 \
  -p24FJ64GB002 \
  -o \
  dist/PIC24FJ64GB002_PIM/debug/USB_Device_Host_MIDI.X.debug.elf \
  -L/home/sladekm/software/microchip/XC16/v1.36/bin/bin/.. \
  -L/home/sladekm/software/microchip/XC16/v1.36/bin/bin/../../lib \
  -L/home/sladekm/software/microchip/XC16/v1.36/bin/bin/../../support/PIC24E/gld \
  -L/home/sladekm/software/microchip/XC16/v1.36/bin/bin/../../support/PIC24F/gld \
  -L/home/sladekm/software/microchip/XC16/v1.36/bin/bin/../../support/PIC24H/gld \
  -L/home/sladekm/software/microchip/XC16/v1.36/bin/bin/../../support/dsPIC30F/gld \
  -L/home/sladekm/software/microchip/XC16/v1.36/bin/bin/../../support/dsPIC33C/gld \
  -L/home/sladekm/software/microchip/XC16/v1.36/bin/bin/../../support/dsPIC33E/gld \
  -L/home/sladekm/software/microchip/XC16/v1.36/bin/bin/../../support/dsPIC33F/gld \
  build/PIC24FJ64GB002_PIM/debug/usb/src/usb_device.o \
  build/PIC24FJ64GB002_PIM/debug/usb/src/usb_descriptors.o \
  build/PIC24FJ64GB002_PIM/debug/usb/src/usb_events.o \
  build/PIC24FJ64GB002_PIM/debug/usb/src/usb_host.o \
  build/PIC24FJ64GB002_PIM/debug/usb/src/usb_host_midi.o \
  build/PIC24FJ64GB002_PIM/debug/usb/src/usb_host_config.o \
  build/PIC24FJ64GB002_PIM/debug/src/app_host_midi_basic.o \
  build/PIC24FJ64GB002_PIM/debug/src/leds.o \
  build/PIC24FJ64GB002_PIM/debug/src/main.o \
  build/PIC24FJ64GB002_PIM/debug/src/system.o \
  build/PIC24FJ64GB002_PIM/debug/src/timer.o \
  build/PIC24FJ64GB002_PIM/debug/src/app_device_midi_basic.o \
  build/PIC24FJ64GB002_PIM/debug/midi_jack.o \
  --defsym=__MPLAB_BUILD=1 \
  --defsym=__MPLAB_DEBUG=1 \
  --defsym=__DEBUG=1 \
  --defsym=__MPLAB_DEBUGGER_PK3=1 \
  -Tp24FJ64GB002.gld.05 \
  --heap=2048 \
  --stack=16 \
  --check-sections \
  --data-init \
  --pack-data \
  --handles \
  --isr \
  --no-gc-sections \
  --fill-upper=0 \
  --stackguard=16 \
  --no-force-link \
  --smart-io \
  -Map=dist/PIC24FJ64GB002_PIM/debug/USB_Device_Host_MIDI.X.debug.map \
  --report-mem \
  --memorysummary \
  dist/PIC24FJ64GB002_PIM/debug/memoryfile.xml \
  -start-group \
  --library=lega-pic30-elf \
  --library=m-elf \
  --library=lega-c-elf \
  -end-group \


Optional library libpPIC24Fxxx.a not found
Archive member included because of file (symbol)

/home/sladekm/software/microchip/XC16/v1.36/bin/bin/../../lib/liblega-pic30-elf.a(crt0_standard.o)
                              (__resetPRI)
/home/sladekm/software/microchip/XC16/v1.36/bin/bin/../../lib/liblega-pic30-elf.a(data_init_standard.o)
                              /home/sladekm/software/microchip/XC16/v1.36/bin/bin/../../lib/liblega-pic30-elf.a(crt0_standard.o) (__data_init_standard)
/home/sladekm/software/microchip/XC16/v1.36/bin/bin/../../lib/liblega-pic30-elf.a(crt_start_mode_normal.Leo)
                              (__crt_start_mode_normal)
/home/sladekm/software/microchip/XC16/v1.36/bin/bin/../../lib/liblega-c-elf.a(free.XX_eo)
                              build/PIC24FJ64GB002_PIM/debug/usb/src/usb_host.o (_free)
/home/sladekm/software/microchip/XC16/v1.36/bin/bin/../../lib/liblega-c-elf.a(malloc.XX_eo)
                              /home/sladekm/software/microchip/XC16/v1.36/bin/bin/../../lib/liblega-c-elf.a(free.XX_eo) (__Aldata)
/home/sladekm/software/microchip/XC16/v1.36/bin/bin/../../lib/liblega-c-elf.a(memset.XX_eo)
                              build/PIC24FJ64GB002_PIM/debug/usb/src/usb_device.o (_memset)
/home/sladekm/software/microchip/XC16/v1.36/bin/bin/../../lib/liblega-c-elf.a(xgetmem.XX_eo)
                              /home/sladekm/software/microchip/XC16/v1.36/bin/bin/../../lib/liblega-c-elf.a(malloc.XX_eo) (__Getmem)
/home/sladekm/software/microchip/XC16/v1.36/bin/bin/../../lib/liblega-pic30-elf.a(sbrk.Leo)
                              /home/sladekm/software/microchip/XC16/v1.36/bin/bin/../../lib/liblega-c-elf.a(xgetmem.XX_eo) (_sbrk)
/home/sladekm/software/microchip/XC16/v1.36/bin/bin/../../lib/liblega-pic30-elf.a(brk.Lelo)
                              /home/sladekm/software/microchip/XC16/v1.36/bin/bin/../../lib/liblega-pic30-elf.a(sbrk.Leo) (_brk)


xc16-ld 1.36 (B)

"program" Memory  [Origin = 0x200, Length = 0xa9f8]

section                    address   length (PC units)   length (bytes) (dec)
-------                    -------   -----------------   --------------------
.text                        0x200               0x2e6           0x459  (1113)
.const                       0x4e6                0xb2           0x10b  (267)
.text                        0x598              0x36ca          0x522f  (21039)
.dinit                      0x3c62                0x8e            0xd5  (213)
.text                       0x3cf0                0x6e            0xa5  (165)

                 Total "program" memory used (bytes):         0x590d  (22797) 34%

[...]
Memory Configuration

Name             Origin             Length             Attributes
data             0x000800           0x002000           a !xr
reset            0x000000           0x000004  
ivt              0x000004           0x0000fc  
_reserved        0x000100           0x000004  
aivt             0x000104           0x0000fc  
program          0x000200           0x00a9f8           xr
CONFIG4          0x00abf8           0x000002  
CONFIG3          0x00abfa           0x000002  
CONFIG2          0x00abfc           0x000002  
CONFIG1          0x00abfe           0x000002  
*default*        0x000000           0xffffffff  

Linker script and memory map


reserve_data_0x800
                    0x0800         0x20
                    0x0820                  . = 0x20
 *fill*             0x0800         0x2000

reserve_data_0x820
                    0x0820          0x2
                    0x0822                  . = 0x2
 *fill*             0x0820          0x200

reserve_data_0x822
                    0x0822          0x2
                    0x0824                  . = 0x2
 *fill*             0x0822          0x200

reserve_data_0x824
                    0x0824          0x2
                    0x0826                  . = 0x2
 *fill*             0x0824          0x200

reserve_data_0x826
                    0x0826         0x2a
                    0x0850                  . = 0x2a
 *fill*             0x0826         0x2a00
LOAD build/PIC24FJ64GB002_PIM/debug/usb/src/usb_device.o
LOAD build/PIC24FJ64GB002_PIM/debug/usb/src/usb_descriptors.o
LOAD build/PIC24FJ64GB002_PIM/debug/usb/src/usb_events.o
LOAD build/PIC24FJ64GB002_PIM/debug/usb/src/usb_host.o
LOAD build/PIC24FJ64GB002_PIM/debug/usb/src/usb_host_midi.o
LOAD build/PIC24FJ64GB002_PIM/debug/usb/src/usb_host_config.o
LOAD build/PIC24FJ64GB002_PIM/debug/src/app_host_midi_basic.o
LOAD build/PIC24FJ64GB002_PIM/debug/src/leds.o
LOAD build/PIC24FJ64GB002_PIM/debug/src/main.o
LOAD build/PIC24FJ64GB002_PIM/debug/src/system.o
LOAD build/PIC24FJ64GB002_PIM/debug/src/timer.o
LOAD build/PIC24FJ64GB002_PIM/debug/src/app_device_midi_basic.o
LOAD build/PIC24FJ64GB002_PIM/debug/midi_jack.o
                    0x0001                  __MPLAB_BUILD = 0x1
                    0x0001                  __MPLAB_DEBUG = 0x1
                    0x0001                  __DEBUG = 0x1
                    0x0001                  __MPLAB_DEBUGGER_PK3 = 0x1
LOAD pPIC24Fxxx
LOAD /home/sladekm/software/microchip/XC16/v1.36/bin/bin/../../lib/libfx-elf.a
                    0xabf8                  __CONFIG4 = 0xabf8
                    0xabfa                  __CONFIG3 = 0xabfa
                    0xabfc                  __CONFIG2 = 0xabfc
                    0xabfe                  __CONFIG1 = 0xabfe
                    0x0001                  __NO_HANDLES = 0x1
                    0x0200                  __CODE_BASE = 0x200
                    0xa9f8                  __CODE_LENGTH = 0xa9f8
                    0x0004                  __IVT_BASE = 0x4
                    0x0104                  __AIVT_BASE = 0x104
                    0x0800                  __DATA_BASE = 0x800
                    0x2000                  __DATA_LENGTH = 0x2000

.reset            0x000000          0x4
                  0x000000          0x2 SHORT 0x200 ABSOLUTE (__reset)
                  0x000001          0x2 SHORT 0x4
                  0x000002          0x2 SHORT 0x0 ((ABSOLUTE (__reset) >> 0x10) & 0x7f)
                  0x000003          0x2 SHORT 0x0

.text             0x000200        0x2e6
 *(.init)
 .init            0x000200         0x4c /home/sladekm/software/microchip/XC16/v1.36/bin/bin/../../lib/liblega-pic30-elf.a(crt0_standard.o)
                  0x000200                  __reset
                  0x000200                  __resetPRI
                  0x00023c                  __psv_init
 .init            0x00024c         0x7c /home/sladekm/software/microchip/XC16/v1.36/bin/bin/../../lib/liblega-pic30-elf.a(data_init_standard.o)
                  0x000252                  __data_init
                  0x000252                  __data_init_standard
 *(.user_init)
 *(.handle)
 *(.isr*)
 .isr.text        0x0002d0         0x40 build/PIC24FJ64GB002_PIM/debug/src/system.o
                  0x0002d0                  __USB1Interrupt
                  0x0002f0                  __U2RXInterrupt
 .isr.text        0x000310         0x4e build/PIC24FJ64GB002_PIM/debug/src/timer.o
                  0x000310                  __T4Interrupt
                  0x00032a                  __T3Interrupt
                  0x000344                  __T2Interrupt
 .isr             0x00035e          0x4 default_isr
                  0x00035e                  __DefaultInterrupt
 *(.libc)
 .libc            0x000362         0x28 /home/sladekm/software/microchip/XC16/v1.36/bin/bin/../../lib/liblega-pic30-elf.a(sbrk.Leo)
                  0x000362                  _sbrk
 .libc            0x00038a         0x1a /home/sladekm/software/microchip/XC16/v1.36/bin/bin/../../lib/liblega-pic30-elf.a(brk.Lelo)
                  0x00038a                  _brk
 *(.libm)
 *(.libdsp)
 *(.lib*)
 .libpic30_crt_start_mode
                  0x0003a4          0x2 /home/sladekm/software/microchip/XC16/v1.36/bin/bin/../../lib/liblega-pic30-elf.a(crt_start_mode_normal.Leo)
                  0x0003a4                  __crt_start_mode_normal
                  0x0003a4                  __crt_start_mode
 .libc.free       0x0003a6         0x64 /home/sladekm/software/microchip/XC16/v1.36/bin/bin/../../lib/liblega-c-elf.a(free.XX_eo)
                  0x0003a6                  _free
 .libc.findmem    0x00040a         0x66 /home/sladekm/software/microchip/XC16/v1.36/bin/bin/../../lib/liblega-c-elf.a(malloc.XX_eo)
 .libc.malloc     0x000470         0x54 /home/sladekm/software/microchip/XC16/v1.36/bin/bin/../../lib/liblega-c-elf.a(malloc.XX_eo)
                  0x000470                  _malloc
 .libc.memset     0x0004c4          0xe /home/sladekm/software/microchip/XC16/v1.36/bin/bin/../../lib/liblega-c-elf.a(memset.XX_eo)
                  0x0004c4                  _memset
 .libc._Getmem    0x0004d2         0x14 /home/sladekm/software/microchip/XC16/v1.36/bin/bin/../../lib/liblega-c-elf.a(xgetmem.XX_eo)
                  0x0004d2                  __Getmem

usercode
 *(usercode)

__CONFIG4
 *(__CONFIG4.sec*)

__CONFIG3
 *(__CONFIG3.sec*)

__CONFIG2
 *(__CONFIG2.sec*)

__CONFIG1
 *(__CONFIG1.sec*)

.comment
 *(.comment)

.debug_info       0x000000       0xd53f
 *(.debug_info)
 .debug_info      0x000000       0x264a build/PIC24FJ64GB002_PIM/debug/usb/src/usb_device.o
 .debug_info      0x00264a        0x820 build/PIC24FJ64GB002_PIM/debug/usb/src/usb_descriptors.o
 .debug_info      0x002e6a        0x569 build/PIC24FJ64GB002_PIM/debug/usb/src/usb_events.o
 .debug_info      0x0033d3       0x3bb5 build/PIC24FJ64GB002_PIM/debug/usb/src/usb_host.o
 .debug_info      0x006f88        0xa5a build/PIC24FJ64GB002_PIM/debug/usb/src/usb_host_midi.o
 .debug_info      0x0079e2        0x830 build/PIC24FJ64GB002_PIM/debug/usb/src/usb_host_config.o
 .debug_info      0x008212        0xadf build/PIC24FJ64GB002_PIM/debug/src/app_host_midi_basic.o
 .debug_info      0x008cf1        0x625 build/PIC24FJ64GB002_PIM/debug/src/leds.o
 .debug_info      0x009316        0x7a3 build/PIC24FJ64GB002_PIM/debug/src/main.o
 .debug_info      0x009ab9       0x129f build/PIC24FJ64GB002_PIM/debug/src/system.o
 .debug_info      0x00ad58       0x102f build/PIC24FJ64GB002_PIM/debug/src/timer.o
 .debug_info      0x00bd87        0xea9 build/PIC24FJ64GB002_PIM/debug/src/app_device_midi_basic.o
 .debug_info      0x00cc30        0x90f build/PIC24FJ64GB002_PIM/debug/midi_jack.o
 *(.gnu.linkonce.wi.*)

.debug_abbrev     0x000000       0x14d3
 *(.debug_abbrev)
 .debug_abbrev    0x000000        0x2da build/PIC24FJ64GB002_PIM/debug/usb/src/usb_device.o
 .debug_abbrev    0x0002da        0x102 build/PIC24FJ64GB002_PIM/debug/usb/src/usb_descriptors.o
 .debug_abbrev    0x0003dc         0x7c build/PIC24FJ64GB002_PIM/debug/usb/src/usb_events.o
 .debug_abbrev    0x000458        0x30e build/PIC24FJ64GB002_PIM/debug/usb/src/usb_host.o
 .debug_abbrev    0x000766        0x1cc build/PIC24FJ64GB002_PIM/debug/usb/src/usb_host_midi.o
 .debug_abbrev    0x000932        0x113 build/PIC24FJ64GB002_PIM/debug/usb/src/usb_host_config.o
 .debug_abbrev    0x000a45        0x1a5 build/PIC24FJ64GB002_PIM/debug/src/app_host_midi_basic.o
 .debug_abbrev    0x000bea        0x174 build/PIC24FJ64GB002_PIM/debug/src/leds.o
 .debug_abbrev    0x000d5e         0xe3 build/PIC24FJ64GB002_PIM/debug/src/main.o
 .debug_abbrev    0x000e41        0x188 build/PIC24FJ64GB002_PIM/debug/src/system.o
 .debug_abbrev    0x000fc9        0x13a build/PIC24FJ64GB002_PIM/debug/src/timer.o
 .debug_abbrev    0x001103        0x229 build/PIC24FJ64GB002_PIM/debug/src/app_device_midi_basic.o
 .debug_abbrev    0x00132c        0x1a7 build/PIC24FJ64GB002_PIM/debug/midi_jack.o

.debug_line       0x000000       0x1a72
 *(.debug_line)
 .debug_line      0x000000        0x3d0 build/PIC24FJ64GB002_PIM/debug/usb/src/usb_device.o
 .debug_line      0x0003d0         0xb1 build/PIC24FJ64GB002_PIM/debug/usb/src/usb_descriptors.o
 .debug_line      0x000481         0xc8 build/PIC24FJ64GB002_PIM/debug/usb/src/usb_events.o
 .debug_line      0x000549        0x982 build/PIC24FJ64GB002_PIM/debug/usb/src/usb_host.o
 .debug_line      0x000ecb        0x17c build/PIC24FJ64GB002_PIM/debug/usb/src/usb_host_midi.o
 .debug_line      0x001047         0xb2 build/PIC24FJ64GB002_PIM/debug/usb/src/usb_host_config.o
 .debug_line      0x0010f9        0x141 build/PIC24FJ64GB002_PIM/debug/src/app_host_midi_basic.o
 .debug_line      0x00123a        0x177 build/PIC24FJ64GB002_PIM/debug/src/leds.o
 .debug_line      0x0013b1        0x10a build/PIC24FJ64GB002_PIM/debug/src/main.o
 .debug_line      0x0014bb        0x16c build/PIC24FJ64GB002_PIM/debug/src/system.o
 .debug_line      0x001627        0x121 build/PIC24FJ64GB002_PIM/debug/src/timer.o
 .debug_line      0x001748        0x1a0 build/PIC24FJ64GB002_PIM/debug/src/app_device_midi_basic.o
 .debug_line      0x0018e8        0x18a build/PIC24FJ64GB002_PIM/debug/midi_jack.o

.debug_frame      0x000000        0xae8
 *(.debug_frame)
 .debug_frame     0x000000        0x1f6 build/PIC24FJ64GB002_PIM/debug/usb/src/usb_device.o
 .debug_frame     0x0001f6         0x24 build/PIC24FJ64GB002_PIM/debug/usb/src/usb_events.o
 .debug_frame     0x00021a        0x3be build/PIC24FJ64GB002_PIM/debug/usb/src/usb_host.o
 .debug_frame     0x0005d8         0x9e build/PIC24FJ64GB002_PIM/debug/usb/src/usb_host_midi.o
 .debug_frame     0x000676         0x68 build/PIC24FJ64GB002_PIM/debug/src/app_host_midi_basic.o
 .debug_frame     0x0006de        0x144 build/PIC24FJ64GB002_PIM/debug/src/leds.o
 .debug_frame     0x000822         0x5a build/PIC24FJ64GB002_PIM/debug/src/main.o
 .debug_frame     0x00087c         0xb8 build/PIC24FJ64GB002_PIM/debug/src/system.o
 .debug_frame     0x000934         0xf0 build/PIC24FJ64GB002_PIM/debug/src/timer.o
 .debug_frame     0x000a24         0x80 build/PIC24FJ64GB002_PIM/debug/src/app_device_midi_basic.o
 .debug_frame     0x000aa4         0x44 build/PIC24FJ64GB002_PIM/debug/midi_jack.o

.debug_str        0x000000        0x957
 *(.debug_str)
 .debug_str       0x000000        0x2ae build/PIC24FJ64GB002_PIM/debug/usb/src/usb_device.o
 .debug_str       0x0002ae         0x2a build/PIC24FJ64GB002_PIM/debug/usb/src/usb_descriptors.o
 .debug_str       0x0002d8        0x25f build/PIC24FJ64GB002_PIM/debug/usb/src/usb_host.o
 .debug_str       0x000537         0x54 build/PIC24FJ64GB002_PIM/debug/usb/src/usb_host_midi.o
 .debug_str       0x00058b         0x87 build/PIC24FJ64GB002_PIM/debug/src/app_host_midi_basic.o
 .debug_str       0x000612         0x2b build/PIC24FJ64GB002_PIM/debug/src/leds.o
 .debug_str       0x00063d         0x2c build/PIC24FJ64GB002_PIM/debug/src/main.o
 .debug_str       0x000669         0x5d build/PIC24FJ64GB002_PIM/debug/src/system.o
 .debug_str       0x0006c6         0x6b build/PIC24FJ64GB002_PIM/debug/src/timer.o
 .debug_str       0x000731         0xeb build/PIC24FJ64GB002_PIM/debug/src/app_device_midi_basic.o
 .debug_str       0x00081c        0x13b build/PIC24FJ64GB002_PIM/debug/midi_jack.o

.debug_loc
 *(.debug_loc)

.debug_macinfo
 *(.debug_macinfo)

.debug_pubnames
                  0x000000        0xfd2
 *(.debug_pubnames)
 .debug_pubnames
                  0x000000        0x37b build/PIC24FJ64GB002_PIM/debug/usb/src/usb_device.o
 .debug_pubnames
                  0x00037b         0x73 build/PIC24FJ64GB002_PIM/debug/usb/src/usb_descriptors.o
 .debug_pubnames
                  0x0003ee         0x36 build/PIC24FJ64GB002_PIM/debug/usb/src/usb_events.o
 .debug_pubnames
                  0x000424        0x40b build/PIC24FJ64GB002_PIM/debug/usb/src/usb_host.o
 .debug_pubnames
                  0x00082f         0x6b build/PIC24FJ64GB002_PIM/debug/usb/src/usb_host_midi.o
 .debug_pubnames
                  0x00089a         0x33 build/PIC24FJ64GB002_PIM/debug/usb/src/usb_host_config.o
 .debug_pubnames
                  0x0008cd        0x135 build/PIC24FJ64GB002_PIM/debug/src/app_host_midi_basic.o
 .debug_pubnames
                  0x000a02        0x13f build/PIC24FJ64GB002_PIM/debug/src/leds.o
 .debug_pubnames
                  0x000b41         0x56 build/PIC24FJ64GB002_PIM/debug/src/main.o
 .debug_pubnames
                  0x000b97         0x86 build/PIC24FJ64GB002_PIM/debug/src/system.o
 .debug_pubnames
                  0x000c1d         0x95 build/PIC24FJ64GB002_PIM/debug/src/timer.o
 .debug_pubnames
                  0x000cb2        0x168 build/PIC24FJ64GB002_PIM/debug/src/app_device_midi_basic.o
 .debug_pubnames
                  0x000e1a        0x1b8 build/PIC24FJ64GB002_PIM/debug/midi_jack.o

.debug_ranges
 *(.debug_ranges)

.debug_aranges    0x000000        0x108
 *(.debug_aranges)
 .debug_aranges
                  0x000000         0x18 build/PIC24FJ64GB002_PIM/debug/usb/src/usb_device.o
 .debug_aranges
                  0x000018         0x18 build/PIC24FJ64GB002_PIM/debug/usb/src/usb_events.o
 .debug_aranges
                  0x000030         0x18 build/PIC24FJ64GB002_PIM/debug/usb/src/usb_host.o
 .debug_aranges
                  0x000048         0x18 build/PIC24FJ64GB002_PIM/debug/usb/src/usb_host_midi.o
 .debug_aranges
                  0x000060         0x18 build/PIC24FJ64GB002_PIM/debug/src/app_host_midi_basic.o
 .debug_aranges
                  0x000078         0x18 build/PIC24FJ64GB002_PIM/debug/src/leds.o
 .debug_aranges
                  0x000090         0x18 build/PIC24FJ64GB002_PIM/debug/src/main.o
 .debug_aranges
                  0x0000a8         0x18 build/PIC24FJ64GB002_PIM/debug/src/system.o
 .debug_aranges
                  0x0000c0         0x18 build/PIC24FJ64GB002_PIM/debug/src/timer.o
 .debug_aranges
                  0x0000d8         0x18 build/PIC24FJ64GB002_PIM/debug/src/app_device_midi_basic.o
 .debug_aranges
                  0x0000f0         0x18 build/PIC24FJ64GB002_PIM/debug/midi_jack.o
                    0x0000                  WREG0 = 0x0
                    0x0000                  _WREG0 = 0x0
                    0x0002                  WREG1 = 0x2
                    0x0002                  _WREG1 = 0x2
                    0x0004                  WREG2 = 0x4
                    0x0004                  _WREG2 = 0x4
                    0x0006                  WREG3 = 0x6
                    0x0006                  _WREG3 = 0x6
                    0x0008                  WREG4 = 0x8
                    0x0008                  _WREG4 = 0x8
                    0x000a                  WREG5 = 0xa
                    0x000a                  _WREG5 = 0xa
                    0x000c                  WREG6 = 0xc
                    0x000c                  _WREG6 = 0xc
                    0x000e                  WREG7 = 0xe
                    0x000e                  _WREG7 = 0xe
                    0x0010                  WREG8 = 0x10
                    0x0010                  _WREG8 = 0x10
                    0x0012                  WREG9 = 0x12
                    0x0012                  _WREG9 = 0x12
                    0x0014                  WREG10 = 0x14
                    0x0014                  _WREG10 = 0x14
                    0x0016                  WREG11 = 0x16
                    0x0016                  _WREG11 = 0x16
                    0x0018                  WREG12 = 0x18
                    0x0018                  _WREG12 = 0x18
                    0x001a                  WREG13 = 0x1a
                    0x001a                  _WREG13 = 0x1a
                    0x001c                  WREG14 = 0x1c
                    0x001c                  _WREG14 = 0x1c
                    0x001e                  WREG15 = 0x1e
                    0x001e                  _WREG15 = 0x1e
                    0x0020                  SPLIM = 0x20
                    0x0020                  _SPLIM = 0x20
                    0x002e                  PCL = 0x2e
                    0x002e                  _PCL = 0x2e
                    0x0030                  PCH = 0x30
                    0x0030                  _PCH = 0x30
                    0x0032                  TBLPAG = 0x32
                    0x0032                  _TBLPAG = 0x32
                    0x0034                  PSVPAG = 0x34
                    0x0034                  _PSVPAG = 0x34
                    0x0036                  RCOUNT = 0x36
                    0x0036                  _RCOUNT = 0x36
                    0x0042                  SR = 0x42
                    0x0042                  _SR = 0x42
                    0x0042                  _SRbits = 0x42
                    0x0044                  CORCON = 0x44
                    0x0044                  _CORCON = 0x44
                    0x0044                  _CORCONbits = 0x44
                    0x0052                  DISICNT = 0x52
                    0x0052                  _DISICNT = 0x52
                    0x0060                  CNEN1 = 0x60
                    0x0060                  _CNEN1 = 0x60
                    0x0060                  _CNEN1bits = 0x60
                    0x0062                  CNEN2 = 0x62
                    0x0062                  _CNEN2 = 0x62
                    0x0062                  _CNEN2bits = 0x62
                    0x0068                  CNPU1 = 0x68
                    0x0068                  _CNPU1 = 0x68
                    0x0068                  _CNPU1bits = 0x68
                    0x006a                  CNPU2 = 0x6a
                    0x006a                  _CNPU2 = 0x6a
                    0x006a                  _CNPU2bits = 0x6a
                    0x0080                  INTCON1 = 0x80
                    0x0080                  _INTCON1 = 0x80
                    0x0080                  _INTCON1bits = 0x80
                    0x0082                  INTCON2 = 0x82
                    0x0082                  _INTCON2 = 0x82
                    0x0082                  _INTCON2bits = 0x82
                    0x0084                  IFS0 = 0x84
                    0x0084                  _IFS0 = 0x84
                    0x0084                  _IFS0bits = 0x84
                    0x0086                  IFS1 = 0x86
                    0x0086                  _IFS1 = 0x86
                    0x0086                  _IFS1bits = 0x86
                    0x0088                  IFS2 = 0x88
                    0x0088                  _IFS2 = 0x88
                    0x0088                  _IFS2bits = 0x88
                    0x008a                  IFS3 = 0x8a
                    0x008a                  _IFS3 = 0x8a
                    0x008a                  _IFS3bits = 0x8a
                    0x008c                  IFS4 = 0x8c
                    0x008c                  _IFS4 = 0x8c
                    0x008c                  _IFS4bits = 0x8c
                    0x008e                  IFS5 = 0x8e
                    0x008e                  _IFS5 = 0x8e
                    0x008e                  _IFS5bits = 0x8e
                    0x0094                  IEC0 = 0x94
                    0x0094                  _IEC0 = 0x94
                    0x0094                  _IEC0bits = 0x94
                    0x0096                  IEC1 = 0x96
                    0x0096                  _IEC1 = 0x96
                    0x0096                  _IEC1bits = 0x96
                    0x0098                  IEC2 = 0x98
                    0x0098                  _IEC2 = 0x98
                    0x0098                  _IEC2bits = 0x98
                    0x009a                  IEC3 = 0x9a
                    0x009a                  _IEC3 = 0x9a
                    0x009a                  _IEC3bits = 0x9a
                    0x009c                  IEC4 = 0x9c
                    0x009c                  _IEC4 = 0x9c
                    0x009c                  _IEC4bits = 0x9c
                    0x009e                  IEC5 = 0x9e
                    0x009e                  _IEC5 = 0x9e
                    0x009e                  _IEC5bits = 0x9e
                    0x00a4                  IPC0 = 0xa4
                    0x00a4                  _IPC0 = 0xa4
                    0x00a4                  _IPC0bits = 0xa4
                    0x00a6                  IPC1 = 0xa6
                    0x00a6                  _IPC1 = 0xa6
                    0x00a6                  _IPC1bits = 0xa6
                    0x00a8                  IPC2 = 0xa8
                    0x00a8                  _IPC2 = 0xa8
                    0x00a8                  _IPC2bits = 0xa8
                    0x00aa                  IPC3 = 0xaa
                    0x00aa                  _IPC3 = 0xaa
                    0x00aa                  _IPC3bits = 0xaa
                    0x00ac                  IPC4 = 0xac
                    0x00ac                  _IPC4 = 0xac
                    0x00ac                  _IPC4bits = 0xac
                    0x00ae                  IPC5 = 0xae
                    0x00ae                  _IPC5 = 0xae
                    0x00ae                  _IPC5bits = 0xae
                    0x00b0                  IPC6 = 0xb0
                    0x00b0                  _IPC6 = 0xb0
                    0x00b0                  _IPC6bits = 0xb0
                    0x00b2                  IPC7 = 0xb2
                    0x00b2                  _IPC7 = 0xb2
                    0x00b2                  _IPC7bits = 0xb2
                    0x00b4                  IPC8 = 0xb4
                    0x00b4                  _IPC8 = 0xb4
                    0x00b4                  _IPC8bits = 0xb4
                    0x00b6                  IPC9 = 0xb6
                    0x00b6                  _IPC9 = 0xb6
                    0x00b6                  _IPC9bits = 0xb6
                    0x00b8                  IPC10 = 0xb8
                    0x00b8                  _IPC10 = 0xb8
                    0x00b8                  _IPC10bits = 0xb8
                    0x00ba                  IPC11 = 0xba
                    0x00ba                  _IPC11 = 0xba
                    0x00ba                  _IPC11bits = 0xba
                    0x00bc                  IPC12 = 0xbc
                    0x00bc                  _IPC12 = 0xbc
                    0x00bc                  _IPC12bits = 0xbc
                    0x00c2                  IPC15 = 0xc2
                    0x00c2                  _IPC15 = 0xc2
                    0x00c2                  _IPC15bits = 0xc2
                    0x00c4                  IPC16 = 0xc4
                    0x00c4                  _IPC16 = 0xc4
                    0x00c4                  _IPC16bits = 0xc4
                    0x00c8                  IPC18 = 0xc8
                    0x00c8                  _IPC18 = 0xc8
                    0x00c8                  _IPC18bits = 0xc8
                    0x00ca                  IPC19 = 0xca
                    0x00ca                  _IPC19 = 0xca
                    0x00ca                  _IPC19bits = 0xca
                    0x00ce                  IPC21 = 0xce
                    0x00ce                  _IPC21 = 0xce
                    0x00ce                  _IPC21bits = 0xce
                    0x00e0                  INTTREG = 0xe0
                    0x00e0                  _INTTREG = 0xe0
                    0x00e0                  _INTTREGbits = 0xe0
                    0x0100                  TMR1 = 0x100
                    0x0100                  _TMR1 = 0x100
                    0x0102                  PR1 = 0x102
                    0x0102                  _PR1 = 0x102
                    0x0104                  T1CON = 0x104
                    0x0104                  _T1CON = 0x104
                    0x0104                  _T1CONbits = 0x104
                    0x0106                  TMR2 = 0x106
                    0x0106                  _TMR2 = 0x106
                    0x0108                  TMR3HLD = 0x108
                    0x0108                  _TMR3HLD = 0x108
                    0x010a                  TMR3 = 0x10a
                    0x010a                  _TMR3 = 0x10a
                    0x010c                  PR2 = 0x10c
                    0x010c                  _PR2 = 0x10c
                    0x010e                  PR3 = 0x10e
                    0x010e                  _PR3 = 0x10e
                    0x0110                  T2CON = 0x110
                    0x0110                  _T2CON = 0x110
                    0x0110                  _T2CONbits = 0x110
                    0x0112                  T3CON = 0x112
                    0x0112                  _T3CON = 0x112
                    0x0112                  _T3CONbits = 0x112
                    0x0114                  TMR4 = 0x114
                    0x0114                  _TMR4 = 0x114
                    0x0116                  TMR5HLD = 0x116
                    0x0116                  _TMR5HLD = 0x116
                    0x0118                  TMR5 = 0x118
                    0x0118                  _TMR5 = 0x118
                    0x011a                  PR4 = 0x11a
                    0x011a                  _PR4 = 0x11a
                    0x011c                  PR5 = 0x11c
                    0x011c                  _PR5 = 0x11c
                    0x011e                  T4CON = 0x11e
                    0x011e                  _T4CON = 0x11e
                    0x011e                  _T4CONbits = 0x11e
                    0x0120                  T5CON = 0x120
                    0x0120                  _T5CON = 0x120
                    0x0120                  _T5CONbits = 0x120
                    0x0140                  IC1CON1 = 0x140
                    0x0140                  _IC1CON1 = 0x140
                    0x0140                  _IC1CON1bits = 0x140
                    0x0142                  IC1CON2 = 0x142
                    0x0142                  _IC1CON2 = 0x142
                    0x0142                  _IC1CON2bits = 0x142
                    0x0144                  IC1BUF = 0x144
                    0x0144                  _IC1BUF = 0x144
                    0x0146                  IC1TMR = 0x146
                    0x0146                  _IC1TMR = 0x146
                    0x0148                  IC2CON1 = 0x148
                    0x0148                  _IC2CON1 = 0x148
                    0x0148                  _IC2CON1bits = 0x148
                    0x014a                  IC2CON2 = 0x14a
                    0x014a                  _IC2CON2 = 0x14a
                    0x014a                  _IC2CON2bits = 0x14a
                    0x014c                  IC2BUF = 0x14c
                    0x014c                  _IC2BUF = 0x14c
                    0x014e                  IC2TMR = 0x14e
                    0x014e                  _IC2TMR = 0x14e
                    0x0150                  IC3CON1 = 0x150
                    0x0150                  _IC3CON1 = 0x150
                    0x0150                  _IC3CON1bits = 0x150
                    0x0152                  IC3CON2 = 0x152
                    0x0152                  _IC3CON2 = 0x152
                    0x0152                  _IC3CON2bits = 0x152
                    0x0154                  IC3BUF = 0x154
                    0x0154                  _IC3BUF = 0x154
                    0x0156                  IC3TMR = 0x156
                    0x0156                  _IC3TMR = 0x156
                    0x0158                  IC4CON1 = 0x158
                    0x0158                  _IC4CON1 = 0x158
                    0x0158                  _IC4CON1bits = 0x158
                    0x015a                  IC4CON2 = 0x15a
                    0x015a                  _IC4CON2 = 0x15a
                    0x015a                  _IC4CON2bits = 0x15a
                    0x015c                  IC4BUF = 0x15c
                    0x015c                  _IC4BUF = 0x15c
                    0x015e                  IC4TMR = 0x15e
                    0x015e                  _IC4TMR = 0x15e
                    0x0160                  IC5CON1 = 0x160
                    0x0160                  _IC5CON1 = 0x160
                    0x0160                  _IC5CON1bits = 0x160
                    0x0162                  IC5CON2 = 0x162
                    0x0162                  _IC5CON2 = 0x162
                    0x0162                  _IC5CON2bits = 0x162
                    0x0164                  IC5BUF = 0x164
                    0x0164                  _IC5BUF = 0x164
                    0x0166                  IC5TMR = 0x166
                    0x0166                  _IC5TMR = 0x166
                    0x0190                  OC1CON1 = 0x190
                    0x0190                  _OC1CON1 = 0x190
                    0x0190                  _OC1CON1bits = 0x190
                    0x0192                  OC1CON2 = 0x192
                    0x0192                  _OC1CON2 = 0x192
                    0x0192                  _OC1CON2bits = 0x192
                    0x0194                  OC1RS = 0x194
                    0x0194                  _OC1RS = 0x194
                    0x0196                  OC1R = 0x196
                    0x0196                  _OC1R = 0x196
                    0x0198                  OC1TMR = 0x198
                    0x0198                  _OC1TMR = 0x198
                    0x019a                  OC2CON1 = 0x19a
                    0x019a                  _OC2CON1 = 0x19a
                    0x019a                  _OC2CON1bits = 0x19a
                    0x019c                  OC2CON2 = 0x19c
                    0x019c                  _OC2CON2 = 0x19c
                    0x019c                  _OC2CON2bits = 0x19c
                    0x019e                  OC2RS = 0x19e
                    0x019e                  _OC2RS = 0x19e
                    0x01a0                  OC2R = 0x1a0
                    0x01a0                  _OC2R = 0x1a0
                    0x01a2                  OC2TMR = 0x1a2
                    0x01a2                  _OC2TMR = 0x1a2
                    0x01a4                  OC3CON1 = 0x1a4
                    0x01a4                  _OC3CON1 = 0x1a4
                    0x01a4                  _OC3CON1bits = 0x1a4
                    0x01a6                  OC3CON2 = 0x1a6
                    0x01a6                  _OC3CON2 = 0x1a6
                    0x01a6                  _OC3CON2bits = 0x1a6
                    0x01a8                  OC3RS = 0x1a8
                    0x01a8                  _OC3RS = 0x1a8
                    0x01aa                  OC3R = 0x1aa
                    0x01aa                  _OC3R = 0x1aa
                    0x01ac                  OC3TMR = 0x1ac
                    0x01ac                  _OC3TMR = 0x1ac
                    0x01ae                  OC4CON1 = 0x1ae
                    0x01ae                  _OC4CON1 = 0x1ae
                    0x01ae                  _OC4CON1bits = 0x1ae
                    0x01b0                  OC4CON2 = 0x1b0
                    0x01b0                  _OC4CON2 = 0x1b0
                    0x01b0                  _OC4CON2bits = 0x1b0
                    0x01b2                  OC4RS = 0x1b2
                    0x01b2                  _OC4RS = 0x1b2
                    0x01b4                  OC4R = 0x1b4
                    0x01b4                  _OC4R = 0x1b4
                    0x01b6                  OC4TMR = 0x1b6
                    0x01b6                  _OC4TMR = 0x1b6
                    0x01b8                  OC5CON1 = 0x1b8
                    0x01b8                  _OC5CON1 = 0x1b8
                    0x01b8                  _OC5CON1bits = 0x1b8
                    0x01ba                  OC5CON2 = 0x1ba
                    0x01ba                  _OC5CON2 = 0x1ba
                    0x01ba                  _OC5CON2bits = 0x1ba
                    0x01bc                  OC5RS = 0x1bc
                    0x01bc                  _OC5RS = 0x1bc
                    0x01be                  OC5R = 0x1be
                    0x01be                  _OC5R = 0x1be
                    0x01c0                  OC5TMR = 0x1c0
                    0x01c0                  _OC5TMR = 0x1c0
                    0x0200                  I2C1RCV = 0x200
                    0x0200                  _I2C1RCV = 0x200
                    0x0202                  I2C1TRN = 0x202
                    0x0202                  _I2C1TRN = 0x202
                    0x0204                  I2C1BRG = 0x204
                    0x0204                  _I2C1BRG = 0x204
                    0x0206                  I2C1CON = 0x206
                    0x0206                  _I2C1CON = 0x206
                    0x0206                  _I2C1CONbits = 0x206
                    0x0208                  I2C1STAT = 0x208
                    0x0208                  _I2C1STAT = 0x208
                    0x0208                  _I2C1STATbits = 0x208
                    0x020a                  I2C1ADD = 0x20a
                    0x020a                  _I2C1ADD = 0x20a
                    0x020c                  I2C1MSK = 0x20c
                    0x020c                  _I2C1MSK = 0x20c
                    0x0210                  I2C2RCV = 0x210
                    0x0210                  _I2C2RCV = 0x210
                    0x0212                  I2C2TRN = 0x212
                    0x0212                  _I2C2TRN = 0x212
                    0x0214                  I2C2BRG = 0x214
                    0x0214                  _I2C2BRG = 0x214
                    0x0216                  I2C2CON = 0x216
                    0x0216                  _I2C2CON = 0x216
                    0x0216                  _I2C2CONbits = 0x216
                    0x0218                  I2C2STAT = 0x218
                    0x0218                  _I2C2STAT = 0x218
                    0x0218                  _I2C2STATbits = 0x218
                    0x021a                  I2C2ADD = 0x21a
                    0x021a                  _I2C2ADD = 0x21a
                    0x021c                  I2C2MSK = 0x21c
                    0x021c                  _I2C2MSK = 0x21c
                    0x0220                  U1MODE = 0x220
                    0x0220                  _U1MODE = 0x220
                    0x0220                  _U1MODEbits = 0x220
                    0x0222                  U1STA = 0x222
                    0x0222                  _U1STA = 0x222
                    0x0222                  _U1STAbits = 0x222
                    0x0224                  U1TXREG = 0x224
                    0x0224                  _U1TXREG = 0x224
                    0x0224                  _U1TXREGbits = 0x224
                    0x0226                  U1RXREG = 0x226
                    0x0226                  _U1RXREG = 0x226
                    0x0226                  _U1RXREGbits = 0x226
                    0x0228                  U1BRG = 0x228
                    0x0228                  _U1BRG = 0x228
                    0x0230                  U2MODE = 0x230
                    0x0230                  _U2MODE = 0x230
                    0x0230                  _U2MODEbits = 0x230
                    0x0232                  U2STA = 0x232
                    0x0232                  _U2STA = 0x232
                    0x0232                  _U2STAbits = 0x232
                    0x0234                  U2TXREG = 0x234
                    0x0234                  _U2TXREG = 0x234
                    0x0234                  _U2TXREGbits = 0x234
                    0x0236                  U2RXREG = 0x236
                    0x0236                  _U2RXREG = 0x236
                    0x0236                  _U2RXREGbits = 0x236
                    0x0238                  U2BRG = 0x238
                    0x0238                  _U2BRG = 0x238
                    0x0240                  SPI1STAT = 0x240
                    0x0240                  _SPI1STAT = 0x240
                    0x0240                  _SPI1STATbits = 0x240
                    0x0242                  SPI1CON1 = 0x242
                    0x0242                  _SPI1CON1 = 0x242
                    0x0242                  _SPI1CON1bits = 0x242
                    0x0244                  SPI1CON2 = 0x244
                    0x0244                  _SPI1CON2 = 0x244
                    0x0244                  _SPI1CON2bits = 0x244
                    0x0248                  SPI1BUF = 0x248
                    0x0248                  _SPI1BUF = 0x248
                    0x0260                  SPI2STAT = 0x260
                    0x0260                  _SPI2STAT = 0x260
                    0x0260                  _SPI2STATbits = 0x260
                    0x0262                  SPI2CON1 = 0x262
                    0x0262                  _SPI2CON1 = 0x262
                    0x0262                  _SPI2CON1bits = 0x262
                    0x0264                  SPI2CON2 = 0x264
                    0x0264                  _SPI2CON2 = 0x264
                    0x0264                  _SPI2CON2bits = 0x264
                    0x0268                  SPI2BUF = 0x268
                    0x0268                  _SPI2BUF = 0x268
                    0x02c0                  TRISA = 0x2c0
                    0x02c0                  _TRISA = 0x2c0
                    0x02c0                  _TRISAbits = 0x2c0
                    0x02c2                  PORTA = 0x2c2
                    0x02c2                  _PORTA = 0x2c2
                    0x02c2                  _PORTAbits = 0x2c2
                    0x02c4                  LATA = 0x2c4
                    0x02c4                  _LATA = 0x2c4
                    0x02c4                  _LATAbits = 0x2c4
                    0x02c6                  ODCA = 0x2c6
                    0x02c6                  _ODCA = 0x2c6
                    0x02c6                  _ODCAbits = 0x2c6
                    0x02c8                  TRISB = 0x2c8
                    0x02c8                  _TRISB = 0x2c8
                    0x02c8                  _TRISBbits = 0x2c8
                    0x02ca                  PORTB = 0x2ca
                    0x02ca                  _PORTB = 0x2ca
                    0x02ca                  _PORTBbits = 0x2ca
                    0x02cc                  LATB = 0x2cc
                    0x02cc                  _LATB = 0x2cc
                    0x02cc                  _LATBbits = 0x2cc
                    0x02ce                  ODCB = 0x2ce
                    0x02ce                  _ODCB = 0x2ce
                    0x02ce                  _ODCBbits = 0x2ce
                    0x02fc                  PADCFG1 = 0x2fc
                    0x02fc                  _PADCFG1 = 0x2fc
                    0x02fc                  _PADCFG1bits = 0x2fc
                    0x0300                  ADC1BUF0 = 0x300
                    0x0300                  _ADC1BUF0 = 0x300
                    0x0302                  ADC1BUF1 = 0x302
                    0x0302                  _ADC1BUF1 = 0x302
                    0x0304                  ADC1BUF2 = 0x304
                    0x0304                  _ADC1BUF2 = 0x304
                    0x0306                  ADC1BUF3 = 0x306
                    0x0306                  _ADC1BUF3 = 0x306
                    0x0308                  ADC1BUF4 = 0x308
                    0x0308                  _ADC1BUF4 = 0x308
                    0x030a                  ADC1BUF5 = 0x30a
                    0x030a                  _ADC1BUF5 = 0x30a
                    0x030c                  ADC1BUF6 = 0x30c
                    0x030c                  _ADC1BUF6 = 0x30c
                    0x030e                  ADC1BUF7 = 0x30e
                    0x030e                  _ADC1BUF7 = 0x30e
                    0x0310                  ADC1BUF8 = 0x310
                    0x0310                  _ADC1BUF8 = 0x310
                    0x0312                  ADC1BUF9 = 0x312
                    0x0312                  _ADC1BUF9 = 0x312
                    0x0314                  ADC1BUFA = 0x314
                    0x0314                  _ADC1BUFA = 0x314
                    0x0316                  ADC1BUFB = 0x316
                    0x0316                  _ADC1BUFB = 0x316
                    0x0318                  ADC1BUFC = 0x318
                    0x0318                  _ADC1BUFC = 0x318
                    0x031a                  ADC1BUFD = 0x31a
                    0x031a                  _ADC1BUFD = 0x31a
                    0x031c                  ADC1BUFE = 0x31c
                    0x031c                  _ADC1BUFE = 0x31c
                    0x031e                  ADC1BUFF = 0x31e
                    0x031e                  _ADC1BUFF = 0x31e
                    0x0320                  AD1CON1 = 0x320
                    0x0320                  _AD1CON1 = 0x320
                    0x0320                  _AD1CON1bits = 0x320
                    0x0322                  AD1CON2 = 0x322
                    0x0322                  _AD1CON2 = 0x322
                    0x0322                  _AD1CON2bits = 0x322
                    0x0324                  AD1CON3 = 0x324
                    0x0324                  _AD1CON3 = 0x324
                    0x0324                  _AD1CON3bits = 0x324
                    0x0328                  AD1CHS = 0x328
                    0x0328                  _AD1CHS = 0x328
                    0x0328                  _AD1CHSbits = 0x328
                    0x0328                  AD1CHS0 = 0x328
                    0x0328                  _AD1CHS0 = 0x328
                    0x0328                  _AD1CHS0bits = 0x328
                    0x032c                  AD1PCFG = 0x32c
                    0x032c                  _AD1PCFG = 0x32c
                    0x032c                  _AD1PCFGbits = 0x32c
                    0x032c                  AD1PCFGL = 0x32c
                    0x032c                  _AD1PCFGL = 0x32c
                    0x032c                  _AD1PCFGLbits = 0x32c
                    0x0330                  AD1CSSL = 0x330
                    0x0330                  _AD1CSSL = 0x330
                    0x0330                  _AD1CSSLbits = 0x330
                    0x033c                  CTMUCON = 0x33c
                    0x033c                  _CTMUCON = 0x33c
                    0x033c                  _CTMUCONbits = 0x33c
                    0x033e                  CTMUICON = 0x33e
                    0x033e                  _CTMUICON = 0x33e
                    0x033e                  _CTMUICONbits = 0x33e
                    0x0480                  U1OTGIR = 0x480
                    0x0480                  _U1OTGIR = 0x480
                    0x0480                  _U1OTGIRbits = 0x480
                    0x0482                  U1OTGIE = 0x482
                    0x0482                  _U1OTGIE = 0x482
                    0x0482                  _U1OTGIEbits = 0x482
                    0x0484                  U1OTGSTAT = 0x484
                    0x0484                  _U1OTGSTAT = 0x484
                    0x0484                  _U1OTGSTATbits = 0x484
                    0x0486                  U1OTGCON = 0x486
                    0x0486                  _U1OTGCON = 0x486
                    0x0486                  _U1OTGCONbits = 0x486
                    0x0488                  U1PWRC = 0x488
                    0x0488                  _U1PWRC = 0x488
                    0x0488                  _U1PWRCbits = 0x488
                    0x048a                  U1IR = 0x48a
                    0x048a                  _U1IR = 0x48a
                    0x048a                  _U1IRbits = 0x48a
                    0x048c                  U1IE = 0x48c
                    0x048c                  _U1IE = 0x48c
                    0x048c                  _U1IEbits = 0x48c
                    0x048e                  U1EIR = 0x48e
                    0x048e                  _U1EIR = 0x48e
                    0x048e                  _U1EIRbits = 0x48e
                    0x0490                  U1EIE = 0x490
                    0x0490                  _U1EIE = 0x490
                    0x0490                  _U1EIEbits = 0x490
                    0x0492                  U1STAT = 0x492
                    0x0492                  _U1STAT = 0x492
                    0x0492                  _U1STATbits = 0x492
                    0x0494                  U1CON = 0x494
                    0x0494                  _U1CON = 0x494
                    0x0494                  _U1CONbits = 0x494
                    0x0496                  U1ADDR = 0x496
                    0x0496                  _U1ADDR = 0x496
                    0x0496                  _U1ADDRbits = 0x496
                    0x0498                  U1BDTP1 = 0x498
                    0x0498                  _U1BDTP1 = 0x498
                    0x0498                  _U1BDTP1bits = 0x498
                    0x049a                  U1FRML = 0x49a
                    0x049a                  _U1FRML = 0x49a
                    0x049a                  _U1FRMLbits = 0x49a
                    0x049c                  U1FRMH = 0x49c
                    0x049c                  _U1FRMH = 0x49c
                    0x049c                  _U1FRMHbits = 0x49c
                    0x049e                  U1TOK = 0x49e
                    0x049e                  _U1TOK = 0x49e
                    0x049e                  _U1TOKbits = 0x49e
                    0x04a0                  U1SOF = 0x4a0
                    0x04a0                  _U1SOF = 0x4a0
                    0x04a0                  _U1SOFbits = 0x4a0
                    0x04a6                  U1CNFG1 = 0x4a6
                    0x04a6                  _U1CNFG1 = 0x4a6
                    0x04a6                  _U1CNFG1bits = 0x4a6
                    0x04a8                  U1CNFG2 = 0x4a8
                    0x04a8                  _U1CNFG2 = 0x4a8
                    0x04a8                  _U1CNFG2bits = 0x4a8
                    0x04aa                  U1EP0 = 0x4aa
                    0x04aa                  _U1EP0 = 0x4aa
                    0x04aa                  _U1EP0bits = 0x4aa
                    0x04ac                  U1EP1 = 0x4ac
                    0x04ac                  _U1EP1 = 0x4ac
                    0x04ac                  _U1EP1bits = 0x4ac
                    0x04ae                  U1EP2 = 0x4ae
                    0x04ae                  _U1EP2 = 0x4ae
                    0x04ae                  _U1EP2bits = 0x4ae
                    0x04b0                  U1EP3 = 0x4b0
                    0x04b0                  _U1EP3 = 0x4b0
                    0x04b0                  _U1EP3bits = 0x4b0
                    0x04b2                  U1EP4 = 0x4b2
                    0x04b2                  _U1EP4 = 0x4b2
                    0x04b2                  _U1EP4bits = 0x4b2
                    0x04b4                  U1EP5 = 0x4b4
                    0x04b4                  _U1EP5 = 0x4b4
                    0x04b4                  _U1EP5bits = 0x4b4
                    0x04b6                  U1EP6 = 0x4b6
                    0x04b6                  _U1EP6 = 0x4b6
                    0x04b6                  _U1EP6bits = 0x4b6
                    0x04b8                  U1EP7 = 0x4b8
                    0x04b8                  _U1EP7 = 0x4b8
                    0x04b8                  _U1EP7bits = 0x4b8
                    0x04ba                  U1EP8 = 0x4ba
                    0x04ba                  _U1EP8 = 0x4ba
                    0x04ba                  _U1EP8bits = 0x4ba
                    0x04bc                  U1EP9 = 0x4bc
                    0x04bc                  _U1EP9 = 0x4bc
                    0x04bc                  _U1EP9bits = 0x4bc
                    0x04be                  U1EP10 = 0x4be
                    0x04be                  _U1EP10 = 0x4be
                    0x04be                  _U1EP10bits = 0x4be
                    0x04c0                  U1EP11 = 0x4c0
                    0x04c0                  _U1EP11 = 0x4c0
                    0x04c0                  _U1EP11bits = 0x4c0
                    0x04c2                  U1EP12 = 0x4c2
                    0x04c2                  _U1EP12 = 0x4c2
                    0x04c2                  _U1EP12bits = 0x4c2
                    0x04c4                  U1EP13 = 0x4c4
                    0x04c4                  _U1EP13 = 0x4c4
                    0x04c4                  _U1EP13bits = 0x4c4
                    0x04c6                  U1EP14 = 0x4c6
                    0x04c6                  _U1EP14 = 0x4c6
                    0x04c6                  _U1EP14bits = 0x4c6
                    0x04c8                  U1EP15 = 0x4c8
                    0x04c8                  _U1EP15 = 0x4c8
                    0x04c8                  _U1EP15bits = 0x4c8
                    0x04cc                  U1PWMRRS = 0x4cc
                    0x04cc                  _U1PWMRRS = 0x4cc
                    0x04cc                  _U1PWMRRSbits = 0x4cc
                    0x04ce                  U1PWMCON = 0x4ce
                    0x04ce                  _U1PWMCON = 0x4ce
                    0x04ce                  _U1PWMCONbits = 0x4ce
                    0x0600                  PMCON = 0x600
                    0x0600                  _PMCON = 0x600
                    0x0600                  _PMCONbits = 0x600
                    0x0602                  PMMODE = 0x602
                    0x0602                  _PMMODE = 0x602
                    0x0602                  _PMMODEbits = 0x602
                    0x0604                  PMADDR = 0x604
                    0x0604                  _PMADDR = 0x604
                    0x0604                  _PMADDRbits = 0x604
                    0x0604                  PMDOUT1 = 0x604
                    0x0604                  _PMDOUT1 = 0x604
                    0x0604                  _PMDOUT1bits = 0x604
                    0x0606                  PMDOUT2 = 0x606
                    0x0606                  _PMDOUT2 = 0x606
                    0x0608                  PMDIN1 = 0x608
                    0x0608                  _PMDIN1 = 0x608
                    0x060a                  PMDIN2 = 0x60a
                    0x060a                  _PMDIN2 = 0x60a
                    0x060c                  PMAEN = 0x60c
                    0x060c                  _PMAEN = 0x60c
                    0x060c                  _PMAENbits = 0x60c
                    0x060e                  PMSTAT = 0x60e
                    0x060e                  _PMSTAT = 0x60e
                    0x060e                  _PMSTATbits = 0x60e
                    0x0620                  ALRMVAL = 0x620
                    0x0620                  _ALRMVAL = 0x620
                    0x0622                  ALCFGRPT = 0x622
                    0x0622                  _ALCFGRPT = 0x622
                    0x0622                  _ALCFGRPTbits = 0x622
                    0x0624                  RTCVAL = 0x624
                    0x0624                  _RTCVAL = 0x624
                    0x0626                  RCFGCAL = 0x626
                    0x0626                  _RCFGCAL = 0x626
                    0x0626                  _RCFGCALbits = 0x626
                    0x0640                  CRCCON = 0x640
                    0x0640                  _CRCCON = 0x640
                    0x0640                  _CRCCONbits = 0x640
                    0x0640                  CRCCON1 = 0x640
                    0x0640                  _CRCCON1 = 0x640
                    0x0640                  _CRCCON1bits = 0x640
                    0x0642                  CRCCON2 = 0x642
                    0x0642                  _CRCCON2 = 0x642
                    0x0642                  _CRCCON2bits = 0x642
                    0x0644                  CRCXOR = 0x644
                    0x0644                  _CRCXOR = 0x644
                    0x0644                  _CRCXORbits = 0x644
                    0x0644                  CRCXORL = 0x644
                    0x0644                  _CRCXORL = 0x644
                    0x0644                  _CRCXORLbits = 0x644
                    0x0646                  CRCXORH = 0x646
                    0x0646                  _CRCXORH = 0x646
                    0x0646                  _CRCXORHbits = 0x646
                    0x0648                  CRCDAT = 0x648
                    0x0648                  _CRCDAT = 0x648
                    0x0648                  CRCDAT32 = 0x648
                    0x0648                  _CRCDAT32 = 0x648
                    0x0648                  CRCDAT8 = 0x648
                    0x0648                  _CRCDAT8 = 0x648
                    0x0648                  CRCDATL = 0x648
                    0x0648                  _CRCDATL = 0x648
                    0x064a                  CRCDATH = 0x64a
                    0x064a                  _CRCDATH = 0x64a
                    0x064c                  CRCWDAT = 0x64c
                    0x064c                  _CRCWDAT = 0x64c
                    0x064c                  CRCWDATL = 0x64c
                    0x064c                  _CRCWDATL = 0x64c
                    0x064e                  CRCWDATH = 0x64e
                    0x064e                  _CRCWDATH = 0x64e
                    0x0650                  CMSTAT = 0x650
                    0x0650                  _CMSTAT = 0x650
                    0x0650                  _CMSTATbits = 0x650
                    0x0652                  CVRCON = 0x652
                    0x0652                  _CVRCON = 0x652
                    0x0652                  _CVRCONbits = 0x652
                    0x0654                  CM1CON = 0x654
                    0x0654                  _CM1CON = 0x654
                    0x0654                  _CM1CONbits = 0x654
                    0x065c                  CM2CON = 0x65c
                    0x065c                  _CM2CON = 0x65c
                    0x065c                  _CM2CONbits = 0x65c
                    0x0664                  CM3CON = 0x664
                    0x0664                  _CM3CON = 0x664
                    0x0664                  _CM3CONbits = 0x664
                    0x0680                  RPINR0 = 0x680
                    0x0680                  _RPINR0 = 0x680
                    0x0680                  _RPINR0bits = 0x680
                    0x0682                  RPINR1 = 0x682
                    0x0682                  _RPINR1 = 0x682
                    0x0682                  _RPINR1bits = 0x682
                    0x0686                  RPINR3 = 0x686
                    0x0686                  _RPINR3 = 0x686
                    0x0686                  _RPINR3bits = 0x686
                    0x0688                  RPINR4 = 0x688
                    0x0688                  _RPINR4 = 0x688
                    0x0688                  _RPINR4bits = 0x688
                    0x068e                  RPINR7 = 0x68e
                    0x068e                  _RPINR7 = 0x68e
                    0x068e                  _RPINR7bits = 0x68e
                    0x0690                  RPINR8 = 0x690
                    0x0690                  _RPINR8 = 0x690
                    0x0690                  _RPINR8bits = 0x690
                    0x0692                  RPINR9 = 0x692
                    0x0692                  _RPINR9 = 0x692
                    0x0692                  _RPINR9bits = 0x692
                    0x0696                  RPINR11 = 0x696
                    0x0696                  _RPINR11 = 0x696
                    0x0696                  _RPINR11bits = 0x696
                    0x06a4                  RPINR18 = 0x6a4
                    0x06a4                  _RPINR18 = 0x6a4
                    0x06a4                  _RPINR18bits = 0x6a4
                    0x06a6                  RPINR19 = 0x6a6
                    0x06a6                  _RPINR19 = 0x6a6
                    0x06a6                  _RPINR19bits = 0x6a6
                    0x06a8                  RPINR20 = 0x6a8
                    0x06a8                  _RPINR20 = 0x6a8
                    0x06a8                  _RPINR20bits = 0x6a8
                    0x06aa                  RPINR21 = 0x6aa
                    0x06aa                  _RPINR21 = 0x6aa
                    0x06aa                  _RPINR21bits = 0x6aa
                    0x06ac                  RPINR22 = 0x6ac
                    0x06ac                  _RPINR22 = 0x6ac
                    0x06ac                  _RPINR22bits = 0x6ac
                    0x06ae                  RPINR23 = 0x6ae
                    0x06ae                  _RPINR23 = 0x6ae
                    0x06ae                  _RPINR23bits = 0x6ae
                    0x06c0                  RPOR0 = 0x6c0
                    0x06c0                  _RPOR0 = 0x6c0
                    0x06c0                  _RPOR0bits = 0x6c0
                    0x06c2                  RPOR1 = 0x6c2
                    0x06c2                  _RPOR1 = 0x6c2
                    0x06c2                  _RPOR1bits = 0x6c2
                    0x06c4                  RPOR2 = 0x6c4
                    0x06c4                  _RPOR2 = 0x6c4
                    0x06c4                  _RPOR2bits = 0x6c4
                    0x06c6                  RPOR3 = 0x6c6
                    0x06c6                  _RPOR3 = 0x6c6
                    0x06c6                  _RPOR3bits = 0x6c6
                    0x06c8                  RPOR4 = 0x6c8
                    0x06c8                  _RPOR4 = 0x6c8
                    0x06c8                  _RPOR4bits = 0x6c8
                    0x06ca                  RPOR5 = 0x6ca
                    0x06ca                  _RPOR5 = 0x6ca
                    0x06ca                  _RPOR5bits = 0x6ca
                    0x06cc                  RPOR6 = 0x6cc
                    0x06cc                  _RPOR6 = 0x6cc
                    0x06cc                  _RPOR6bits = 0x6cc
                    0x06ce                  RPOR7 = 0x6ce
                    0x06ce                  _RPOR7 = 0x6ce
                    0x06ce                  _RPOR7bits = 0x6ce
                    0x0740                  RCON = 0x740
                    0x0740                  _RCON = 0x740
                    0x0740                  _RCONbits = 0x740
                    0x0742                  OSCCON = 0x742
                    0x0742                  _OSCCON = 0x742
                    0x0742                  _OSCCONbits = 0x742
                    0x0742                  OSCCONL = 0x742
                    0x0742                  _OSCCONL = 0x742
                    0x0743                  OSCCONH = 0x743
                    0x0743                  _OSCCONH = 0x743
                    0x0744                  CLKDIV = 0x744
                    0x0744                  _CLKDIV = 0x744
                    0x0744                  _CLKDIVbits = 0x744
                    0x0748                  OSCTUN = 0x748
                    0x0748                  _OSCTUN = 0x748
                    0x0748                  _OSCTUNbits = 0x748
                    0x074e                  REFOCON = 0x74e
                    0x074e                  _REFOCON = 0x74e
                    0x074e                  _REFOCONbits = 0x74e
                    0x0758                  DSCON = 0x758
                    0x0758                  _DSCON = 0x758
                    0x0758                  _DSCONbits = 0x758
                    0x075a                  DSWAKE = 0x75a
                    0x075a                  _DSWAKE = 0x75a
                    0x075a                  _DSWAKEbits = 0x75a
                    0x075c                  DSGPR0 = 0x75c
                    0x075c                  _DSGPR0 = 0x75c
                    0x075c                  _DSGPR0bits = 0x75c
                    0x075e                  DSGPR1 = 0x75e
                    0x075e                  _DSGPR1 = 0x75e
                    0x075e                  _DSGPR1bits = 0x75e
                    0x0760                  NVMCON = 0x760
                    0x0760                  _NVMCON = 0x760
                    0x0760                  _NVMCONbits = 0x760
                    0x0766                  NVMKEY = 0x766
                    0x0766                  _NVMKEY = 0x766
                    0x0770                  PMD1 = 0x770
                    0x0770                  _PMD1 = 0x770
                    0x0770                  _PMD1bits = 0x770
                    0x0772                  PMD2 = 0x772
                    0x0772                  _PMD2 = 0x772
                    0x0772                  _PMD2bits = 0x772
                    0x0774                  PMD3 = 0x774
                    0x0774                  _PMD3 = 0x774
                    0x0774                  _PMD3bits = 0x774
                    0x0776                  PMD4 = 0x776
                    0x0776                  _PMD4 = 0x776
                    0x0776                  _PMD4bits = 0x776
                    0x0144                  IC1 = 0x144
                    0x0144                  _IC1 = 0x144
                    0x014c                  IC2 = 0x14c
                    0x014c                  _IC2 = 0x14c
                    0x0154                  IC3 = 0x154
                    0x0154                  _IC3 = 0x154
                    0x015c                  IC4 = 0x15c
                    0x015c                  _IC4 = 0x15c
                    0x0164                  IC5 = 0x164
                    0x0164                  _IC5 = 0x164
                    0x0194                  OC1 = 0x194
                    0x0194                  _OC1 = 0x194
                    0x019e                  OC2 = 0x19e
                    0x019e                  _OC2 = 0x19e
                    0x01a8                  OC3 = 0x1a8
                    0x01a8                  _OC3 = 0x1a8
                    0x01b2                  OC4 = 0x1b2
                    0x01b2                  _OC4 = 0x1b2
                    0x01bc                  OC5 = 0x1bc
                    0x01bc                  _OC5 = 0x1bc
                    0x0240                  SPI1 = 0x240
                    0x0240                  _SPI1 = 0x240
                    0x0260                  SPI2 = 0x260
                    0x0260                  _SPI2 = 0x260
                    0x0220                  UART1 = 0x220
                    0x0220                  _UART1 = 0x220
                    0x0230                  UART2 = 0x230
                    0x0230                  _UART2 = 0x230
START GROUP
LOAD /home/sladekm/software/microchip/XC16/v1.36/bin/bin/../../lib/liblega-pic30-elf.a
LOAD /home/sladekm/software/microchip/XC16/v1.36/bin/bin/../../lib/libm-elf.a
LOAD /home/sladekm/software/microchip/XC16/v1.36/bin/bin/../../lib/liblega-c-elf.a
END GROUP
OUTPUT(dist/PIC24FJ64GB002_PIM/debug/USB_Device_Host_MIDI.X.debug.elf elf32-pic30)
LOAD jump_table
LOAD default_isr
LOAD heap
LOAD data_init

.debug_pubtypes
                  0x000108        0xf76
 .debug_pubtypes
                  0x000108        0x267 build/PIC24FJ64GB002_PIM/debug/usb/src/usb_device.o
 .debug_pubtypes
                  0x00036f         0x60 build/PIC24FJ64GB002_PIM/debug/usb/src/usb_descriptors.o
 .debug_pubtypes
                  0x0003cf         0x2d build/PIC24FJ64GB002_PIM/debug/usb/src/usb_events.o
 .debug_pubtypes
                  0x0003fc        0x567 build/PIC24FJ64GB002_PIM/debug/usb/src/usb_host.o
 .debug_pubtypes
                  0x000963         0xb4 build/PIC24FJ64GB002_PIM/debug/usb/src/usb_host_midi.o
 .debug_pubtypes
                  0x000a17         0xc1 build/PIC24FJ64GB002_PIM/debug/usb/src/usb_host_config.o
 .debug_pubtypes
                  0x000ad8         0xdf build/PIC24FJ64GB002_PIM/debug/src/app_host_midi_basic.o
 .debug_pubtypes
                  0x000bb7         0x71 build/PIC24FJ64GB002_PIM/debug/src/leds.o
 .debug_pubtypes
                  0x000c28         0x5d build/PIC24FJ64GB002_PIM/debug/src/main.o
 .debug_pubtypes
                  0x000c85        0x13b build/PIC24FJ64GB002_PIM/debug/src/system.o
 .debug_pubtypes
                  0x000dc0        0x147 build/PIC24FJ64GB002_PIM/debug/src/timer.o
 .debug_pubtypes
                  0x000f07         0xde build/PIC24FJ64GB002_PIM/debug/src/app_device_midi_basic.o
 .debug_pubtypes
                  0x000fe5         0x99 build/PIC24FJ64GB002_PIM/debug/midi_jack.o

__c30_signature
                  0x00107e         0x7e
 __c30_signature
                  0x00107e          0x6 build/PIC24FJ64GB002_PIM/debug/usb/src/usb_device.o
 __c30_signature
                  0x001084          0x6 build/PIC24FJ64GB002_PIM/debug/usb/src/usb_descriptors.o
 __c30_signature
                  0x00108a          0x6 build/PIC24FJ64GB002_PIM/debug/usb/src/usb_events.o
 __c30_signature
                  0x001090          0x6 build/PIC24FJ64GB002_PIM/debug/usb/src/usb_host.o
 __c30_signature
                  0x001096          0x6 build/PIC24FJ64GB002_PIM/debug/usb/src/usb_host_midi.o
 __c30_signature
                  0x00109c          0x6 build/PIC24FJ64GB002_PIM/debug/usb/src/usb_host_config.o
 __c30_signature
                  0x0010a2          0x6 build/PIC24FJ64GB002_PIM/debug/src/app_host_midi_basic.o
 __c30_signature
                  0x0010a8          0x6 build/PIC24FJ64GB002_PIM/debug/src/leds.o
 __c30_signature
                  0x0010ae          0x6 build/PIC24FJ64GB002_PIM/debug/src/main.o
 __c30_signature
                  0x0010b4          0x6 build/PIC24FJ64GB002_PIM/debug/src/system.o
 __c30_signature
                  0x0010ba          0x6 build/PIC24FJ64GB002_PIM/debug/src/timer.o
 __c30_signature
                  0x0010c0          0x6 build/PIC24FJ64GB002_PIM/debug/src/app_device_midi_basic.o
 __c30_signature
                  0x0010c6          0x6 build/PIC24FJ64GB002_PIM/debug/midi_jack.o
 __c30_signature
                  0x0010cc          0x6 /home/sladekm/software/microchip/XC16/v1.36/bin/bin/../../lib/liblega-pic30-elf.a(crt0_standard.o)
 __c30_signature
                  0x0010d2          0x6 /home/sladekm/software/microchip/XC16/v1.36/bin/bin/../../lib/liblega-pic30-elf.a(data_init_standard.o)
 __c30_signature
                  0x0010d8          0x6 /home/sladekm/software/microchip/XC16/v1.36/bin/bin/../../lib/liblega-c-elf.a(free.XX_eo)
 __c30_signature
                  0x0010de          0x6 /home/sladekm/software/microchip/XC16/v1.36/bin/bin/../../lib/liblega-c-elf.a(malloc.XX_eo)
 __c30_signature
                  0x0010e4          0x6 /home/sladekm/software/microchip/XC16/v1.36/bin/bin/../../lib/liblega-c-elf.a(memset.XX_eo)
 __c30_signature
                  0x0010ea          0x6 /home/sladekm/software/microchip/XC16/v1.36/bin/bin/../../lib/liblega-c-elf.a(xgetmem.XX_eo)
 __c30_signature
                  0x0010f0          0x6 /home/sladekm/software/microchip/XC16/v1.36/bin/bin/../../lib/liblega-pic30-elf.a(sbrk.Leo)
 __c30_signature
                  0x0010f6          0x6 /home/sladekm/software/microchip/XC16/v1.36/bin/bin/../../lib/liblega-pic30-elf.a(brk.Lelo)

.nbss               0x0850         0x80
 .nbss              0x0850         0x26 build/PIC24FJ64GB002_PIM/debug/usb/src/usb_device.o
                    0x0850                  _USBDeferOUTDataStagePackets
                    0x0851                  _USBDeferStatusStagePacket
                    0x0852                  _USBDeferINDataStagePackets
                    0x0853                  _RemoteWakeup
                    0x0854                  _USBBusIsSuspended
                    0x0856                  _USBDeviceState
                    0x0858                  _USBActiveConfiguration
                    0x0859                  _USBTicksSinceSuspendEnd
                    0x085a                  _pBDTEntryOut
                    0x085e                  _pBDTEntryIn
                    0x0862                  _USBAlternateInterface
                    0x0864                  _pBDTEntryEP0OutCurrent
                    0x0866                  _pBDTEntryEP0OutNext
                    0x0868                  _shortPacketStatus
                    0x0869                  _controlTransferState
                    0x086a                  _pDst
                    0x086c                  _USTATcopy
                    0x086d                  _endpoint_number
                    0x086e                  _BothEP0OutUOWNsSet
                    0x086f                  _USBStatusStageTimeoutCounter
                    0x0870                  _USBStatusStageEnabledFlag1
                    0x0871                  _USBStatusStageEnabledFlag2
                    0x0872                  _USB1msTickCount
 .nbss              0x0876         0x18 build/PIC24FJ64GB002_PIM/debug/usb/src/usb_host.o
                    0x0876                  _pCurrentConfigurationDescriptor
                    0x0878                  _pDeviceDescriptor
                    0x087a                  _usbOverrideHostState
 .nbss              0x088e         0x18 build/PIC24FJ64GB002_PIM/debug/midi_jack.o
                    0x088e                  _pTxBufReadLocation
                    0x0890                  _pTxBufWriteLocation
                    0x0892                  _MIDIOutByteCount
                    0x0894                  _pRxUARTBufReadLocation
                    0x0896                  _pRxUARTBufWriteLocation
                    0x0898                  _UARTInByteCount
                    0x0899                  _MIDIRxCommandState
                    0x089a                  _SysExCommandPending
                    0x089b                  _BytePending
                    0x089c                  _RxRunningStatusByte
                    0x089d                  _TxRunningStatusByte
                    0x089e                  _UARTTranslatedToUSB
                    0x08a2                  _UARTmidiPacketTranslated
 .nbss              0x08a6         0x16 build/PIC24FJ64GB002_PIM/debug/src/app_host_midi_basic.o
                    0x08a6                  _midiState
                    0x08a8                  _deviceHandle
                    0x08aa                  _buttonReleased
                    0x08ac                  _endpointBuffers
                    0x08ae                  _UARTRealTimeToUSB
                    0x08b2                  _UARTRealTimeToUSBBuffer
                    0x08b6                  _UARTRealTimePacketTranslated
                    0x08b7                  _somethingToSend
                    0x08b8                  _NumGets
                    0x08ba                  _NumSends
 .nbss              0x08bc         0x14 build/PIC24FJ64GB002_PIM/debug/src/app_device_midi_basic.o
                    0x08bc                  _UARTDeviceTranslatedToUSB
                    0x08c0                  _pRxUARTBufDeviceReadLocation
                    0x08c2                  _pRxUARTBufDeviceWriteLocation
                    0x08c4                  _UARTDeviceInByteCount
                    0x08c5                  _DeviceSysExCommandPending
                    0x08c6                  _DeviceBytePending

.ndata              0x08d0          0x6
 .ndata             0x08d0          0x6 build/PIC24FJ64GB002_PIM/debug/src/leds.o

.nbss               0x08d6          0x4
 .nbss              0x08d6          0x2 build/PIC24FJ64GB002_PIM/debug/src/leds.o
 .nbss              0x08d8          0x2 build/PIC24FJ64GB002_PIM/debug/src/main.o
                    0x08d8                  _usb_host_attached

.ndata              0x08da          0x2
 .ndata             0x08da          0x2 build/PIC24FJ64GB002_PIM/debug/src/system.o
                    0x08da                  _scan_state

.nbss               0x08dc          0x2
 .nbss              0x08dc          0x2 build/PIC24FJ64GB002_PIM/debug/src/system.o

.bss                0x08de        0x14a
 .bss               0x08de         0x80 build/PIC24FJ64GB002_PIM/debug/src/app_device_midi_basic.o
                    0x08de                  _MIDIDeviceInRxBuffer
 .bss               0x095e         0x80 build/PIC24FJ64GB002_PIM/debug/midi_jack.o
                    0x095e                  _MIDIOutTxBuffer
                    0x099e                  _MIDIInRxBuffer
 .bss               0x09de         0x4a build/PIC24FJ64GB002_PIM/debug/usb/src/usb_host.o

_0xf738a8445eed3ff3
                    0x0c00         0x20
 _0xf738a8445eed3ff3
                    0x0c00         0x20 build/PIC24FJ64GB002_PIM/debug/usb/src/usb_device.o
                    0x0c00                  _BDT

.bss                0x0a28         0x22
 .bss               0x0a28         0x22 build/PIC24FJ64GB002_PIM/debug/usb/src/usb_device.o
                    0x0a28                  _inPipes
                    0x0a2e                  _outPipes
                    0x0a36                  _ep_data_in
                    0x0a38                  _ep_data_out
                    0x0a3a                  _SetupPkt
                    0x0a42                  _CtrlTrfData

.data               0x0a4a         0x12
 .data              0x0a4a         0x12 build/PIC24FJ64GB002_PIM/debug/usb/src/usb_host_config.o
                    0x0a4a                  _usbClientDrvTable
                    0x0a54                  _usbTPL

.bss                0x0a5c          0xa
 .bss               0x0a5c          0x6 build/PIC24FJ64GB002_PIM/debug/usb/src/usb_host_midi.o
 .bss               0x0a62          0x4 /home/sladekm/software/microchip/XC16/v1.36/bin/bin/../../lib/liblega-c-elf.a(malloc.XX_eo)
                    0x0a62                  __Aldata

.data               0x0a66          0x2
 .data              0x0a66          0x2 /home/sladekm/software/microchip/XC16/v1.36/bin/bin/../../lib/liblega-c-elf.a(malloc.XX_eo)
                    0x0a66                  __Size_block

.bss                0x0a68          0x2
 .bss               0x0a68          0x2 /home/sladekm/software/microchip/XC16/v1.36/bin/bin/../../lib/liblega-pic30-elf.a(brk.Lelo)
                    0x0a68                  ___curbrk

.heap               0x0c20        0x800
 .heap              0x0c20        0x800 heap

.config_JTAGEN    0x00abfe          0x2
 .config_JTAGEN
                  0x00abfe          0x2 build/PIC24FJ64GB002_PIM/debug/src/system.o

.config_IESO      0x00abfc          0x2
 .config_IESO     0x00abfc          0x2 build/PIC24FJ64GB002_PIM/debug/src/system.o

.config_WPEND     0x00abfa          0x2
 .config_WPEND    0x00abfa          0x2 build/PIC24FJ64GB002_PIM/debug/src/system.o

.config_DSWDTEN
                  0x00abf8          0x2
 .config_DSWDTEN
                  0x00abf8          0x2 build/PIC24FJ64GB002_PIM/debug/src/system.o

.ivt._USB1Interrupt
                  0x0000c0          0x2
 .ivt._USB1Interrupt
                  0x0000c0          0x2 build/PIC24FJ64GB002_PIM/debug/src/system.o

.ivt._U2RXInterrupt
                  0x000050          0x2
 .ivt._U2RXInterrupt
                  0x000050          0x2 build/PIC24FJ64GB002_PIM/debug/src/system.o

.ivt._T4Interrupt
                  0x00004a          0x2
 .ivt._T4Interrupt
                  0x00004a          0x2 build/PIC24FJ64GB002_PIM/debug/src/timer.o

.ivt._T3Interrupt
                  0x000024          0x2
 .ivt._T3Interrupt
                  0x000024          0x2 build/PIC24FJ64GB002_PIM/debug/src/timer.o

.ivt._T2Interrupt
                  0x000022          0x2
 .ivt._T2Interrupt
                  0x000022          0x2 build/PIC24FJ64GB002_PIM/debug/src/timer.o

.const              0x84e6         0xb2 load address 0x0004e6  
 .const             0x84e6         0xb2 build/PIC24FJ64GB002_PIM/debug/usb/src/usb_descriptors.o
                    0x84e6                  _device_dsc
                    0x84f8                  _configDescriptor1
                    0x855e                  _sd000
                    0x8562                  _sd001
                    0x8572                  _sd002
                    0x8590                  _USB_CD_Ptr
                    0x8592                  _USB_SD_Ptr

.text             0x000598       0x36ca
 .text            0x000598       0x218c build/PIC24FJ64GB002_PIM/debug/usb/src/usb_host.o
                  0x000598                  _USBHostDeviceSpecificClientDriver
                  0x0005a0                  _USBHostDeviceStatus
                  0x0005e8                  _USBHostResetDevice
                  0x000602                  _USBHostResumeDevice
                  0x00061c                  _USBHostSuspendDevice
                  0x00063a                  __USB_CheckCommandAndEnumerationAttempts
                  0x00066e                  __USB_FindClassDriver
                  0x0006e8                  __USB_FindDeviceLevelClientDriver
                  0x0007c6                  __USB_FindEndpoint
                  0x000802                  _USBHostTransferIsComplete
                  0x000862                  _USBHostTerminateTransfer
                  0x00087e                  _USBHostSetNAKTimeout
                  0x0008ac                  _USBHostClearEndpointErrors
                  0x0008d0                  __USB_FindServiceEndpoint
                  0x00098c                  __USB_FreeConfigMemory
                  0x0009f4                  __USB_FreeMemory
                  0x000a38                  _USBHostInit
                  0x000a74                  __USB_InitControlRead
                  0x000abc                  __USB_InitControlWrite
                  0x000b0e                  __USB_InitRead
                  0x000b66                  _USBHostRead
                  0x000bca                  __USB_InitWrite
                  0x000c22                  _USBHostWrite
                  0x000c86                  __USB_NotifyClients
                  0x000d0e                  _USBHostShutdown
                  0x000d40                  _USBHostVbusEvent
                  0x000d68                  __USB_NotifyDataClients
                  0x000dae                  __USB_ParseConfigurationDescriptor
                  0x00102e                  _USBHostTasks
                  0x0018ca                  __USB_ResetDATA0
                  0x001908                  _USBHostIssueDeviceRequest
                  0x001a10                  __USB_SendToken
                  0x001a48                  __USB_SetBDT
                  0x001b54                  __USB_FindNextToken
                  0x002320                  __USB_TransferInProgress
                  0x00236a                  _USBHostSetDeviceConfiguration
                  0x0023a2                  _USB_HostInterruptHandler
 .text            0x002724        0xa78 build/PIC24FJ64GB002_PIM/debug/usb/src/usb_device.o
                  0x002bde                  _USBDeviceInit
                  0x002c92                  _USBEnableEndpoint
                  0x002cbe                  _USBTransferOnePacket
                  0x002d12                  _USBStallEndpoint
                  0x002d60                  _USBCancelIO
                  0x002d98                  _USBCtrlEPAllowStatusStage
                  0x002ed6                  _USBCtrlEPAllowDataStage
                  0x00304a                  _USBIncrement1msInternalTimers
                  0x003064                  _USBDeviceTasks
                  0x003196                  _USBGet1msTickCount
 .text            0x00319c        0x24c build/PIC24FJ64GB002_PIM/debug/midi_jack.o
                  0x00319c                  _MIDI_Jack_Initialize
                  0x0031ba                  _MIDI_U2RXInterruptHandler
                  0x0031da                  _MIDI_InJackTasks
 .text            0x0033e8        0x23e build/PIC24FJ64GB002_PIM/debug/src/app_host_midi_basic.o
                  0x0033e8                  _APP_HostMIDIBasicInitialize
                  0x0033f4                  _APP_HostMIDIBasicTasks
                  0x003526                  _APP_HostMIDIBasicEventHandler
 .text            0x003626        0x238 build/PIC24FJ64GB002_PIM/debug/usb/src/usb_host_midi.o
                  0x003626                  _USBHostMIDIInit
                  0x003782                  _USBHostMIDIEventHandler
                  0x00381a                  _USBHostMIDIRead
                  0x00383c                  _USBHostMIDIWrite
 .text            0x00385e        0x17a build/PIC24FJ64GB002_PIM/debug/src/leds.o
                  0x00385e                  _LED_On
                  0x003870                  _LED_Off
                  0x003882                  _LED_Toggle
                  0x0038ae                  _LED_Get
                  0x0038c8                  _LED_Enable
                  0x0038da                  _LED1_Set_State
                  0x0038de                  _LED1_On
                  0x0038e4                  _LED1_Off
                  0x0038ea                  _LED1_Blink
                  0x0038f0                  _LED1_Blink_Once
                  0x0038f6                  _LED2_Set_State
                  0x0038fa                  _LED2_On
                  0x003900                  _LED2_Off
                  0x003906                  _LED2_Blink
                  0x00390c                  _LED2_Blink_Once
                  0x003912                  _LED1_StateMachine
                  0x003972                  _LED1_handler
                  0x003976                  _LED2_StateMachine
                  0x0039d4                  _LED2_handler
 .text            0x0039d8        0x104 build/PIC24FJ64GB002_PIM/debug/src/main.o
                  0x0039d8                  _main
                  0x003a3e                  _USB_Host_ApplicationEventHandler
 .text            0x003adc         0xf4 build/PIC24FJ64GB002_PIM/debug/src/app_device_midi_basic.o
                  0x003adc                  _APP_DeviceAudioMIDIInitialize
                  0x003b06                  _APP_DeviceAudioMIDISOFHandler
                  0x003b10                  _sendMessage
                  0x003b32                  _MIDI_Device_OutJackTasks
                  0x003b98                  _APP_DeviceAudioMIDITasks
 .text            0x003bd0         0x92 build/PIC24FJ64GB002_PIM/debug/src/system.o
                  0x003bd0                  _UART2Init
                  0x003c20                  _SYSTEM_Initialize
                  0x003c40                  _change_scan_state_flag

.dinit            0x003c62         0x8e
 .dinit           0x003c62         0x8e data_init

.text             0x003cf0         0x6e
 .text            0x003cf0         0x5a build/PIC24FJ64GB002_PIM/debug/src/timer.o
                  0x003cf0                  _initTimer4_10ms
                  0x003d0c                  _initTimer3_100ms
                  0x003d28                  _initTimer2_250ms
                  0x003d44                  _disableTimer2
 .text            0x003d4a         0x14 build/PIC24FJ64GB002_PIM/debug/usb/src/usb_events.o
                  0x003d4a                  _USER_USB_CALLBACK_EVENT_HANDLER
