Microchip Technology Inc, v1.36 (B)

Tool Name:
  /home/sladekm/software/microchip/XC16/v1.36/bin/bin/../bin/elf-ld

Command:
  -p24FJ64GB002 \
  -o \
  dist/usb_msd/production/USB_Device_Host_MIDI.X.production.elf \
  -L/home/sladekm/software/microchip/XC16/v1.36/bin/bin/.. \
  -L/home/sladekm/software/microchip/XC16/v1.36/bin/bin/../../lib \
  -L/home/sladekm/software/microchip/XC16/v1.36/bin/bin/../../support/PIC24E/gld \
  -L/home/sladekm/software/microchip/XC16/v1.36/bin/bin/../../support/PIC24F/gld \
  -L/home/sladekm/software/microchip/XC16/v1.36/bin/bin/../../support/PIC24H/gld \
  -L/home/sladekm/software/microchip/XC16/v1.36/bin/bin/../../support/dsPIC30F/gld \
  -L/home/sladekm/software/microchip/XC16/v1.36/bin/bin/../../support/dsPIC33C/gld \
  -L/home/sladekm/software/microchip/XC16/v1.36/bin/bin/../../support/dsPIC33E/gld \
  -L/home/sladekm/software/microchip/XC16/v1.36/bin/bin/../../support/dsPIC33F/gld \
  build/usb_msd/production/usb/src/usb_device.o \
  build/usb_msd/production/usb/src/usb_descriptors.o \
  build/usb_msd/production/usb/src/usb_events.o \
  build/usb_msd/production/usb/src/usb_host.o \
  build/usb_msd/production/usb/src/usb_host_midi.o \
  build/usb_msd/production/usb/src/usb_host_config.o \
  build/usb_msd/production/src/app_host_midi_basic.o \
  build/usb_msd/production/src/leds.o \
  build/usb_msd/production/src/main.o \
  build/usb_msd/production/src/system.o \
  build/usb_msd/production/src/timer.o \
  build/usb_msd/production/src/app_device_midi_basic.o \
  build/usb_msd/production/ezbl_integration/ex_boot_usb_msd.merge.o \
  build/usb_msd/production/src/midi_jack.o \
  --defsym=__MPLAB_BUILD=1 \
  -Tex_boot_usb_msd.merge.gld.00 \
  --heap=1000 \
  --stack=16 \
  --check-sections \
  --data-init \
  --pack-data \
  --handles \
  --isr \
  --no-gc-sections \
  --fill-upper=0 \
  --stackguard=16 \
  --no-force-link \
  --smart-io \
  -Map=dist/usb_msd/production/USB_Device_Host_MIDI.X.production.map \
  --report-mem \
  --memorysummary \
  dist/usb_msd/production/memoryfile.xml \
  --defsym=_APPID_VER_MAJOR=2 \
  --defsym=_APPID_VER_MINOR=11 \
  --defsym=_APPID_VER_BUILD=3817 \
  -start-group \
  --library=lega-pic30-elf \
  --library=m-elf \
  --library=lega-c-elf \
  -end-group \


Optional library libpPIC24Fxxx.a not found
Archive member included because of file (symbol)

/home/sladekm/software/microchip/XC16/v1.36/bin/bin/../../lib/liblega-pic30-elf.a(crt0_standard.o)
                              (__resetPRI)
/home/sladekm/software/microchip/XC16/v1.36/bin/bin/../../lib/liblega-pic30-elf.a(data_init_standard.o)
                              /home/sladekm/software/microchip/XC16/v1.36/bin/bin/../../lib/liblega-pic30-elf.a(crt0_standard.o) (__data_init_standard)
/home/sladekm/software/microchip/XC16/v1.36/bin/bin/../../lib/liblega-pic30-elf.a(crt_start_mode_normal.Leo)
                              (__crt_start_mode_normal)


xc16-ld 1.36 (B)

"program" Memory  [Origin = 0x200, Length = 0xa9f8]

section                    address   length (PC units)   length (bytes) (dec)
-------                    -------   -----------------   --------------------
EZBL_ROM_AT_0x000200         0x200              0x4600          0x6900  (26880)
EZBL_AppErasable            0x4800                0x10            0x18  (24)
.igt                        0x4810                0x5c            0x8a  (138)
.text                       0x486c              0x2c04          0x4206  (16902)
.text                       0x7470                0xf4           0x16e  (366)
.dinit                      0x7564                0x7a            0xb7  (183)
.text                       0x75de                0x5a            0x87  (135)
EZBL_ROM_AT_0x008000        0x8000              0x2000          0x3000  (12288)
.const                      0xa000                0xb4           0x10e  (270)
.text                       0xa0b4               0x164           0x216  (534)
.text                       0xa218               0x938           0xdd4  (3540)
.text                       0xab50                0x92            0xdb  (219)
.text                       0xabe2                0x14            0x1e  (30)

                 Total "program" memory used (bytes):         0xf045  (61509) 94%


"data" Memory  [Origin = 0x800, Length = 0x2000]

section                    address      alignment gaps    total length  (dec)
-------                    -------      --------------    -------------------
.nbss                        0x800                   0            0x16  (22)
.ndata                       0x816                   0             0x6  (6)
.nbss                        0x81c                   0             0x4  (4)
.ndata                       0x820                   0             0x2  (2)
.nbss                        0x822                   0             0x2  (2)
.bss                         0x824                   0           0x14a  (330)
.data                        0x96e                   0            0x12  (18)
[...]
Memory Configuration

Name             Origin             Length             Attributes
data             0x000800           0x002000           a !xr
reset            0x000000           0x000004  
ivt              0x000004           0x0000fc  
_reserved        0x000100           0x000004  
aivt             0x000104           0x0000fc  
program          0x000200           0x00a9f8           xr
CONFIG4          0x00abf8           0x000002  
CONFIG3          0x00abfa           0x000002  
CONFIG2          0x00abfc           0x000002  
CONFIG1          0x00abfe           0x000002  
*default*        0x000000           0xffffffff  

Linker script and memory map

LOAD build/usb_msd/production/usb/src/usb_device.o
LOAD build/usb_msd/production/usb/src/usb_descriptors.o
LOAD build/usb_msd/production/usb/src/usb_events.o
LOAD build/usb_msd/production/usb/src/usb_host.o
LOAD build/usb_msd/production/usb/src/usb_host_midi.o
LOAD build/usb_msd/production/usb/src/usb_host_config.o
LOAD build/usb_msd/production/src/app_host_midi_basic.o
LOAD build/usb_msd/production/src/leds.o
LOAD build/usb_msd/production/src/main.o
LOAD build/usb_msd/production/src/system.o
LOAD build/usb_msd/production/src/timer.o
LOAD build/usb_msd/production/src/app_device_midi_basic.o
LOAD build/usb_msd/production/ezbl_integration/ex_boot_usb_msd.merge.o
LOAD build/usb_msd/production/src/midi_jack.o
                    0x0001                  __MPLAB_BUILD = 0x1
LOAD pPIC24Fxxx
LOAD /home/sladekm/software/microchip/XC16/v1.36/bin/bin/../../lib/libfx-elf.a
                    0xabf8                  __CONFIG4 = 0xabf8
                    0xabfa                  __CONFIG3 = 0xabfa
                    0xabfc                  __CONFIG2 = 0xabfc
                    0xabfe                  __CONFIG1 = 0xabfe
                    0x0001                  __NO_HANDLES = 0x1
                    0x0200                  __CODE_BASE = 0x200
                    0xa9f8                  __CODE_LENGTH = 0xa9f8
                    0x0004                  __IVT_BASE = 0x4
                    0x0104                  __AIVT_BASE = 0x104
                    0x0800                  __DATA_BASE = 0x800
                    0x2000                  __DATA_LENGTH = 0x2000
                    0x0000                  WREG0 = 0x0
                    0x0000                  _WREG0 = 0x0
                    0x0002                  WREG1 = 0x2
                    0x0002                  _WREG1 = 0x2
                    0x0004                  WREG2 = 0x4
                    0x0004                  _WREG2 = 0x4
                    0x0006                  WREG3 = 0x6
                    0x0006                  _WREG3 = 0x6
                    0x0008                  WREG4 = 0x8
                    0x0008                  _WREG4 = 0x8
                    0x000a                  WREG5 = 0xa
                    0x000a                  _WREG5 = 0xa
                    0x000c                  WREG6 = 0xc
                    0x000c                  _WREG6 = 0xc
                    0x000e                  WREG7 = 0xe
                    0x000e                  _WREG7 = 0xe
                    0x0010                  WREG8 = 0x10
                    0x0010                  _WREG8 = 0x10
                    0x0012                  WREG9 = 0x12
                    0x0012                  _WREG9 = 0x12
                    0x0014                  WREG10 = 0x14
                    0x0014                  _WREG10 = 0x14
                    0x0016                  WREG11 = 0x16
                    0x0016                  _WREG11 = 0x16
                    0x0018                  WREG12 = 0x18
                    0x0018                  _WREG12 = 0x18
                    0x001a                  WREG13 = 0x1a
                    0x001a                  _WREG13 = 0x1a
                    0x001c                  WREG14 = 0x1c
                    0x001c                  _WREG14 = 0x1c
                    0x001e                  WREG15 = 0x1e
                    0x001e                  _WREG15 = 0x1e
                    0x0020                  SPLIM = 0x20
                    0x0020                  _SPLIM = 0x20
                    0x002e                  PCL = 0x2e
                    0x002e                  _PCL = 0x2e
                    0x0030                  PCH = 0x30
                    0x0030                  _PCH = 0x30
                    0x0032                  TBLPAG = 0x32
                    0x0032                  _TBLPAG = 0x32
                    0x0034                  PSVPAG = 0x34
                    0x0034                  _PSVPAG = 0x34
                    0x0036                  RCOUNT = 0x36
                    0x0036                  _RCOUNT = 0x36
                    0x0042                  SR = 0x42
                    0x0042                  _SR = 0x42
                    0x0042                  _SRbits = 0x42
                    0x0044                  CORCON = 0x44
                    0x0044                  _CORCON = 0x44
                    0x0044                  _CORCONbits = 0x44
                    0x0052                  DISICNT = 0x52
                    0x0052                  _DISICNT = 0x52
                    0x0060                  CNEN1 = 0x60
                    0x0060                  _CNEN1 = 0x60
                    0x0060                  _CNEN1bits = 0x60
                    0x0062                  CNEN2 = 0x62
                    0x0062                  _CNEN2 = 0x62
                    0x0062                  _CNEN2bits = 0x62
                    0x0068                  CNPU1 = 0x68
                    0x0068                  _CNPU1 = 0x68
                    0x0068                  _CNPU1bits = 0x68
                    0x006a                  CNPU2 = 0x6a
                    0x006a                  _CNPU2 = 0x6a
                    0x006a                  _CNPU2bits = 0x6a
                    0x0080                  INTCON1 = 0x80
                    0x0080                  _INTCON1 = 0x80
                    0x0080                  _INTCON1bits = 0x80
                    0x0082                  INTCON2 = 0x82
                    0x0082                  _INTCON2 = 0x82
                    0x0082                  _INTCON2bits = 0x82
                    0x0084                  IFS0 = 0x84
                    0x0084                  _IFS0 = 0x84
                    0x0084                  _IFS0bits = 0x84
                    0x0086                  IFS1 = 0x86
                    0x0086                  _IFS1 = 0x86
                    0x0086                  _IFS1bits = 0x86
                    0x0088                  IFS2 = 0x88
                    0x0088                  _IFS2 = 0x88
                    0x0088                  _IFS2bits = 0x88
                    0x008a                  IFS3 = 0x8a
                    0x008a                  _IFS3 = 0x8a
                    0x008a                  _IFS3bits = 0x8a
                    0x008c                  IFS4 = 0x8c
                    0x008c                  _IFS4 = 0x8c
                    0x008c                  _IFS4bits = 0x8c
                    0x008e                  IFS5 = 0x8e
                    0x008e                  _IFS5 = 0x8e
                    0x008e                  _IFS5bits = 0x8e
                    0x0094                  IEC0 = 0x94
                    0x0094                  _IEC0 = 0x94
                    0x0094                  _IEC0bits = 0x94
                    0x0096                  IEC1 = 0x96
                    0x0096                  _IEC1 = 0x96
                    0x0096                  _IEC1bits = 0x96
                    0x0098                  IEC2 = 0x98
                    0x0098                  _IEC2 = 0x98
                    0x0098                  _IEC2bits = 0x98
                    0x009a                  IEC3 = 0x9a
                    0x009a                  _IEC3 = 0x9a
                    0x009a                  _IEC3bits = 0x9a
                    0x009c                  IEC4 = 0x9c
                    0x009c                  _IEC4 = 0x9c
                    0x009c                  _IEC4bits = 0x9c
                    0x009e                  IEC5 = 0x9e
                    0x009e                  _IEC5 = 0x9e
                    0x009e                  _IEC5bits = 0x9e
                    0x00a4                  IPC0 = 0xa4
                    0x00a4                  _IPC0 = 0xa4
                    0x00a4                  _IPC0bits = 0xa4
                    0x00a6                  IPC1 = 0xa6
                    0x00a6                  _IPC1 = 0xa6
                    0x00a6                  _IPC1bits = 0xa6
                    0x00a8                  IPC2 = 0xa8
                    0x00a8                  _IPC2 = 0xa8
                    0x00a8                  _IPC2bits = 0xa8
                    0x00aa                  IPC3 = 0xaa
                    0x00aa                  _IPC3 = 0xaa
                    0x00aa                  _IPC3bits = 0xaa
                    0x00ac                  IPC4 = 0xac
                    0x00ac                  _IPC4 = 0xac
                    0x00ac                  _IPC4bits = 0xac
                    0x00ae                  IPC5 = 0xae
                    0x00ae                  _IPC5 = 0xae
                    0x00ae                  _IPC5bits = 0xae
                    0x00b0                  IPC6 = 0xb0
                    0x00b0                  _IPC6 = 0xb0
                    0x00b0                  _IPC6bits = 0xb0
                    0x00b2                  IPC7 = 0xb2
                    0x00b2                  _IPC7 = 0xb2
                    0x00b2                  _IPC7bits = 0xb2
                    0x00b4                  IPC8 = 0xb4
                    0x00b4                  _IPC8 = 0xb4
                    0x00b4                  _IPC8bits = 0xb4
                    0x00b6                  IPC9 = 0xb6
                    0x00b6                  _IPC9 = 0xb6
                    0x00b6                  _IPC9bits = 0xb6
                    0x00b8                  IPC10 = 0xb8
                    0x00b8                  _IPC10 = 0xb8
                    0x00b8                  _IPC10bits = 0xb8
                    0x00ba                  IPC11 = 0xba
                    0x00ba                  _IPC11 = 0xba
                    0x00ba                  _IPC11bits = 0xba
                    0x00bc                  IPC12 = 0xbc
                    0x00bc                  _IPC12 = 0xbc
                    0x00bc                  _IPC12bits = 0xbc
                    0x00c2                  IPC15 = 0xc2
                    0x00c2                  _IPC15 = 0xc2
                    0x00c2                  _IPC15bits = 0xc2
                    0x00c4                  IPC16 = 0xc4
                    0x00c4                  _IPC16 = 0xc4
                    0x00c4                  _IPC16bits = 0xc4
                    0x00c8                  IPC18 = 0xc8
                    0x00c8                  _IPC18 = 0xc8
                    0x00c8                  _IPC18bits = 0xc8
                    0x00ca                  IPC19 = 0xca
                    0x00ca                  _IPC19 = 0xca
                    0x00ca                  _IPC19bits = 0xca
                    0x00ce                  IPC21 = 0xce
                    0x00ce                  _IPC21 = 0xce
                    0x00ce                  _IPC21bits = 0xce
                    0x00e0                  INTTREG = 0xe0
                    0x00e0                  _INTTREG = 0xe0
                    0x00e0                  _INTTREGbits = 0xe0
                    0x0100                  TMR1 = 0x100
                    0x0100                  _TMR1 = 0x100
                    0x0102                  PR1 = 0x102
                    0x0102                  _PR1 = 0x102
                    0x0104                  T1CON = 0x104
                    0x0104                  _T1CON = 0x104
                    0x0104                  _T1CONbits = 0x104
                    0x0106                  TMR2 = 0x106
                    0x0106                  _TMR2 = 0x106
                    0x0108                  TMR3HLD = 0x108
                    0x0108                  _TMR3HLD = 0x108
                    0x010a                  TMR3 = 0x10a
                    0x010a                  _TMR3 = 0x10a
                    0x010c                  PR2 = 0x10c
                    0x010c                  _PR2 = 0x10c
                    0x010e                  PR3 = 0x10e
                    0x010e                  _PR3 = 0x10e
                    0x0110                  T2CON = 0x110
                    0x0110                  _T2CON = 0x110
                    0x0110                  _T2CONbits = 0x110
                    0x0112                  T3CON = 0x112
                    0x0112                  _T3CON = 0x112
                    0x0112                  _T3CONbits = 0x112
                    0x0114                  TMR4 = 0x114
                    0x0114                  _TMR4 = 0x114
                    0x0116                  TMR5HLD = 0x116
                    0x0116                  _TMR5HLD = 0x116
                    0x0118                  TMR5 = 0x118
                    0x0118                  _TMR5 = 0x118
                    0x011a                  PR4 = 0x11a
                    0x011a                  _PR4 = 0x11a
                    0x011c                  PR5 = 0x11c
                    0x011c                  _PR5 = 0x11c
                    0x011e                  T4CON = 0x11e
                    0x011e                  _T4CON = 0x11e
                    0x011e                  _T4CONbits = 0x11e
                    0x0120                  T5CON = 0x120
                    0x0120                  _T5CON = 0x120
                    0x0120                  _T5CONbits = 0x120
                    0x0140                  IC1CON1 = 0x140
                    0x0140                  _IC1CON1 = 0x140
                    0x0140                  _IC1CON1bits = 0x140
                    0x0142                  IC1CON2 = 0x142
                    0x0142                  _IC1CON2 = 0x142
                    0x0142                  _IC1CON2bits = 0x142
                    0x0144                  IC1BUF = 0x144
                    0x0144                  _IC1BUF = 0x144
                    0x0146                  IC1TMR = 0x146
                    0x0146                  _IC1TMR = 0x146
                    0x0148                  IC2CON1 = 0x148
                    0x0148                  _IC2CON1 = 0x148
                    0x0148                  _IC2CON1bits = 0x148
                    0x014a                  IC2CON2 = 0x14a
                    0x014a                  _IC2CON2 = 0x14a
                    0x014a                  _IC2CON2bits = 0x14a
                    0x014c                  IC2BUF = 0x14c
                    0x014c                  _IC2BUF = 0x14c
                    0x014e                  IC2TMR = 0x14e
                    0x014e                  _IC2TMR = 0x14e
                    0x0150                  IC3CON1 = 0x150
                    0x0150                  _IC3CON1 = 0x150
                    0x0150                  _IC3CON1bits = 0x150
                    0x0152                  IC3CON2 = 0x152
                    0x0152                  _IC3CON2 = 0x152
                    0x0152                  _IC3CON2bits = 0x152
                    0x0154                  IC3BUF = 0x154
                    0x0154                  _IC3BUF = 0x154
                    0x0156                  IC3TMR = 0x156
                    0x0156                  _IC3TMR = 0x156
                    0x0158                  IC4CON1 = 0x158
                    0x0158                  _IC4CON1 = 0x158
                    0x0158                  _IC4CON1bits = 0x158
                    0x015a                  IC4CON2 = 0x15a
                    0x015a                  _IC4CON2 = 0x15a
                    0x015a                  _IC4CON2bits = 0x15a
                    0x015c                  IC4BUF = 0x15c
                    0x015c                  _IC4BUF = 0x15c
                    0x015e                  IC4TMR = 0x15e
                    0x015e                  _IC4TMR = 0x15e
                    0x0160                  IC5CON1 = 0x160
                    0x0160                  _IC5CON1 = 0x160
                    0x0160                  _IC5CON1bits = 0x160
                    0x0162                  IC5CON2 = 0x162
                    0x0162                  _IC5CON2 = 0x162
                    0x0162                  _IC5CON2bits = 0x162
                    0x0164                  IC5BUF = 0x164
                    0x0164                  _IC5BUF = 0x164
                    0x0166                  IC5TMR = 0x166
                    0x0166                  _IC5TMR = 0x166
                    0x0190                  OC1CON1 = 0x190
                    0x0190                  _OC1CON1 = 0x190
                    0x0190                  _OC1CON1bits = 0x190
                    0x0192                  OC1CON2 = 0x192
                    0x0192                  _OC1CON2 = 0x192
                    0x0192                  _OC1CON2bits = 0x192
                    0x0194                  OC1RS = 0x194
                    0x0194                  _OC1RS = 0x194
                    0x0196                  OC1R = 0x196
                    0x0196                  _OC1R = 0x196
                    0x0198                  OC1TMR = 0x198
                    0x0198                  _OC1TMR = 0x198
                    0x019a                  OC2CON1 = 0x19a
                    0x019a                  _OC2CON1 = 0x19a
                    0x019a                  _OC2CON1bits = 0x19a
                    0x019c                  OC2CON2 = 0x19c
                    0x019c                  _OC2CON2 = 0x19c
                    0x019c                  _OC2CON2bits = 0x19c
                    0x019e                  OC2RS = 0x19e
                    0x019e                  _OC2RS = 0x19e
                    0x01a0                  OC2R = 0x1a0
                    0x01a0                  _OC2R = 0x1a0
                    0x01a2                  OC2TMR = 0x1a2
                    0x01a2                  _OC2TMR = 0x1a2
                    0x01a4                  OC3CON1 = 0x1a4
                    0x01a4                  _OC3CON1 = 0x1a4
                    0x01a4                  _OC3CON1bits = 0x1a4
                    0x01a6                  OC3CON2 = 0x1a6
                    0x01a6                  _OC3CON2 = 0x1a6
                    0x01a6                  _OC3CON2bits = 0x1a6
                    0x01a8                  OC3RS = 0x1a8
                    0x01a8                  _OC3RS = 0x1a8
                    0x01aa                  OC3R = 0x1aa
                    0x01aa                  _OC3R = 0x1aa
                    0x01ac                  OC3TMR = 0x1ac
                    0x01ac                  _OC3TMR = 0x1ac
                    0x01ae                  OC4CON1 = 0x1ae
                    0x01ae                  _OC4CON1 = 0x1ae
                    0x01ae                  _OC4CON1bits = 0x1ae
                    0x01b0                  OC4CON2 = 0x1b0
                    0x01b0                  _OC4CON2 = 0x1b0
                    0x01b0                  _OC4CON2bits = 0x1b0
                    0x01b2                  OC4RS = 0x1b2
                    0x01b2                  _OC4RS = 0x1b2
                    0x01b4                  OC4R = 0x1b4
                    0x01b4                  _OC4R = 0x1b4
                    0x01b6                  OC4TMR = 0x1b6
                    0x01b6                  _OC4TMR = 0x1b6
                    0x01b8                  OC5CON1 = 0x1b8
                    0x01b8                  _OC5CON1 = 0x1b8
                    0x01b8                  _OC5CON1bits = 0x1b8
                    0x01ba                  OC5CON2 = 0x1ba
                    0x01ba                  _OC5CON2 = 0x1ba
                    0x01ba                  _OC5CON2bits = 0x1ba
                    0x01bc                  OC5RS = 0x1bc
                    0x01bc                  _OC5RS = 0x1bc
                    0x01be                  OC5R = 0x1be
                    0x01be                  _OC5R = 0x1be
                    0x01c0                  OC5TMR = 0x1c0
                    0x01c0                  _OC5TMR = 0x1c0
                    0x0200                  I2C1RCV = 0x200
                    0x0200                  _I2C1RCV = 0x200
                    0x0202                  I2C1TRN = 0x202
                    0x0202                  _I2C1TRN = 0x202
                    0x0204                  I2C1BRG = 0x204
                    0x0204                  _I2C1BRG = 0x204
                    0x0206                  I2C1CON = 0x206
                    0x0206                  _I2C1CON = 0x206
                    0x0206                  _I2C1CONbits = 0x206
                    0x0208                  I2C1STAT = 0x208
                    0x0208                  _I2C1STAT = 0x208
                    0x0208                  _I2C1STATbits = 0x208
                    0x020a                  I2C1ADD = 0x20a
                    0x020a                  _I2C1ADD = 0x20a
                    0x020c                  I2C1MSK = 0x20c
                    0x020c                  _I2C1MSK = 0x20c
                    0x0210                  I2C2RCV = 0x210
                    0x0210                  _I2C2RCV = 0x210
                    0x0212                  I2C2TRN = 0x212
                    0x0212                  _I2C2TRN = 0x212
                    0x0214                  I2C2BRG = 0x214
                    0x0214                  _I2C2BRG = 0x214
                    0x0216                  I2C2CON = 0x216
                    0x0216                  _I2C2CON = 0x216
                    0x0216                  _I2C2CONbits = 0x216
                    0x0218                  I2C2STAT = 0x218
                    0x0218                  _I2C2STAT = 0x218
                    0x0218                  _I2C2STATbits = 0x218
                    0x021a                  I2C2ADD = 0x21a
                    0x021a                  _I2C2ADD = 0x21a
                    0x021c                  I2C2MSK = 0x21c
                    0x021c                  _I2C2MSK = 0x21c
                    0x0220                  U1MODE = 0x220
                    0x0220                  _U1MODE = 0x220
                    0x0220                  _U1MODEbits = 0x220
                    0x0222                  U1STA = 0x222
                    0x0222                  _U1STA = 0x222
                    0x0222                  _U1STAbits = 0x222
                    0x0224                  U1TXREG = 0x224
                    0x0224                  _U1TXREG = 0x224
                    0x0224                  _U1TXREGbits = 0x224
                    0x0226                  U1RXREG = 0x226
                    0x0226                  _U1RXREG = 0x226
                    0x0226                  _U1RXREGbits = 0x226
                    0x0228                  U1BRG = 0x228
                    0x0228                  _U1BRG = 0x228
                    0x0230                  U2MODE = 0x230
                    0x0230                  _U2MODE = 0x230
                    0x0230                  _U2MODEbits = 0x230
                    0x0232                  U2STA = 0x232
                    0x0232                  _U2STA = 0x232
                    0x0232                  _U2STAbits = 0x232
                    0x0234                  U2TXREG = 0x234
                    0x0234                  _U2TXREG = 0x234
                    0x0234                  _U2TXREGbits = 0x234
                    0x0236                  U2RXREG = 0x236
                    0x0236                  _U2RXREG = 0x236
                    0x0236                  _U2RXREGbits = 0x236
                    0x0238                  U2BRG = 0x238
                    0x0238                  _U2BRG = 0x238
                    0x0240                  SPI1STAT = 0x240
                    0x0240                  _SPI1STAT = 0x240
                    0x0240                  _SPI1STATbits = 0x240
                    0x0242                  SPI1CON1 = 0x242
                    0x0242                  _SPI1CON1 = 0x242
                    0x0242                  _SPI1CON1bits = 0x242
                    0x0244                  SPI1CON2 = 0x244
                    0x0244                  _SPI1CON2 = 0x244
                    0x0244                  _SPI1CON2bits = 0x244
                    0x0248                  SPI1BUF = 0x248
                    0x0248                  _SPI1BUF = 0x248
                    0x0260                  SPI2STAT = 0x260
                    0x0260                  _SPI2STAT = 0x260
                    0x0260                  _SPI2STATbits = 0x260
                    0x0262                  SPI2CON1 = 0x262
                    0x0262                  _SPI2CON1 = 0x262
                    0x0262                  _SPI2CON1bits = 0x262
                    0x0264                  SPI2CON2 = 0x264
                    0x0264                  _SPI2CON2 = 0x264
                    0x0264                  _SPI2CON2bits = 0x264
                    0x0268                  SPI2BUF = 0x268
                    0x0268                  _SPI2BUF = 0x268
                    0x02c0                  TRISA = 0x2c0
                    0x02c0                  _TRISA = 0x2c0
                    0x02c0                  _TRISAbits = 0x2c0
                    0x02c2                  PORTA = 0x2c2
                    0x02c2                  _PORTA = 0x2c2
                    0x02c2                  _PORTAbits = 0x2c2
                    0x02c4                  LATA = 0x2c4
                    0x02c4                  _LATA = 0x2c4
                    0x02c4                  _LATAbits = 0x2c4
                    0x02c6                  ODCA = 0x2c6
                    0x02c6                  _ODCA = 0x2c6
                    0x02c6                  _ODCAbits = 0x2c6
                    0x02c8                  TRISB = 0x2c8
                    0x02c8                  _TRISB = 0x2c8
                    0x02c8                  _TRISBbits = 0x2c8
                    0x02ca                  PORTB = 0x2ca
                    0x02ca                  _PORTB = 0x2ca
                    0x02ca                  _PORTBbits = 0x2ca
                    0x02cc                  LATB = 0x2cc
                    0x02cc                  _LATB = 0x2cc
                    0x02cc                  _LATBbits = 0x2cc
                    0x02ce                  ODCB = 0x2ce
                    0x02ce                  _ODCB = 0x2ce
                    0x02ce                  _ODCBbits = 0x2ce
                    0x02fc                  PADCFG1 = 0x2fc
                    0x02fc                  _PADCFG1 = 0x2fc
                    0x02fc                  _PADCFG1bits = 0x2fc
                    0x0300                  ADC1BUF0 = 0x300
                    0x0300                  _ADC1BUF0 = 0x300
                    0x0302                  ADC1BUF1 = 0x302
                    0x0302                  _ADC1BUF1 = 0x302
                    0x0304                  ADC1BUF2 = 0x304
                    0x0304                  _ADC1BUF2 = 0x304
                    0x0306                  ADC1BUF3 = 0x306
                    0x0306                  _ADC1BUF3 = 0x306
                    0x0308                  ADC1BUF4 = 0x308
                    0x0308                  _ADC1BUF4 = 0x308
                    0x030a                  ADC1BUF5 = 0x30a
                    0x030a                  _ADC1BUF5 = 0x30a
                    0x030c                  ADC1BUF6 = 0x30c
                    0x030c                  _ADC1BUF6 = 0x30c
                    0x030e                  ADC1BUF7 = 0x30e
                    0x030e                  _ADC1BUF7 = 0x30e
                    0x0310                  ADC1BUF8 = 0x310
                    0x0310                  _ADC1BUF8 = 0x310
                    0x0312                  ADC1BUF9 = 0x312
                    0x0312                  _ADC1BUF9 = 0x312
                    0x0314                  ADC1BUFA = 0x314
                    0x0314                  _ADC1BUFA = 0x314
                    0x0316                  ADC1BUFB = 0x316
                    0x0316                  _ADC1BUFB = 0x316
                    0x0318                  ADC1BUFC = 0x318
                    0x0318                  _ADC1BUFC = 0x318
                    0x031a                  ADC1BUFD = 0x31a
                    0x031a                  _ADC1BUFD = 0x31a
                    0x031c                  ADC1BUFE = 0x31c
                    0x031c                  _ADC1BUFE = 0x31c
                    0x031e                  ADC1BUFF = 0x31e
                    0x031e                  _ADC1BUFF = 0x31e
                    0x0320                  AD1CON1 = 0x320
                    0x0320                  _AD1CON1 = 0x320
                    0x0320                  _AD1CON1bits = 0x320
                    0x0322                  AD1CON2 = 0x322
                    0x0322                  _AD1CON2 = 0x322
                    0x0322                  _AD1CON2bits = 0x322
                    0x0324                  AD1CON3 = 0x324
                    0x0324                  _AD1CON3 = 0x324
                    0x0324                  _AD1CON3bits = 0x324
                    0x0328                  AD1CHS = 0x328
                    0x0328                  _AD1CHS = 0x328
                    0x0328                  _AD1CHSbits = 0x328
                    0x0328                  AD1CHS0 = 0x328
                    0x0328                  _AD1CHS0 = 0x328
                    0x0328                  _AD1CHS0bits = 0x328
                    0x032c                  AD1PCFG = 0x32c
                    0x032c                  _AD1PCFG = 0x32c
                    0x032c                  _AD1PCFGbits = 0x32c
                    0x032c                  AD1PCFGL = 0x32c
                    0x032c                  _AD1PCFGL = 0x32c
                    0x032c                  _AD1PCFGLbits = 0x32c
                    0x0330                  AD1CSSL = 0x330
                    0x0330                  _AD1CSSL = 0x330
                    0x0330                  _AD1CSSLbits = 0x330
                    0x033c                  CTMUCON = 0x33c
                    0x033c                  _CTMUCON = 0x33c
                    0x033c                  _CTMUCONbits = 0x33c
                    0x033e                  CTMUICON = 0x33e
                    0x033e                  _CTMUICON = 0x33e
                    0x033e                  _CTMUICONbits = 0x33e
                    0x0480                  U1OTGIR = 0x480
                    0x0480                  _U1OTGIR = 0x480
                    0x0480                  _U1OTGIRbits = 0x480
                    0x0482                  U1OTGIE = 0x482
                    0x0482                  _U1OTGIE = 0x482
                    0x0482                  _U1OTGIEbits = 0x482
                    0x0484                  U1OTGSTAT = 0x484
                    0x0484                  _U1OTGSTAT = 0x484
                    0x0484                  _U1OTGSTATbits = 0x484
                    0x0486                  U1OTGCON = 0x486
                    0x0486                  _U1OTGCON = 0x486
                    0x0486                  _U1OTGCONbits = 0x486
                    0x0488                  U1PWRC = 0x488
                    0x0488                  _U1PWRC = 0x488
                    0x0488                  _U1PWRCbits = 0x488
                    0x048a                  U1IR = 0x48a
                    0x048a                  _U1IR = 0x48a
                    0x048a                  _U1IRbits = 0x48a
                    0x048c                  U1IE = 0x48c
                    0x048c                  _U1IE = 0x48c
                    0x048c                  _U1IEbits = 0x48c
                    0x048e                  U1EIR = 0x48e
                    0x048e                  _U1EIR = 0x48e
                    0x048e                  _U1EIRbits = 0x48e
                    0x0490                  U1EIE = 0x490
                    0x0490                  _U1EIE = 0x490
                    0x0490                  _U1EIEbits = 0x490
                    0x0492                  U1STAT = 0x492
                    0x0492                  _U1STAT = 0x492
                    0x0492                  _U1STATbits = 0x492
                    0x0494                  U1CON = 0x494
                    0x0494                  _U1CON = 0x494
                    0x0494                  _U1CONbits = 0x494
                    0x0496                  U1ADDR = 0x496
                    0x0496                  _U1ADDR = 0x496
                    0x0496                  _U1ADDRbits = 0x496
                    0x0498                  U1BDTP1 = 0x498
                    0x0498                  _U1BDTP1 = 0x498
                    0x0498                  _U1BDTP1bits = 0x498
                    0x049a                  U1FRML = 0x49a
                    0x049a                  _U1FRML = 0x49a
                    0x049a                  _U1FRMLbits = 0x49a
                    0x049c                  U1FRMH = 0x49c
                    0x049c                  _U1FRMH = 0x49c
                    0x049c                  _U1FRMHbits = 0x49c
                    0x049e                  U1TOK = 0x49e
                    0x049e                  _U1TOK = 0x49e
                    0x049e                  _U1TOKbits = 0x49e
                    0x04a0                  U1SOF = 0x4a0
                    0x04a0                  _U1SOF = 0x4a0
                    0x04a0                  _U1SOFbits = 0x4a0
                    0x04a6                  U1CNFG1 = 0x4a6
                    0x04a6                  _U1CNFG1 = 0x4a6
                    0x04a6                  _U1CNFG1bits = 0x4a6
                    0x04a8                  U1CNFG2 = 0x4a8
                    0x04a8                  _U1CNFG2 = 0x4a8
                    0x04a8                  _U1CNFG2bits = 0x4a8
                    0x04aa                  U1EP0 = 0x4aa
                    0x04aa                  _U1EP0 = 0x4aa
                    0x04aa                  _U1EP0bits = 0x4aa
                    0x04ac                  U1EP1 = 0x4ac
                    0x04ac                  _U1EP1 = 0x4ac
                    0x04ac                  _U1EP1bits = 0x4ac
                    0x04ae                  U1EP2 = 0x4ae
                    0x04ae                  _U1EP2 = 0x4ae
                    0x04ae                  _U1EP2bits = 0x4ae
                    0x04b0                  U1EP3 = 0x4b0
                    0x04b0                  _U1EP3 = 0x4b0
                    0x04b0                  _U1EP3bits = 0x4b0
                    0x04b2                  U1EP4 = 0x4b2
                    0x04b2                  _U1EP4 = 0x4b2
                    0x04b2                  _U1EP4bits = 0x4b2
                    0x04b4                  U1EP5 = 0x4b4
                    0x04b4                  _U1EP5 = 0x4b4
                    0x04b4                  _U1EP5bits = 0x4b4
                    0x04b6                  U1EP6 = 0x4b6
                    0x04b6                  _U1EP6 = 0x4b6
                    0x04b6                  _U1EP6bits = 0x4b6
                    0x04b8                  U1EP7 = 0x4b8
                    0x04b8                  _U1EP7 = 0x4b8
                    0x04b8                  _U1EP7bits = 0x4b8
                    0x04ba                  U1EP8 = 0x4ba
                    0x04ba                  _U1EP8 = 0x4ba
                    0x04ba                  _U1EP8bits = 0x4ba
                    0x04bc                  U1EP9 = 0x4bc
                    0x04bc                  _U1EP9 = 0x4bc
                    0x04bc                  _U1EP9bits = 0x4bc
                    0x04be                  U1EP10 = 0x4be
                    0x04be                  _U1EP10 = 0x4be
                    0x04be                  _U1EP10bits = 0x4be
                    0x04c0                  U1EP11 = 0x4c0
                    0x04c0                  _U1EP11 = 0x4c0
                    0x04c0                  _U1EP11bits = 0x4c0
                    0x04c2                  U1EP12 = 0x4c2
                    0x04c2                  _U1EP12 = 0x4c2
                    0x04c2                  _U1EP12bits = 0x4c2
                    0x04c4                  U1EP13 = 0x4c4
                    0x04c4                  _U1EP13 = 0x4c4
                    0x04c4                  _U1EP13bits = 0x4c4
                    0x04c6                  U1EP14 = 0x4c6
                    0x04c6                  _U1EP14 = 0x4c6
                    0x04c6                  _U1EP14bits = 0x4c6
                    0x04c8                  U1EP15 = 0x4c8
                    0x04c8                  _U1EP15 = 0x4c8
                    0x04c8                  _U1EP15bits = 0x4c8
                    0x04cc                  U1PWMRRS = 0x4cc
                    0x04cc                  _U1PWMRRS = 0x4cc
                    0x04cc                  _U1PWMRRSbits = 0x4cc
                    0x04ce                  U1PWMCON = 0x4ce
                    0x04ce                  _U1PWMCON = 0x4ce
                    0x04ce                  _U1PWMCONbits = 0x4ce
                    0x0600                  PMCON = 0x600
                    0x0600                  _PMCON = 0x600
                    0x0600                  _PMCONbits = 0x600
                    0x0602                  PMMODE = 0x602
                    0x0602                  _PMMODE = 0x602
                    0x0602                  _PMMODEbits = 0x602
                    0x0604                  PMADDR = 0x604
                    0x0604                  _PMADDR = 0x604
                    0x0604                  _PMADDRbits = 0x604
                    0x0604                  PMDOUT1 = 0x604
                    0x0604                  _PMDOUT1 = 0x604
                    0x0604                  _PMDOUT1bits = 0x604
                    0x0606                  PMDOUT2 = 0x606
                    0x0606                  _PMDOUT2 = 0x606
                    0x0608                  PMDIN1 = 0x608
                    0x0608                  _PMDIN1 = 0x608
                    0x060a                  PMDIN2 = 0x60a
                    0x060a                  _PMDIN2 = 0x60a
                    0x060c                  PMAEN = 0x60c
                    0x060c                  _PMAEN = 0x60c
                    0x060c                  _PMAENbits = 0x60c
                    0x060e                  PMSTAT = 0x60e
                    0x060e                  _PMSTAT = 0x60e
                    0x060e                  _PMSTATbits = 0x60e
                    0x0620                  ALRMVAL = 0x620
                    0x0620                  _ALRMVAL = 0x620
                    0x0622                  ALCFGRPT = 0x622
                    0x0622                  _ALCFGRPT = 0x622
                    0x0622                  _ALCFGRPTbits = 0x622
                    0x0624                  RTCVAL = 0x624
                    0x0624                  _RTCVAL = 0x624
                    0x0626                  RCFGCAL = 0x626
                    0x0626                  _RCFGCAL = 0x626
                    0x0626                  _RCFGCALbits = 0x626
                    0x0640                  CRCCON = 0x640
                    0x0640                  _CRCCON = 0x640
                    0x0640                  _CRCCONbits = 0x640
                    0x0640                  CRCCON1 = 0x640
                    0x0640                  _CRCCON1 = 0x640
                    0x0640                  _CRCCON1bits = 0x640
                    0x0642                  CRCCON2 = 0x642
                    0x0642                  _CRCCON2 = 0x642
                    0x0642                  _CRCCON2bits = 0x642
                    0x0644                  CRCXOR = 0x644
                    0x0644                  _CRCXOR = 0x644
                    0x0644                  _CRCXORbits = 0x644
                    0x0644                  CRCXORL = 0x644
                    0x0644                  _CRCXORL = 0x644
                    0x0644                  _CRCXORLbits = 0x644
                    0x0646                  CRCXORH = 0x646
                    0x0646                  _CRCXORH = 0x646
                    0x0646                  _CRCXORHbits = 0x646
                    0x0648                  CRCDAT = 0x648
                    0x0648                  _CRCDAT = 0x648
                    0x0648                  CRCDAT32 = 0x648
                    0x0648                  _CRCDAT32 = 0x648
                    0x0648                  CRCDAT8 = 0x648
                    0x0648                  _CRCDAT8 = 0x648
                    0x0648                  CRCDATL = 0x648
                    0x0648                  _CRCDATL = 0x648
                    0x064a                  CRCDATH = 0x64a
                    0x064a                  _CRCDATH = 0x64a
                    0x064c                  CRCWDAT = 0x64c
                    0x064c                  _CRCWDAT = 0x64c
                    0x064c                  CRCWDATL = 0x64c
                    0x064c                  _CRCWDATL = 0x64c
                    0x064e                  CRCWDATH = 0x64e
                    0x064e                  _CRCWDATH = 0x64e
                    0x0650                  CMSTAT = 0x650
                    0x0650                  _CMSTAT = 0x650
                    0x0650                  _CMSTATbits = 0x650
                    0x0652                  CVRCON = 0x652
                    0x0652                  _CVRCON = 0x652
                    0x0652                  _CVRCONbits = 0x652
                    0x0654                  CM1CON = 0x654
                    0x0654                  _CM1CON = 0x654
                    0x0654                  _CM1CONbits = 0x654
                    0x065c                  CM2CON = 0x65c
                    0x065c                  _CM2CON = 0x65c
                    0x065c                  _CM2CONbits = 0x65c
                    0x0664                  CM3CON = 0x664
                    0x0664                  _CM3CON = 0x664
                    0x0664                  _CM3CONbits = 0x664
                    0x0680                  RPINR0 = 0x680
                    0x0680                  _RPINR0 = 0x680
                    0x0680                  _RPINR0bits = 0x680
                    0x0682                  RPINR1 = 0x682
                    0x0682                  _RPINR1 = 0x682
                    0x0682                  _RPINR1bits = 0x682
                    0x0686                  RPINR3 = 0x686
                    0x0686                  _RPINR3 = 0x686
                    0x0686                  _RPINR3bits = 0x686
                    0x0688                  RPINR4 = 0x688
                    0x0688                  _RPINR4 = 0x688
                    0x0688                  _RPINR4bits = 0x688
                    0x068e                  RPINR7 = 0x68e
                    0x068e                  _RPINR7 = 0x68e
                    0x068e                  _RPINR7bits = 0x68e
                    0x0690                  RPINR8 = 0x690
                    0x0690                  _RPINR8 = 0x690
                    0x0690                  _RPINR8bits = 0x690
                    0x0692                  RPINR9 = 0x692
                    0x0692                  _RPINR9 = 0x692
                    0x0692                  _RPINR9bits = 0x692
                    0x0696                  RPINR11 = 0x696
                    0x0696                  _RPINR11 = 0x696
                    0x0696                  _RPINR11bits = 0x696
                    0x06a4                  RPINR18 = 0x6a4
                    0x06a4                  _RPINR18 = 0x6a4
                    0x06a4                  _RPINR18bits = 0x6a4
                    0x06a6                  RPINR19 = 0x6a6
                    0x06a6                  _RPINR19 = 0x6a6
                    0x06a6                  _RPINR19bits = 0x6a6
                    0x06a8                  RPINR20 = 0x6a8
                    0x06a8                  _RPINR20 = 0x6a8
                    0x06a8                  _RPINR20bits = 0x6a8
                    0x06aa                  RPINR21 = 0x6aa
                    0x06aa                  _RPINR21 = 0x6aa
                    0x06aa                  _RPINR21bits = 0x6aa
                    0x06ac                  RPINR22 = 0x6ac
                    0x06ac                  _RPINR22 = 0x6ac
                    0x06ac                  _RPINR22bits = 0x6ac
                    0x06ae                  RPINR23 = 0x6ae
                    0x06ae                  _RPINR23 = 0x6ae
                    0x06ae                  _RPINR23bits = 0x6ae
                    0x06c0                  RPOR0 = 0x6c0
                    0x06c0                  _RPOR0 = 0x6c0
                    0x06c0                  _RPOR0bits = 0x6c0
                    0x06c2                  RPOR1 = 0x6c2
                    0x06c2                  _RPOR1 = 0x6c2
                    0x06c2                  _RPOR1bits = 0x6c2
                    0x06c4                  RPOR2 = 0x6c4
                    0x06c4                  _RPOR2 = 0x6c4
                    0x06c4                  _RPOR2bits = 0x6c4
                    0x06c6                  RPOR3 = 0x6c6
                    0x06c6                  _RPOR3 = 0x6c6
                    0x06c6                  _RPOR3bits = 0x6c6
                    0x06c8                  RPOR4 = 0x6c8
                    0x06c8                  _RPOR4 = 0x6c8
                    0x06c8                  _RPOR4bits = 0x6c8
                    0x06ca                  RPOR5 = 0x6ca
                    0x06ca                  _RPOR5 = 0x6ca
                    0x06ca                  _RPOR5bits = 0x6ca
                    0x06cc                  RPOR6 = 0x6cc
                    0x06cc                  _RPOR6 = 0x6cc
                    0x06cc                  _RPOR6bits = 0x6cc
                    0x06ce                  RPOR7 = 0x6ce
                    0x06ce                  _RPOR7 = 0x6ce
                    0x06ce                  _RPOR7bits = 0x6ce
                    0x0740                  RCON = 0x740
                    0x0740                  _RCON = 0x740
                    0x0740                  _RCONbits = 0x740
                    0x0742                  OSCCON = 0x742
                    0x0742                  _OSCCON = 0x742
                    0x0742                  _OSCCONbits = 0x742
                    0x0742                  OSCCONL = 0x742
                    0x0742                  _OSCCONL = 0x742
                    0x0743                  OSCCONH = 0x743
                    0x0743                  _OSCCONH = 0x743
                    0x0744                  CLKDIV = 0x744
                    0x0744                  _CLKDIV = 0x744
                    0x0744                  _CLKDIVbits = 0x744
                    0x0748                  OSCTUN = 0x748
                    0x0748                  _OSCTUN = 0x748
                    0x0748                  _OSCTUNbits = 0x748
                    0x074e                  REFOCON = 0x74e
                    0x074e                  _REFOCON = 0x74e
                    0x074e                  _REFOCONbits = 0x74e
                    0x0758                  DSCON = 0x758
                    0x0758                  _DSCON = 0x758
                    0x0758                  _DSCONbits = 0x758
                    0x075a                  DSWAKE = 0x75a
                    0x075a                  _DSWAKE = 0x75a
                    0x075a                  _DSWAKEbits = 0x75a
                    0x075c                  DSGPR0 = 0x75c
                    0x075c                  _DSGPR0 = 0x75c
                    0x075c                  _DSGPR0bits = 0x75c
                    0x075e                  DSGPR1 = 0x75e
                    0x075e                  _DSGPR1 = 0x75e
                    0x075e                  _DSGPR1bits = 0x75e
                    0x0760                  NVMCON = 0x760
                    0x0760                  _NVMCON = 0x760
                    0x0760                  _NVMCONbits = 0x760
                    0x0766                  NVMKEY = 0x766
                    0x0766                  _NVMKEY = 0x766
                    0x0770                  PMD1 = 0x770
                    0x0770                  _PMD1 = 0x770
                    0x0770                  _PMD1bits = 0x770
                    0x0772                  PMD2 = 0x772
                    0x0772                  _PMD2 = 0x772
                    0x0772                  _PMD2bits = 0x772
                    0x0774                  PMD3 = 0x774
                    0x0774                  _PMD3 = 0x774
                    0x0774                  _PMD3bits = 0x774
                    0x0776                  PMD4 = 0x776
                    0x0776                  _PMD4 = 0x776
                    0x0776                  _PMD4bits = 0x776
                    0x0144                  IC1 = 0x144
                    0x0144                  _IC1 = 0x144
                    0x014c                  IC2 = 0x14c
                    0x014c                  _IC2 = 0x14c
                    0x0154                  IC3 = 0x154
                    0x0154                  _IC3 = 0x154
                    0x015c                  IC4 = 0x15c
                    0x015c                  _IC4 = 0x15c
                    0x0164                  IC5 = 0x164
                    0x0164                  _IC5 = 0x164
                    0x0194                  OC1 = 0x194
                    0x0194                  _OC1 = 0x194
                    0x019e                  OC2 = 0x19e
                    0x019e                  _OC2 = 0x19e
                    0x01a8                  OC3 = 0x1a8
                    0x01a8                  _OC3 = 0x1a8
                    0x01b2                  OC4 = 0x1b2
                    0x01b2                  _OC4 = 0x1b2
                    0x01bc                  OC5 = 0x1bc
                    0x01bc                  _OC5 = 0x1bc
                    0x0240                  SPI1 = 0x240
                    0x0240                  _SPI1 = 0x240
                    0x0260                  SPI2 = 0x260
                    0x0260                  _SPI2 = 0x260
                    0x0220                  UART1 = 0x220
                    0x0220                  _UART1 = 0x220
                    0x0230                  UART2 = 0x230
                    0x0230                  _UART2 = 0x230

EZBL_RAM_AT_0x0A50
                    0x0a50        0x546
 *(EZBL_RAM_AT_0x0A50)
 EZBL_RAM_AT_0x0A50
                    0x0a50        0x546 build/usb_msd/production/ezbl_integration/ex_boot_usb_msd.merge.o

EZBL_RAM_AT_0x1000
                    0x1000        0x5e8
 *(EZBL_RAM_AT_0x1000)
 EZBL_RAM_AT_0x1000
                    0x1000        0x5e8 build/usb_msd/production/ezbl_integration/ex_boot_usb_msd.merge.o

EZBL_AppErasable
                  0x004800         0x10
 *(EZBL_AppErasable)
 EZBL_AppErasable
                  0x004800         0x10 build/usb_msd/production/ezbl_integration/ex_boot_usb_msd.merge.o

.igt              0x004810         0x5c
                  0x004810          0x4 LONG 0x372d00 (0x370000 | (((ABSOLUTE (DEFINED (__OscillatorFail)?ABSOLUTE (__OscillatorFail):ABSOLUTE (__DefaultInterrupt)) - ABSOLUTE ((. + 0x2))) >> 0x1) & 0xffff))
                  0x004812          0x4 LONG 0x372cff (0x370000 | (((ABSOLUTE (DEFINED (__AddressError)?ABSOLUTE (__AddressError):ABSOLUTE (__DefaultInterrupt)) - ABSOLUTE ((. + 0x2))) >> 0x1) & 0xffff))
                  0x004814          0x4 LONG 0x372cfe (0x370000 | (((ABSOLUTE (DEFINED (__StackError)?ABSOLUTE (__StackError):ABSOLUTE (__DefaultInterrupt)) - ABSOLUTE ((. + 0x2))) >> 0x1) & 0xffff))
                  0x004816          0x4 LONG 0x372cfd (0x370000 | (((ABSOLUTE (DEFINED (__MathError)?ABSOLUTE (__MathError):ABSOLUTE (__DefaultInterrupt)) - ABSOLUTE ((. + 0x2))) >> 0x1) & 0xffff))
                  0x004818          0x4 LONG 0x372cfc (0x370000 | (((ABSOLUTE (DEFINED (__INT0Interrupt)?ABSOLUTE (__INT0Interrupt):ABSOLUTE (__DefaultInterrupt)) - ABSOLUTE ((. + 0x2))) >> 0x1) & 0xffff))
                  0x00481a          0x4 LONG 0x372cfb (0x370000 | (((ABSOLUTE (DEFINED (__IC1Interrupt)?ABSOLUTE (__IC1Interrupt):ABSOLUTE (__DefaultInterrupt)) - ABSOLUTE ((. + 0x2))) >> 0x1) & 0xffff))
                  0x00481c          0x4 LONG 0x372cfa (0x370000 | (((ABSOLUTE (DEFINED (__OC1Interrupt)?ABSOLUTE (__OC1Interrupt):ABSOLUTE (__DefaultInterrupt)) - ABSOLUTE ((. + 0x2))) >> 0x1) & 0xffff))
                  0x00481e          0x4 LONG 0x37fd18 (0x370000 | (((ABSOLUTE (DEFINED (__T1Interrupt)?ABSOLUTE (__T1Interrupt):ABSOLUTE (__DefaultInterrupt)) - ABSOLUTE ((. + 0x2))) >> 0x1) & 0xffff))
                  0x004820          0x4 LONG 0x372cf8 (0x370000 | (((ABSOLUTE (DEFINED (__IC2Interrupt)?ABSOLUTE (__IC2Interrupt):ABSOLUTE (__DefaultInterrupt)) - ABSOLUTE ((. + 0x2))) >> 0x1) & 0xffff))
                  0x004822          0x4 LONG 0x372cf7 (0x370000 | (((ABSOLUTE (DEFINED (__OC2Interrupt)?ABSOLUTE (__OC2Interrupt):ABSOLUTE (__DefaultInterrupt)) - ABSOLUTE ((. + 0x2))) >> 0x1) & 0xffff))
                  0x004824          0x4 LONG 0x372ce9 (0x370000 | (((ABSOLUTE (DEFINED (__T2Interrupt)?ABSOLUTE (__T2Interrupt):ABSOLUTE (__DefaultInterrupt)) - ABSOLUTE ((. + 0x2))) >> 0x1) & 0xffff))
                  0x004826          0x4 LONG 0x372cdb (0x370000 | (((ABSOLUTE (DEFINED (__T3Interrupt)?ABSOLUTE (__T3Interrupt):ABSOLUTE (__DefaultInterrupt)) - ABSOLUTE ((. + 0x2))) >> 0x1) & 0xffff))
                  0x004828          0x4 LONG 0x372cf4 (0x370000 | (((ABSOLUTE (DEFINED (__SPI1ErrInterrupt)?ABSOLUTE (__SPI1ErrInterrupt):ABSOLUTE (__DefaultInterrupt)) - ABSOLUTE ((. + 0x2))) >> 0x1) & 0xffff))
                  0x00482a          0x4 LONG 0x372cf3 (0x370000 | (((ABSOLUTE (DEFINED (__SPI1Interrupt)?ABSOLUTE (__SPI1Interrupt):ABSOLUTE (__DefaultInterrupt)) - ABSOLUTE ((. + 0x2))) >> 0x1) & 0xffff))
                  0x00482c          0x4 LONG 0x372cf2 (0x370000 | (((ABSOLUTE (DEFINED (__U1RXInterrupt)?ABSOLUTE (__U1RXInterrupt):ABSOLUTE (__DefaultInterrupt)) - ABSOLUTE ((. + 0x2))) >> 0x1) & 0xffff))
                  0x00482e          0x4 LONG 0x372cf1 (0x370000 | (((ABSOLUTE (DEFINED (__U1TXInterrupt)?ABSOLUTE (__U1TXInterrupt):ABSOLUTE (__DefaultInterrupt)) - ABSOLUTE ((. + 0x2))) >> 0x1) & 0xffff))
                  0x004830          0x4 LONG 0x372cf0 (0x370000 | (((ABSOLUTE (DEFINED (__ADC1Interrupt)?ABSOLUTE (__ADC1Interrupt):ABSOLUTE (__DefaultInterrupt)) - ABSOLUTE ((. + 0x2))) >> 0x1) & 0xffff))
                  0x004832          0x4 LONG 0x372cef (0x370000 | (((ABSOLUTE (DEFINED (__SI2C1Interrupt)?ABSOLUTE (__SI2C1Interrupt):ABSOLUTE (__DefaultInterrupt)) - ABSOLUTE ((. + 0x2))) >> 0x1) & 0xffff))
                  0x004834          0x4 LONG 0x372cee (0x370000 | (((ABSOLUTE (DEFINED (__MI2C1Interrupt)?ABSOLUTE (__MI2C1Interrupt):ABSOLUTE (__DefaultInterrupt)) - ABSOLUTE ((. + 0x2))) >> 0x1) & 0xffff))
                  0x004836          0x4 LONG 0x372ced (0x370000 | (((ABSOLUTE (DEFINED (__CompInterrupt)?ABSOLUTE (__CompInterrupt):ABSOLUTE (__DefaultInterrupt)) - ABSOLUTE ((. + 0x2))) >> 0x1) & 0xffff))
                  0x004838          0x4 LONG 0x372cec (0x370000 | (((ABSOLUTE (DEFINED (__CNInterrupt)?ABSOLUTE (__CNInterrupt):ABSOLUTE (__DefaultInterrupt)) - ABSOLUTE ((. + 0x2))) >> 0x1) & 0xffff))
                  0x00483a          0x4 LONG 0x372ceb (0x370000 | (((ABSOLUTE (DEFINED (__INT1Interrupt)?ABSOLUTE (__INT1Interrupt):ABSOLUTE (__DefaultInterrupt)) - ABSOLUTE ((. + 0x2))) >> 0x1) & 0xffff))
                  0x00483c          0x4 LONG 0x372cea (0x370000 | (((ABSOLUTE (DEFINED (__OC3Interrupt)?ABSOLUTE (__OC3Interrupt):ABSOLUTE (__DefaultInterrupt)) - ABSOLUTE ((. + 0x2))) >> 0x1) & 0xffff))
                  0x00483e          0x4 LONG 0x372ce9 (0x370000 | (((ABSOLUTE (DEFINED (__OC4Interrupt)?ABSOLUTE (__OC4Interrupt):ABSOLUTE (__DefaultInterrupt)) - ABSOLUTE ((. + 0x2))) >> 0x1) & 0xffff))
                  0x004840          0x4 LONG 0x372cc1 (0x370000 | (((ABSOLUTE (DEFINED (__T4Interrupt)?ABSOLUTE (__T4Interrupt):ABSOLUTE (__DefaultInterrupt)) - ABSOLUTE ((. + 0x2))) >> 0x1) & 0xffff))
                  0x004842          0x4 LONG 0x372ce7 (0x370000 | (((ABSOLUTE (DEFINED (__T5Interrupt)?ABSOLUTE (__T5Interrupt):ABSOLUTE (__DefaultInterrupt)) - ABSOLUTE ((. + 0x2))) >> 0x1) & 0xffff))
                  0x004844          0x4 LONG 0x372ce6 (0x370000 | (((ABSOLUTE (DEFINED (__INT2Interrupt)?ABSOLUTE (__INT2Interrupt):ABSOLUTE (__DefaultInterrupt)) - ABSOLUTE ((. + 0x2))) >> 0x1) & 0xffff))
                  0x004846          0x4 LONG 0x372cae (0x370000 | (((ABSOLUTE (DEFINED (__U2RXInterrupt)?ABSOLUTE (__U2RXInterrupt):ABSOLUTE (__DefaultInterrupt)) - ABSOLUTE ((. + 0x2))) >> 0x1) & 0xffff))
                  0x004848          0x4 LONG 0x372ce4 (0x370000 | (((ABSOLUTE (DEFINED (__U2TXInterrupt)?ABSOLUTE (__U2TXInterrupt):ABSOLUTE (__DefaultInterrupt)) - ABSOLUTE ((. + 0x2))) >> 0x1) & 0xffff))
                  0x00484a          0x4 LONG 0x372ce3 (0x370000 | (((ABSOLUTE (DEFINED (__SPI2ErrInterrupt)?ABSOLUTE (__SPI2ErrInterrupt):ABSOLUTE (__DefaultInterrupt)) - ABSOLUTE ((. + 0x2))) >> 0x1) & 0xffff))
                  0x00484c          0x4 LONG 0x372ce2 (0x370000 | (((ABSOLUTE (DEFINED (__SPI2Interrupt)?ABSOLUTE (__SPI2Interrupt):ABSOLUTE (__DefaultInterrupt)) - ABSOLUTE ((. + 0x2))) >> 0x1) & 0xffff))
                  0x00484e          0x4 LONG 0x372ce1 (0x370000 | (((ABSOLUTE (DEFINED (__IC3Interrupt)?ABSOLUTE (__IC3Interrupt):ABSOLUTE (__DefaultInterrupt)) - ABSOLUTE ((. + 0x2))) >> 0x1) & 0xffff))
                  0x004850          0x4 LONG 0x372ce0 (0x370000 | (((ABSOLUTE (DEFINED (__IC4Interrupt)?ABSOLUTE (__IC4Interrupt):ABSOLUTE (__DefaultInterrupt)) - ABSOLUTE ((. + 0x2))) >> 0x1) & 0xffff))
                  0x004852          0x4 LONG 0x372cdf (0x370000 | (((ABSOLUTE (DEFINED (__IC5Interrupt)?ABSOLUTE (__IC5Interrupt):ABSOLUTE (__DefaultInterrupt)) - ABSOLUTE ((. + 0x2))) >> 0x1) & 0xffff))
                  0x004854          0x4 LONG 0x372cde (0x370000 | (((ABSOLUTE (DEFINED (__OC5Interrupt)?ABSOLUTE (__OC5Interrupt):ABSOLUTE (__DefaultInterrupt)) - ABSOLUTE ((. + 0x2))) >> 0x1) & 0xffff))
                  0x004856          0x4 LONG 0x372cdd (0x370000 | (((ABSOLUTE (DEFINED (__PMPInterrupt)?ABSOLUTE (__PMPInterrupt):ABSOLUTE (__DefaultInterrupt)) - ABSOLUTE ((. + 0x2))) >> 0x1) & 0xffff))
                  0x004858          0x4 LONG 0x372cdc (0x370000 | (((ABSOLUTE (DEFINED (__SI2C2Interrupt)?ABSOLUTE (__SI2C2Interrupt):ABSOLUTE (__DefaultInterrupt)) - ABSOLUTE ((. + 0x2))) >> 0x1) & 0xffff))
                  0x00485a          0x4 LONG 0x372cdb (0x370000 | (((ABSOLUTE (DEFINED (__MI2C2Interrupt)?ABSOLUTE (__MI2C2Interrupt):ABSOLUTE (__DefaultInterrupt)) - ABSOLUTE ((. + 0x2))) >> 0x1) & 0xffff))
                  0x00485c          0x4 LONG 0x372cda (0x370000 | (((ABSOLUTE (DEFINED (__RTCCInterrupt)?ABSOLUTE (__RTCCInterrupt):ABSOLUTE (__DefaultInterrupt)) - ABSOLUTE ((. + 0x2))) >> 0x1) & 0xffff))
                  0x00485e          0x4 LONG 0x372cd9 (0x370000 | (((ABSOLUTE (DEFINED (__U1ErrInterrupt)?ABSOLUTE (__U1ErrInterrupt):ABSOLUTE (__DefaultInterrupt)) - ABSOLUTE ((. + 0x2))) >> 0x1) & 0xffff))
                  0x004860          0x4 LONG 0x372cd8 (0x370000 | (((ABSOLUTE (DEFINED (__U2ErrInterrupt)?ABSOLUTE (__U2ErrInterrupt):ABSOLUTE (__DefaultInterrupt)) - ABSOLUTE ((. + 0x2))) >> 0x1) & 0xffff))
                  0x004862          0x4 LONG 0x372cd7 (0x370000 | (((ABSOLUTE (DEFINED (__CRCInterrupt)?ABSOLUTE (__CRCInterrupt):ABSOLUTE (__DefaultInterrupt)) - ABSOLUTE ((. + 0x2))) >> 0x1) & 0xffff))
                  0x004864          0x4 LONG 0x372cd6 (0x370000 | (((ABSOLUTE (DEFINED (__LVDInterrupt)?ABSOLUTE (__LVDInterrupt):ABSOLUTE (__DefaultInterrupt)) - ABSOLUTE ((. + 0x2))) >> 0x1) & 0xffff))
                  0x004866          0x4 LONG 0x372cd5 (0x370000 | (((ABSOLUTE (DEFINED (__CTMUInterrupt)?ABSOLUTE (__CTMUInterrupt):ABSOLUTE (__DefaultInterrupt)) - ABSOLUTE ((. + 0x2))) >> 0x1) & 0xffff))
                  0x004868          0x4 LONG 0x372c8d (0x370000 | (((ABSOLUTE (DEFINED (__USB1Interrupt)?ABSOLUTE (__USB1Interrupt):ABSOLUTE (__DefaultInterrupt)) - ABSOLUTE ((. + 0x2))) >> 0x1) & 0xffff))
                  0x00486a          0x4 LONG 0x372cd3 (0x370000 | (((ABSOLUTE (ABSOLUTE (__DefaultInterrupt)) - ABSOLUTE ((. + 0x2))) >> 0x1) & 0xffff))

.const            0x00a000         0xb4 load address 0x00a000  
                  0x00a000          0x4 LONG 0xffffff
 *(.const)
 .const           0x00a002         0xb2 build/usb_msd/production/usb/src/usb_descriptors.o
                  0x00a002                  _device_dsc
                  0x00a014                  _configDescriptor1
                  0x00a07a                  _sd000
                  0x00a07e                  _sd001
                  0x00a08e                  _sd002
                  0x00a0ac                  _USB_CD_Ptr
                  0x00a0ae                  _USB_SD_Ptr

EZBL_ROM_AT_0x0000
 *(EZBL_ROM_AT_0x0000)

EZBL_ROM_AT_0x0004
 *(EZBL_ROM_AT_0x0004)

EZBL_ROM_AT_0x0104
 *(EZBL_ROM_AT_0x0104)

EZBL_ROM_AT_0x0200
 *(EZBL_ROM_AT_0x0200)

EZBL_ROM_AT_0x8000
 *(EZBL_ROM_AT_0x8000)

EZBL_BTLDR_CONFIG_WORD_CONFIG4
                  0x00abf8          0x2
 *(EZBL_BTLDR_CONFIG_WORD_CONFIG4)
 EZBL_BTLDR_CONFIG_WORD_CONFIG4
                  0x00abf8          0x2 build/usb_msd/production/ezbl_integration/ex_boot_usb_msd.merge.o

EZBL_BTLDR_CONFIG_WORD_CONFIG3
                  0x00abfa          0x2
 *(EZBL_BTLDR_CONFIG_WORD_CONFIG3)
 EZBL_BTLDR_CONFIG_WORD_CONFIG3
                  0x00abfa          0x2 build/usb_msd/production/ezbl_integration/ex_boot_usb_msd.merge.o

EZBL_BTLDR_CONFIG_WORD_CONFIG2
                  0x00abfc          0x2
 *(EZBL_BTLDR_CONFIG_WORD_CONFIG2)
 EZBL_BTLDR_CONFIG_WORD_CONFIG2
                  0x00abfc          0x2 build/usb_msd/production/ezbl_integration/ex_boot_usb_msd.merge.o

EZBL_BTLDR_CONFIG_WORD_CONFIG1
                  0x00abfe          0x2
 *(EZBL_BTLDR_CONFIG_WORD_CONFIG1)
 EZBL_BTLDR_CONFIG_WORD_CONFIG1
                  0x00abfe          0x2 build/usb_msd/production/ezbl_integration/ex_boot_usb_msd.merge.o

.text             0x00a0b4        0x164
 *(.init)
 .init            0x00a0b4         0x4c /home/sladekm/software/microchip/XC16/v1.36/bin/bin/../../lib/liblega-pic30-elf.a(crt0_standard.o)
                  0x00a0b4                  __reset
                  0x00a0b4                  __resetPRI
                  0x00a0f0                  __psv_init
 .init            0x00a100         0x7c /home/sladekm/software/microchip/XC16/v1.36/bin/bin/../../lib/liblega-pic30-elf.a(data_init_standard.o)
                  0x00a106                  __data_init
                  0x00a106                  __data_init_standard
 *(.user_init)
 *(.handle)
 *(.isr*)
 .isr.text        0x00a184         0x40 build/usb_msd/production/src/system.o
                  0x00a184                  __USB1Interrupt
                  0x00a1a4                  __U2RXInterrupt
 .isr.text        0x00a1c4         0x4e build/usb_msd/production/src/timer.o
                  0x00a1c4                  __T4Interrupt
                  0x00a1de                  __T3Interrupt
                  0x00a1f8                  __T2Interrupt
 .isr             0x00a212          0x4 default_isr
                  0x00a212                  __DefaultInterrupt
 *(.libc)
 *(.libm)
 *(.libdsp)
 *(.lib*)
 .libpic30_crt_start_mode
                  0x00a216          0x2 /home/sladekm/software/microchip/XC16/v1.36/bin/bin/../../lib/liblega-pic30-elf.a(crt_start_mode_normal.Leo)
                  0x00a216                  __crt_start_mode_normal
                  0x00a216                  __crt_start_mode

usercode
 *(usercode)

__CONFIG4
 *(__CONFIG4.sec*)

__CONFIG3
 *(__CONFIG3.sec*)

__CONFIG2
 *(__CONFIG2.sec*)

__CONFIG1
 *(__CONFIG1.sec*)

.comment
 *(.comment)

.debug_info       0x000000       0xd801
 *(.debug_info)
 .debug_info      0x000000       0x2670 build/usb_msd/production/usb/src/usb_device.o
 .debug_info      0x002670        0x846 build/usb_msd/production/usb/src/usb_descriptors.o
 .debug_info      0x002eb6        0x58f build/usb_msd/production/usb/src/usb_events.o
 .debug_info      0x003445       0x3bdb build/usb_msd/production/usb/src/usb_host.o
 .debug_info      0x007020        0xa80 build/usb_msd/production/usb/src/usb_host_midi.o
 .debug_info      0x007aa0        0x856 build/usb_msd/production/usb/src/usb_host_config.o
 .debug_info      0x0082f6        0xb05 build/usb_msd/production/src/app_host_midi_basic.o
 .debug_info      0x008dfb        0x64b build/usb_msd/production/src/leds.o
 .debug_info      0x009446        0x7c9 build/usb_msd/production/src/main.o
 .debug_info      0x009c0f       0x12c5 build/usb_msd/production/src/system.o
 .debug_info      0x00aed4       0x1055 build/usb_msd/production/src/timer.o
 .debug_info      0x00bf29        0xecf build/usb_msd/production/src/app_device_midi_basic.o
 .debug_info      0x00cdf8         0xd0 build/usb_msd/production/ezbl_integration/ex_boot_usb_msd.merge.o
 .debug_info      0x00cec8        0x939 build/usb_msd/production/src/midi_jack.o
 *(.gnu.linkonce.wi.*)

.debug_abbrev     0x000000       0x14e7
 *(.debug_abbrev)
 .debug_abbrev    0x000000        0x2da build/usb_msd/production/usb/src/usb_device.o
 .debug_abbrev    0x0002da        0x102 build/usb_msd/production/usb/src/usb_descriptors.o
 .debug_abbrev    0x0003dc         0x7c build/usb_msd/production/usb/src/usb_events.o
 .debug_abbrev    0x000458        0x30e build/usb_msd/production/usb/src/usb_host.o
 .debug_abbrev    0x000766        0x1cc build/usb_msd/production/usb/src/usb_host_midi.o
 .debug_abbrev    0x000932        0x113 build/usb_msd/production/usb/src/usb_host_config.o
 .debug_abbrev    0x000a45        0x1a5 build/usb_msd/production/src/app_host_midi_basic.o
 .debug_abbrev    0x000bea        0x174 build/usb_msd/production/src/leds.o
 .debug_abbrev    0x000d5e         0xe3 build/usb_msd/production/src/main.o
 .debug_abbrev    0x000e41        0x188 build/usb_msd/production/src/system.o
 .debug_abbrev    0x000fc9        0x13a build/usb_msd/production/src/timer.o
 .debug_abbrev    0x001103        0x229 build/usb_msd/production/src/app_device_midi_basic.o
 .debug_abbrev    0x00132c         0x14 build/usb_msd/production/ezbl_integration/ex_boot_usb_msd.merge.o
 .debug_abbrev    0x001340        0x1a7 build/usb_msd/production/src/midi_jack.o

.debug_line       0x000000       0x1acb
 *(.debug_line)
 .debug_line      0x000000        0x3d0 build/usb_msd/production/usb/src/usb_device.o
 .debug_line      0x0003d0         0xb1 build/usb_msd/production/usb/src/usb_descriptors.o
 .debug_line      0x000481         0xc8 build/usb_msd/production/usb/src/usb_events.o
 .debug_line      0x000549        0x982 build/usb_msd/production/usb/src/usb_host.o
 .debug_line      0x000ecb        0x17c build/usb_msd/production/usb/src/usb_host_midi.o
 .debug_line      0x001047         0xb2 build/usb_msd/production/usb/src/usb_host_config.o
 .debug_line      0x0010f9        0x141 build/usb_msd/production/src/app_host_midi_basic.o
 .debug_line      0x00123a        0x177 build/usb_msd/production/src/leds.o
 .debug_line      0x0013b1        0x109 build/usb_msd/production/src/main.o
 .debug_line      0x0014ba        0x16c build/usb_msd/production/src/system.o
 .debug_line      0x001626        0x121 build/usb_msd/production/src/timer.o
 .debug_line      0x001747        0x1a0 build/usb_msd/production/src/app_device_midi_basic.o
 .debug_line      0x0018e7         0x56 build/usb_msd/production/ezbl_integration/ex_boot_usb_msd.merge.o
 .debug_line      0x00193d        0x18e build/usb_msd/production/src/midi_jack.o

.debug_frame      0x000000        0xae8
 *(.debug_frame)
 .debug_frame     0x000000        0x1f6 build/usb_msd/production/usb/src/usb_device.o
 .debug_frame     0x0001f6         0x24 build/usb_msd/production/usb/src/usb_events.o
 .debug_frame     0x00021a        0x3be build/usb_msd/production/usb/src/usb_host.o
 .debug_frame     0x0005d8         0x9e build/usb_msd/production/usb/src/usb_host_midi.o
 .debug_frame     0x000676         0x68 build/usb_msd/production/src/app_host_midi_basic.o
 .debug_frame     0x0006de        0x144 build/usb_msd/production/src/leds.o
 .debug_frame     0x000822         0x5a build/usb_msd/production/src/main.o
 .debug_frame     0x00087c         0xb8 build/usb_msd/production/src/system.o
 .debug_frame     0x000934         0xf0 build/usb_msd/production/src/timer.o
 .debug_frame     0x000a24         0x80 build/usb_msd/production/src/app_device_midi_basic.o
 .debug_frame     0x000aa4         0x44 build/usb_msd/production/src/midi_jack.o

.debug_str        0x000000        0x957
 *(.debug_str)
 .debug_str       0x000000        0x2ae build/usb_msd/production/usb/src/usb_device.o
 .debug_str       0x0002ae         0x2a build/usb_msd/production/usb/src/usb_descriptors.o
 .debug_str       0x0002d8        0x25f build/usb_msd/production/usb/src/usb_host.o
 .debug_str       0x000537         0x54 build/usb_msd/production/usb/src/usb_host_midi.o
 .debug_str       0x00058b         0x87 build/usb_msd/production/src/app_host_midi_basic.o
 .debug_str       0x000612         0x2b build/usb_msd/production/src/leds.o
 .debug_str       0x00063d         0x2c build/usb_msd/production/src/main.o
 .debug_str       0x000669         0x5d build/usb_msd/production/src/system.o
 .debug_str       0x0006c6         0x6b build/usb_msd/production/src/timer.o
 .debug_str       0x000731         0xeb build/usb_msd/production/src/app_device_midi_basic.o
 .debug_str       0x00081c        0x13b build/usb_msd/production/src/midi_jack.o

.debug_loc
 *(.debug_loc)

.debug_macinfo
 *(.debug_macinfo)

.debug_pubnames
                  0x000000        0xfd2
 *(.debug_pubnames)
 .debug_pubnames
                  0x000000        0x37b build/usb_msd/production/usb/src/usb_device.o
 .debug_pubnames
                  0x00037b         0x73 build/usb_msd/production/usb/src/usb_descriptors.o
 .debug_pubnames
                  0x0003ee         0x36 build/usb_msd/production/usb/src/usb_events.o
 .debug_pubnames
                  0x000424        0x40b build/usb_msd/production/usb/src/usb_host.o
 .debug_pubnames
                  0x00082f         0x6b build/usb_msd/production/usb/src/usb_host_midi.o
 .debug_pubnames
                  0x00089a         0x33 build/usb_msd/production/usb/src/usb_host_config.o
 .debug_pubnames
                  0x0008cd        0x135 build/usb_msd/production/src/app_host_midi_basic.o
 .debug_pubnames
                  0x000a02        0x13f build/usb_msd/production/src/leds.o
 .debug_pubnames
                  0x000b41         0x56 build/usb_msd/production/src/main.o
 .debug_pubnames
                  0x000b97         0x86 build/usb_msd/production/src/system.o
 .debug_pubnames
                  0x000c1d         0x95 build/usb_msd/production/src/timer.o
 .debug_pubnames
                  0x000cb2        0x168 build/usb_msd/production/src/app_device_midi_basic.o
 .debug_pubnames
                  0x000e1a        0x1b8 build/usb_msd/production/src/midi_jack.o

.debug_ranges
 *(.debug_ranges)

.debug_aranges    0x000000        0x120
 *(.debug_aranges)
 .debug_aranges
                  0x000000         0x18 build/usb_msd/production/usb/src/usb_device.o
 .debug_aranges
                  0x000018         0x18 build/usb_msd/production/usb/src/usb_events.o
 .debug_aranges
                  0x000030         0x18 build/usb_msd/production/usb/src/usb_host.o
 .debug_aranges
                  0x000048         0x18 build/usb_msd/production/usb/src/usb_host_midi.o
 .debug_aranges
                  0x000060         0x18 build/usb_msd/production/src/app_host_midi_basic.o
 .debug_aranges
                  0x000078         0x18 build/usb_msd/production/src/leds.o
 .debug_aranges
                  0x000090         0x18 build/usb_msd/production/src/main.o
 .debug_aranges
                  0x0000a8         0x18 build/usb_msd/production/src/system.o
 .debug_aranges
                  0x0000c0         0x18 build/usb_msd/production/src/timer.o
 .debug_aranges
                  0x0000d8         0x18 build/usb_msd/production/src/app_device_midi_basic.o
 .debug_aranges
                  0x0000f0         0x18 build/usb_msd/production/ezbl_integration/ex_boot_usb_msd.merge.o
 .debug_aranges
                  0x000108         0x18 build/usb_msd/production/src/midi_jack.o
                    0x0002                  _APPID_VER_MAJOR = 0x2
                    0x000b                  _APPID_VER_MINOR = 0xb
                    0x0ee9                  _APPID_VER_BUILD = 0xee9
START GROUP
LOAD /home/sladekm/software/microchip/XC16/v1.36/bin/bin/../../lib/liblega-pic30-elf.a
LOAD /home/sladekm/software/microchip/XC16/v1.36/bin/bin/../../lib/libm-elf.a
LOAD /home/sladekm/software/microchip/XC16/v1.36/bin/bin/../../lib/liblega-c-elf.a
END GROUP
OUTPUT(dist/usb_msd/production/USB_Device_Host_MIDI.X.production.elf elf32-pic30)
LOAD jump_table
LOAD default_isr
LOAD heap
LOAD data_init

.debug_pubtypes
                  0x000120        0xf76
 .debug_pubtypes
                  0x000120        0x267 build/usb_msd/production/usb/src/usb_device.o
 .debug_pubtypes
                  0x000387         0x60 build/usb_msd/production/usb/src/usb_descriptors.o
 .debug_pubtypes
                  0x0003e7         0x2d build/usb_msd/production/usb/src/usb_events.o
 .debug_pubtypes
                  0x000414        0x567 build/usb_msd/production/usb/src/usb_host.o
 .debug_pubtypes
                  0x00097b         0xb4 build/usb_msd/production/usb/src/usb_host_midi.o
 .debug_pubtypes
                  0x000a2f         0xc1 build/usb_msd/production/usb/src/usb_host_config.o
 .debug_pubtypes
                  0x000af0         0xdf build/usb_msd/production/src/app_host_midi_basic.o
 .debug_pubtypes
                  0x000bcf         0x71 build/usb_msd/production/src/leds.o
 .debug_pubtypes
                  0x000c40         0x5d build/usb_msd/production/src/main.o
 .debug_pubtypes
                  0x000c9d        0x13b build/usb_msd/production/src/system.o
 .debug_pubtypes
                  0x000dd8        0x147 build/usb_msd/production/src/timer.o
 .debug_pubtypes
                  0x000f1f         0xde build/usb_msd/production/src/app_device_midi_basic.o
 .debug_pubtypes
                  0x000ffd         0x99 build/usb_msd/production/src/midi_jack.o

__c30_signature
                  0x001096         0x5a
 __c30_signature
                  0x001096          0x6 build/usb_msd/production/usb/src/usb_device.o
 __c30_signature
                  0x00109c          0x6 build/usb_msd/production/usb/src/usb_descriptors.o
 __c30_signature
                  0x0010a2          0x6 build/usb_msd/production/usb/src/usb_events.o
 __c30_signature
                  0x0010a8          0x6 build/usb_msd/production/usb/src/usb_host.o
 __c30_signature
                  0x0010ae          0x6 build/usb_msd/production/usb/src/usb_host_midi.o
 __c30_signature
                  0x0010b4          0x6 build/usb_msd/production/usb/src/usb_host_config.o
 __c30_signature
                  0x0010ba          0x6 build/usb_msd/production/src/app_host_midi_basic.o
 __c30_signature
                  0x0010c0          0x6 build/usb_msd/production/src/leds.o
 __c30_signature
                  0x0010c6          0x6 build/usb_msd/production/src/main.o
 __c30_signature
                  0x0010cc          0x6 build/usb_msd/production/src/system.o
 __c30_signature
                  0x0010d2          0x6 build/usb_msd/production/src/timer.o
 __c30_signature
                  0x0010d8          0x6 build/usb_msd/production/src/app_device_midi_basic.o
 __c30_signature
                  0x0010de          0x6 build/usb_msd/production/src/midi_jack.o
 __c30_signature
                  0x0010e4          0x6 /home/sladekm/software/microchip/XC16/v1.36/bin/bin/../../lib/liblega-pic30-elf.a(crt0_standard.o)
 __c30_signature
                  0x0010ea          0x6 /home/sladekm/software/microchip/XC16/v1.36/bin/bin/../../lib/liblega-pic30-elf.a(data_init_standard.o)

.info.EZBL_metaParameters
                  0x0010f0          0x8
 .info.EZBL_metaParameters
                  0x0010f0          0x8 build/usb_msd/production/ezbl_integration/ex_boot_usb_msd.merge.o

.nbss               0x0f96         0x56
 .nbss              0x0f96         0x26 build/usb_msd/production/usb/src/usb_device.o
                    0x0f96                  _USBDeferOUTDataStagePackets
                    0x0f97                  _USBDeferStatusStagePacket
                    0x0f98                  _USBDeferINDataStagePackets
                    0x0f99                  _RemoteWakeup
                    0x0f9a                  _USBBusIsSuspended
                    0x0f9c                  _USBDeviceState
                    0x0f9e                  _USBActiveConfiguration
                    0x0f9f                  _USBTicksSinceSuspendEnd
                    0x0fa0                  _pBDTEntryOut
                    0x0fa4                  _pBDTEntryIn
                    0x0fa8                  _USBAlternateInterface
                    0x0faa                  _pBDTEntryEP0OutCurrent
                    0x0fac                  _pBDTEntryEP0OutNext
                    0x0fae                  _shortPacketStatus
                    0x0faf                  _controlTransferState
                    0x0fb0                  _pDst
                    0x0fb2                  _USTATcopy
                    0x0fb3                  _endpoint_number
                    0x0fb4                  _BothEP0OutUOWNsSet
                    0x0fb5                  _USBStatusStageTimeoutCounter
                    0x0fb6                  _USBStatusStageEnabledFlag1
                    0x0fb7                  _USBStatusStageEnabledFlag2
                    0x0fb8                  _USB1msTickCount
 .nbss              0x0fbc         0x18 build/usb_msd/production/usb/src/usb_host.o
                    0x0fbc                  _pCurrentConfigurationDescriptor
                    0x0fbe                  _pDeviceDescriptor
                    0x0fc0                  _usbOverrideHostState
 .nbss              0x0fd4         0x18 build/usb_msd/production/src/midi_jack.o
                    0x0fd4                  _pTxBufReadLocation
                    0x0fd6                  _pTxBufWriteLocation
                    0x0fd8                  _MIDIOutByteCount
                    0x0fda                  _pRxUARTBufReadLocation
                    0x0fdc                  _pRxUARTBufWriteLocation
                    0x0fde                  _UARTInByteCount
                    0x0fdf                  _MIDIRxCommandState
                    0x0fe0                  _SysExCommandPending
                    0x0fe1                  _BytePending
                    0x0fe2                  _RxRunningStatusByte
                    0x0fe3                  _TxRunningStatusByte
                    0x0fe4                  _UARTTranslatedToUSB
                    0x0fe8                  _UARTmidiPacketTranslated

.nbss               0x0800         0x16
 .nbss              0x0800         0x16 build/usb_msd/production/src/app_host_midi_basic.o
                    0x0800                  _midiState
                    0x0802                  _deviceHandle
                    0x0804                  _buttonReleased
                    0x0806                  _endpointBuffers
                    0x0808                  _UARTRealTimeToUSB
                    0x080c                  _UARTRealTimeToUSBBuffer
                    0x0810                  _UARTRealTimePacketTranslated
                    0x0811                  _somethingToSend
                    0x0812                  _NumGets
                    0x0814                  _NumSends

.nbss               0x0fec         0x14
 .nbss              0x0fec         0x14 build/usb_msd/production/src/app_device_midi_basic.o
                    0x0fec                  _UARTDeviceTranslatedToUSB
                    0x0ff0                  _pRxUARTBufDeviceReadLocation
                    0x0ff2                  _pRxUARTBufDeviceWriteLocation
                    0x0ff4                  _UARTDeviceInByteCount
                    0x0ff5                  _DeviceSysExCommandPending
                    0x0ff6                  _DeviceBytePending

.ndata              0x0816          0x6
 .ndata             0x0816          0x6 build/usb_msd/production/src/leds.o

.nbss               0x081c          0x4
 .nbss              0x081c          0x2 build/usb_msd/production/src/leds.o
 .nbss              0x081e          0x2 build/usb_msd/production/src/main.o
                    0x081e                  _usb_host_attached

.ndata              0x0820          0x2
 .ndata             0x0820          0x2 build/usb_msd/production/src/system.o
                    0x0820                  _scan_state

.nbss               0x0822          0x2
 .nbss              0x0822          0x2 build/usb_msd/production/src/system.o

.bss                0x0824        0x14a
 .bss               0x0824         0x80 build/usb_msd/production/src/app_device_midi_basic.o
                    0x0824                  _MIDIDeviceInRxBuffer
 .bss               0x08a4         0x80 build/usb_msd/production/src/midi_jack.o
                    0x08a4                  _MIDIOutTxBuffer
                    0x08e4                  _MIDIInRxBuffer
 .bss               0x0924         0x4a build/usb_msd/production/usb/src/usb_host.o

_0xf744d8445ef90711
                    0x0a00         0x20
 _0xf744d8445ef90711
                    0x0a00         0x20 build/usb_msd/production/usb/src/usb_device.o
                    0x0a00                  _BDT

.bss                0x0a20         0x22
 .bss               0x0a20         0x22 build/usb_msd/production/usb/src/usb_device.o
                    0x0a20                  _inPipes
                    0x0a26                  _outPipes
                    0x0a2e                  _ep_data_in
                    0x0a30                  _ep_data_out
                    0x0a32                  _SetupPkt
                    0x0a3a                  _CtrlTrfData

.data               0x096e         0x12
 .data              0x096e         0x12 build/usb_msd/production/usb/src/usb_host_config.o
                    0x096e                  _usbClientDrvTable
                    0x0978                  _usbTPL

.bss                0x0a42          0x6
 .bss               0x0a42          0x6 build/usb_msd/production/usb/src/usb_host_midi.o

.heap               0x15e8        0x3e8
 .heap              0x15e8        0x3e8 heap

EZBL_ROM_AT_0x000200
                  0x000200       0x4600
 EZBL_ROM_AT_0x000200
                  0x000200       0x4600 build/usb_msd/production/ezbl_integration/ex_boot_usb_msd.merge.o

EZBL_ROM_AT_0x008000
                  0x008000       0x2000
 EZBL_ROM_AT_0x008000
                  0x008000       0x2000 build/usb_msd/production/ezbl_integration/ex_boot_usb_msd.merge.o

EZBL_ROM_AT_0x000004
                  0x000004         0xfc
 EZBL_ROM_AT_0x000004
                  0x000004         0xfc build/usb_msd/production/ezbl_integration/ex_boot_usb_msd.merge.o

EZBL_ROM_AT_0x000104
                  0x000104         0xfc
 EZBL_ROM_AT_0x000104
                  0x000104         0xfc build/usb_msd/production/ezbl_integration/ex_boot_usb_msd.merge.o

EZBL_ROM_AT_0x000000
                  0x000000          0x4
 EZBL_ROM_AT_0x000000
                  0x000000          0x4 build/usb_msd/production/ezbl_integration/ex_boot_usb_msd.merge.o

.ivt._USB1Interrupt
                    0x00c0          0x2
 .ivt._USB1Interrupt
                    0x00c0          0x2 build/usb_msd/production/src/system.o

.ivt._U2RXInterrupt
                    0x0050          0x2
 .ivt._U2RXInterrupt
                    0x0050          0x2 build/usb_msd/production/src/system.o

.ivt._T4Interrupt
                    0x004a          0x2
 .ivt._T4Interrupt
                    0x004a          0x2 build/usb_msd/production/src/timer.o

.ivt._T3Interrupt
                    0x0024          0x2
 .ivt._T3Interrupt
                    0x0024          0x2 build/usb_msd/production/src/timer.o

.ivt._T2Interrupt
                    0x0022          0x2
 .ivt._T2Interrupt
                    0x0022          0x2 build/usb_msd/production/src/timer.o

.ivt._T1Interrupt
                    0x001a          0x2
 .ivt._T1Interrupt
                    0x001a          0x2 build/usb_msd/production/ezbl_integration/ex_boot_usb_msd.merge.o

.ivt._USB1Interrupt
                    0x00c0          0x2
 .ivt._USB1Interrupt
                    0x00c0          0x2 build/usb_msd/production/ezbl_integration/ex_boot_usb_msd.merge.o

.text             0x00486c       0x2c04
 .text            0x00486c       0x218c build/usb_msd/production/usb/src/usb_host.o
                  0x00486c                  _USBHostDeviceSpecificClientDriver
                  0x004874                  _USBHostDeviceStatus
                  0x0048bc                  _USBHostResetDevice
                  0x0048d6                  _USBHostResumeDevice
                  0x0048f0                  _USBHostSuspendDevice
                  0x00490e                  __USB_CheckCommandAndEnumerationAttempts
                  0x004942                  __USB_FindClassDriver
                  0x0049bc                  __USB_FindDeviceLevelClientDriver
                  0x004a9a                  __USB_FindEndpoint
                  0x004ad6                  _USBHostTransferIsComplete
                  0x004b36                  _USBHostTerminateTransfer
                  0x004b52                  _USBHostSetNAKTimeout
                  0x004b80                  _USBHostClearEndpointErrors
                  0x004ba4                  __USB_FindServiceEndpoint
                  0x004c60                  __USB_FreeConfigMemory
                  0x004cc8                  __USB_FreeMemory
                  0x004d0c                  _USBHostInit
                  0x004d48                  __USB_InitControlRead
                  0x004d90                  __USB_InitControlWrite
                  0x004de2                  __USB_InitRead
                  0x004e3a                  _USBHostRead
                  0x004e9e                  __USB_InitWrite
                  0x004ef6                  _USBHostWrite
                  0x004f5a                  __USB_NotifyClients
                  0x004fe2                  _USBHostShutdown
                  0x005014                  _USBHostVbusEvent
                  0x00503c                  __USB_NotifyDataClients
                  0x005082                  __USB_ParseConfigurationDescriptor
                  0x005302                  _USBHostTasks
                  0x005b9e                  __USB_ResetDATA0
                  0x005bdc                  _USBHostIssueDeviceRequest
                  0x005ce4                  __USB_SendToken
                  0x005d1c                  __USB_SetBDT
                  0x005e28                  __USB_FindNextToken
                  0x0065f4                  __USB_TransferInProgress
                  0x00663e                  _USBHostSetDeviceConfiguration
                  0x006676                  _USB_HostInterruptHandler
 .text            0x0069f8        0xa78 build/usb_msd/production/usb/src/usb_device.o
                  0x006eb2                  _USBDeviceInit
                  0x006f66                  _USBEnableEndpoint
                  0x006f92                  _USBTransferOnePacket
                  0x006fe6                  _USBStallEndpoint
                  0x007034                  _USBCancelIO
                  0x00706c                  _USBCtrlEPAllowStatusStage
                  0x0071aa                  _USBCtrlEPAllowDataStage
                  0x00731e                  _USBIncrement1msInternalTimers
                  0x007338                  _USBDeviceTasks
                  0x00746a                  _USBGet1msTickCount

.text             0x00a218        0x938
 .text            0x00a218        0x24c build/usb_msd/production/src/midi_jack.o
                  0x00a218                  _MIDI_Jack_Initialize
                  0x00a236                  _MIDI_U2RXInterruptHandler
                  0x00a256                  _MIDI_InJackTasks
 .text            0x00a464        0x23e build/usb_msd/production/src/app_host_midi_basic.o
                  0x00a464                  _APP_HostMIDIBasicInitialize
                  0x00a470                  _APP_HostMIDIBasicTasks
                  0x00a5a2                  _APP_HostMIDIBasicEventHandler
 .text            0x00a6a2        0x238 build/usb_msd/production/usb/src/usb_host_midi.o
                  0x00a6a2                  _USBHostMIDIInit
                  0x00a7fe                  _USBHostMIDIEventHandler
                  0x00a896                  _USBHostMIDIRead
                  0x00a8b8                  _USBHostMIDIWrite
 .text            0x00a8da        0x17a build/usb_msd/production/src/leds.o
                  0x00a8da                  _LED_On
                  0x00a8ec                  _LED_Off
                  0x00a8fe                  _LED_Toggle
                  0x00a92a                  _LED_Get
                  0x00a944                  _LED_Enable
                  0x00a956                  _LED1_Set_State
                  0x00a95a                  _LED1_On
                  0x00a960                  _LED1_Off
                  0x00a966                  _LED1_Blink
                  0x00a96c                  _LED1_Blink_Once
                  0x00a972                  _LED2_Set_State
                  0x00a976                  _LED2_On
                  0x00a97c                  _LED2_Off
                  0x00a982                  _LED2_Blink
                  0x00a988                  _LED2_Blink_Once
                  0x00a98e                  _LED1_StateMachine
                  0x00a9ee                  _LED1_handler
                  0x00a9f2                  _LED2_StateMachine
                  0x00aa50                  _LED2_handler
 .text            0x00aa54         0xfc build/usb_msd/production/src/main.o
                  0x00aa54                  _main
                  0x00aab2                  _USB_Host_ApplicationEventHandler

.text             0x007470         0xf4
 .text            0x007470         0xf4 build/usb_msd/production/src/app_device_midi_basic.o
                  0x007470                  _APP_DeviceAudioMIDIInitialize
                  0x00749a                  _APP_DeviceAudioMIDISOFHandler
                  0x0074a4                  _sendMessage
                  0x0074c6                  _MIDI_Device_OutJackTasks
                  0x00752c                  _APP_DeviceAudioMIDITasks

.text             0x00ab50         0x92
 .text            0x00ab50         0x92 build/usb_msd/production/src/system.o
                  0x00ab50                  _UART2Init
                  0x00aba0                  _SYSTEM_Initialize
                  0x00abc0                  _change_scan_state_flag

.dinit            0x007564         0x7a
 .dinit           0x007564         0x7a data_init

.text             0x0075de         0x5a
 .text            0x0075de         0x5a build/usb_msd/production/src/timer.o
                  0x0075de                  _initTimer4_10ms
                  0x0075fa                  _initTimer3_100ms
                  0x007616                  _initTimer2_250ms
                  0x007632                  _disableTimer2

.text             0x00abe2         0x14
 .text            0x00abe2         0x14 build/usb_msd/production/usb/src/usb_events.o
                  0x00abe2                  _USER_USB_CALLBACK_EVENT_HANDLER