Microchip Technology Inc, v1.36 (B)

Tool Name:
  /home/sladekm/software/microchip/XC16/v1.36/bin/bin/../bin/elf-ld

Command:
  -p24FJ64GB002 \
  -o \
  dist/PIC24FJ64GB002/production/exp16_pic24fj64gb002_pim.x.production.elf \
  -L/home/sladekm/software/microchip/XC16/v1.36/bin/bin/.. \
  -L/home/sladekm/software/microchip/XC16/v1.36/bin/bin/../../lib \
  -L/home/sladekm/software/microchip/XC16/v1.36/bin/bin/../../support/PIC24E/gld \
  -L/home/sladekm/software/microchip/XC16/v1.36/bin/bin/../../support/PIC24F/gld \
  -L/home/sladekm/software/microchip/XC16/v1.36/bin/bin/../../support/PIC24H/gld \
  -L/home/sladekm/software/microchip/XC16/v1.36/bin/bin/../../support/dsPIC30F/gld \
  -L/home/sladekm/software/microchip/XC16/v1.36/bin/bin/../../support/dsPIC33C/gld \
  -L/home/sladekm/software/microchip/XC16/v1.36/bin/bin/../../support/dsPIC33E/gld \
  -L/home/sladekm/software/microchip/XC16/v1.36/bin/bin/../../support/dsPIC33F/gld \
  build/PIC24FJ64GB002/production/_ext/1706142600/fileio.o \
  build/PIC24FJ64GB002/production/_ext/838585624/usb_host.o \
  build/PIC24FJ64GB002/production/_ext/838585624/usb_host_msd.o \
  build/PIC24FJ64GB002/production/_ext/838585624/usb_host_msd_scsi.o \
  build/PIC24FJ64GB002/production/system.o \
  build/PIC24FJ64GB002/production/main.o \
  build/PIC24FJ64GB002/production/usb_config.o \
  build/PIC24FJ64GB002/production/usb_host_midi.o \
  ../ezbl_integration/ezbl_lib.a \
  --defsym=EZBL_BOOT_PROJECT=1 \
  --defsym=__MPLAB_BUILD=1 \
  -Tezbl_build_standalone.gld.00 \
  --heap=1000 \
  --stack=16 \
  --check-sections \
  --data-init \
  --pack-data \
  --no-handles \
  --no-isr \
  --gc-sections \
  --fill-upper=0 \
  --stackguard=16 \
  --no-ivt \
  --no-force-link \
  --smart-io \
  -Map=dist/PIC24FJ64GB002/production/exp16_pic24fj64gb002_pim.x.production.map \
  --report-mem \
  --memorysummary \
  dist/PIC24FJ64GB002/production/memoryfile.xml \
  --defsym=_BOOTID_HASH0=0x869CF88A \
  --defsym=_BOOTID_HASH1=0x93146779 \
  --defsym=_BOOTID_HASH2=0x08A06801 \
  --defsym=_BOOTID_HASH3=0x491B0C9D \
  -start-group \
  --library=lega-pic30-elf \
  --library=m-elf \
  --library=lega-c-elf \
  -end-group \

Archive member included because of file (symbol)

../ezbl_integration/ezbl_lib.a(EZBL_RAMSet.16o)
                              build/PIC24FJ64GB002/production/main.o (_EZBL_RAMSet)
../ezbl_integration/ezbl_lib.a(NOW_TaskDispatcher.16o)
                              build/PIC24FJ64GB002/production/main.o (_NOW_timerCallbackHead)
../ezbl_integration/ezbl_lib.a(NOW_CreateTask.16o)
                              build/PIC24FJ64GB002/production/main.o (_NOW_CreateTask)
../ezbl_integration/ezbl_lib.a(EZBL_InstallFILEIO2Flash.16o)
                              build/PIC24FJ64GB002/production/main.o (_EZBL_InstallFILEIO2Flash)
../ezbl_integration/ezbl_lib.a(EZBL_IsAppPresent.16o)
                              build/PIC24FJ64GB002/production/main.o (_EZBL_IsAppPresent)
../ezbl_integration/ezbl_lib.a(NOW_Wait.16o)
                              build/PIC24FJ64GB002/production/main.o (_NOW_Wait)
../ezbl_integration/ezbl_lib.a(NOW_64.16o)
                              build/PIC24FJ64GB002/production/main.o (_NOW_32)
../ezbl_integration/ezbl_lib.a(EZBL_ReadFlash.16o)
                              ../ezbl_integration/ezbl_lib.a(EZBL_IsAppPresent.16o) (_EZBL_ReadFlash)
../ezbl_integration/ezbl_lib.a(NOW_IntEnable.16o)
                              build/PIC24FJ64GB002/production/main.o (_NOW_IntEnable)
../ezbl_integration/ezbl_lib.a(EZBL_ForwardBootloaderISR.16o)
                              build/PIC24FJ64GB002/production/main.o (_EZBL_ForwardBootloaderISR)
../ezbl_integration/ezbl_lib.a(EZBL_gUSBDrive.16o)
                              build/PIC24FJ64GB002/production/main.o (_gUSBDrive)
../ezbl_integration/ezbl_lib.a(LEDSet.16o)
                              build/PIC24FJ64GB002/production/system.o (_LEDSet)
../ezbl_integration/ezbl_lib.a(ButtonRead.16o)
                              build/PIC24FJ64GB002/production/system.o (_ButtonRead)
../ezbl_integration/ezbl_lib.a(EZBL_appIsRunning.16o)
                              build/PIC24FJ64GB002/production/main.o (_EZBL_appIsRunning)
../ezbl_integration/ezbl_lib.a(EZBL_bootIDHash.16o)
                              ../ezbl_integration/ezbl_lib.a(EZBL_InstallFILEIO2Flash.16o) (_EZBL_bootIDHash)
../ezbl_integration/ezbl_lib.a(EZBL_NVMKey.16o)
                              build/PIC24FJ64GB002/production/main.o (_EZBL_NVMKey)
../ezbl_integration/ezbl_lib.a(NOW_TMR1_Reset.16o)
                              build/PIC24FJ64GB002/production/system.o (_NOW_TMR1_ResetConst)
../ezbl_integration/ezbl_lib.a(NOW_ms.16o)
                              build/PIC24FJ64GB002/production/system.o (_NOW_ms)
../ezbl_integration/ezbl_lib.a(NOW_sec.16o)
                              build/PIC24FJ64GB002/production/system.o (_NOW_sec)
../ezbl_integration/ezbl_lib.a(NOW_us.16o)
                              build/PIC24FJ64GB002/production/system.o (_NOW_us)
[...]
Memory Configuration

Name             Origin             Length             Attributes
data             0x000800           0x002000           a !xr
reset            0x000000           0x000004  
ivt              0x000004           0x0000fc  
_reserved        0x000100           0x000004  
aivt             0x000104           0x0000fc  
program          0x000200           0x00a9f8           xr
CONFIG4          0x00abf8           0x000002  
CONFIG3          0x00abfa           0x000002  
CONFIG2          0x00abfc           0x000002  
CONFIG1          0x00abfe           0x000002  
*default*        0x000000           0xffffffff  

Linker script and memory map

LOAD build/PIC24FJ64GB002/production/_ext/1706142600/fileio.o
LOAD build/PIC24FJ64GB002/production/_ext/838585624/usb_host.o
LOAD build/PIC24FJ64GB002/production/_ext/838585624/usb_host_msd.o
LOAD build/PIC24FJ64GB002/production/_ext/838585624/usb_host_msd_scsi.o
LOAD build/PIC24FJ64GB002/production/system.o
LOAD build/PIC24FJ64GB002/production/main.o
LOAD build/PIC24FJ64GB002/production/usb_config.o
LOAD build/PIC24FJ64GB002/production/usb_host_midi.o
LOAD ../ezbl_integration/ezbl_lib.a
                    0x0001                  EZBL_BOOT_PROJECT = 0x1
                    0x0001                  __MPLAB_BUILD = 0x1
LOAD pPIC24Fxxx
LOAD /home/sladekm/software/microchip/XC16/v1.36/bin/bin/../../lib/libfx-elf.a
                    0xabf8                  __CONFIG4 = 0xabf8
                    0xabfa                  __CONFIG3 = 0xabfa
                    0xabfc                  __CONFIG2 = 0xabfc
                    0xabfe                  __CONFIG1 = 0xabfe
                    0x0001                  __NO_HANDLES = 0x1
                    0x0200                  __CODE_BASE = 0x200
                    0xa9f8                  __CODE_LENGTH = 0xa9f8
                    0x0004                  __IVT_BASE = 0x4
                    0x0104                  __AIVT_BASE = 0x104
                    0x0800                  __DATA_BASE = 0x800
                    0x2000                  __DATA_LENGTH = 0x2000
                    0x0000                  WREG0 = 0x0
                    0x0000                  _WREG0 = 0x0
                    0x0002                  WREG1 = 0x2
                    0x0002                  _WREG1 = 0x2
                    0x0004                  WREG2 = 0x4
                    0x0004                  _WREG2 = 0x4
                    0x0006                  WREG3 = 0x6
                    0x0006                  _WREG3 = 0x6
                    0x0008                  WREG4 = 0x8
                    0x0008                  _WREG4 = 0x8
                    0x000a                  WREG5 = 0xa
                    0x000a                  _WREG5 = 0xa
                    0x000c                  WREG6 = 0xc
                    0x000c                  _WREG6 = 0xc
                    0x000e                  WREG7 = 0xe
                    0x000e                  _WREG7 = 0xe
                    0x0010                  WREG8 = 0x10
                    0x0010                  _WREG8 = 0x10
                    0x0012                  WREG9 = 0x12
                    0x0012                  _WREG9 = 0x12
                    0x0014                  WREG10 = 0x14
                    0x0014                  _WREG10 = 0x14
                    0x0016                  WREG11 = 0x16
                    0x0016                  _WREG11 = 0x16
                    0x0018                  WREG12 = 0x18
                    0x0018                  _WREG12 = 0x18
                    0x001a                  WREG13 = 0x1a
                    0x001a                  _WREG13 = 0x1a
                    0x001c                  WREG14 = 0x1c
                    0x001c                  _WREG14 = 0x1c
                    0x001e                  WREG15 = 0x1e
                    0x001e                  _WREG15 = 0x1e
                    0x0020                  SPLIM = 0x20
                    0x0020                  _SPLIM = 0x20
                    0x002e                  PCL = 0x2e
                    0x002e                  _PCL = 0x2e
                    0x0030                  PCH = 0x30
                    0x0030                  _PCH = 0x30
                    0x0032                  TBLPAG = 0x32
                    0x0032                  _TBLPAG = 0x32
                    0x0034                  PSVPAG = 0x34
                    0x0034                  _PSVPAG = 0x34
                    0x0036                  RCOUNT = 0x36
                    0x0036                  _RCOUNT = 0x36
                    0x0042                  SR = 0x42
                    0x0042                  _SR = 0x42
                    0x0042                  _SRbits = 0x42
                    0x0044                  CORCON = 0x44
                    0x0044                  _CORCON = 0x44
                    0x0044                  _CORCONbits = 0x44
                    0x0052                  DISICNT = 0x52
                    0x0052                  _DISICNT = 0x52
                    0x0060                  CNEN1 = 0x60
                    0x0060                  _CNEN1 = 0x60
                    0x0060                  _CNEN1bits = 0x60
                    0x0062                  CNEN2 = 0x62
                    0x0062                  _CNEN2 = 0x62
                    0x0062                  _CNEN2bits = 0x62
                    0x0068                  CNPU1 = 0x68
                    0x0068                  _CNPU1 = 0x68
                    0x0068                  _CNPU1bits = 0x68
                    0x006a                  CNPU2 = 0x6a
                    0x006a                  _CNPU2 = 0x6a
                    0x006a                  _CNPU2bits = 0x6a
                    0x0080                  INTCON1 = 0x80
                    0x0080                  _INTCON1 = 0x80
                    0x0080                  _INTCON1bits = 0x80
                    0x0082                  INTCON2 = 0x82
                    0x0082                  _INTCON2 = 0x82
                    0x0082                  _INTCON2bits = 0x82
                    0x0084                  IFS0 = 0x84
                    0x0084                  _IFS0 = 0x84
                    0x0084                  _IFS0bits = 0x84
                    0x0086                  IFS1 = 0x86
                    0x0086                  _IFS1 = 0x86
                    0x0086                  _IFS1bits = 0x86
                    0x0088                  IFS2 = 0x88
                    0x0088                  _IFS2 = 0x88
                    0x0088                  _IFS2bits = 0x88
                    0x008a                  IFS3 = 0x8a
                    0x008a                  _IFS3 = 0x8a
                    0x008a                  _IFS3bits = 0x8a
                    0x008c                  IFS4 = 0x8c
                    0x008c                  _IFS4 = 0x8c
                    0x008c                  _IFS4bits = 0x8c
                    0x008e                  IFS5 = 0x8e
                    0x008e                  _IFS5 = 0x8e
                    0x008e                  _IFS5bits = 0x8e
                    0x0094                  IEC0 = 0x94
                    0x0094                  _IEC0 = 0x94
                    0x0094                  _IEC0bits = 0x94
                    0x0096                  IEC1 = 0x96
                    0x0096                  _IEC1 = 0x96
                    0x0096                  _IEC1bits = 0x96
                    0x0098                  IEC2 = 0x98
                    0x0098                  _IEC2 = 0x98
                    0x0098                  _IEC2bits = 0x98
                    0x009a                  IEC3 = 0x9a
                    0x009a                  _IEC3 = 0x9a
                    0x009a                  _IEC3bits = 0x9a
                    0x009c                  IEC4 = 0x9c
                    0x009c                  _IEC4 = 0x9c
                    0x009c                  _IEC4bits = 0x9c
                    0x009e                  IEC5 = 0x9e
                    0x009e                  _IEC5 = 0x9e
                    0x009e                  _IEC5bits = 0x9e
                    0x00a4                  IPC0 = 0xa4
                    0x00a4                  _IPC0 = 0xa4
                    0x00a4                  _IPC0bits = 0xa4
                    0x00a6                  IPC1 = 0xa6
                    0x00a6                  _IPC1 = 0xa6
                    0x00a6                  _IPC1bits = 0xa6
                    0x00a8                  IPC2 = 0xa8
                    0x00a8                  _IPC2 = 0xa8
                    0x00a8                  _IPC2bits = 0xa8
                    0x00aa                  IPC3 = 0xaa
                    0x00aa                  _IPC3 = 0xaa
                    0x00aa                  _IPC3bits = 0xaa
                    0x00ac                  IPC4 = 0xac
                    0x00ac                  _IPC4 = 0xac
                    0x00ac                  _IPC4bits = 0xac
                    0x00ae                  IPC5 = 0xae
                    0x00ae                  _IPC5 = 0xae
                    0x00ae                  _IPC5bits = 0xae
                    0x00b0                  IPC6 = 0xb0
                    0x00b0                  _IPC6 = 0xb0
                    0x00b0                  _IPC6bits = 0xb0
                    0x00b2                  IPC7 = 0xb2
                    0x00b2                  _IPC7 = 0xb2
                    0x00b2                  _IPC7bits = 0xb2
                    0x00b4                  IPC8 = 0xb4
                    0x00b4                  _IPC8 = 0xb4
                    0x00b4                  _IPC8bits = 0xb4
                    0x00b6                  IPC9 = 0xb6
                    0x00b6                  _IPC9 = 0xb6
                    0x00b6                  _IPC9bits = 0xb6
                    0x00b8                  IPC10 = 0xb8
                    0x00b8                  _IPC10 = 0xb8
                    0x00b8                  _IPC10bits = 0xb8
                    0x00ba                  IPC11 = 0xba
                    0x00ba                  _IPC11 = 0xba
                    0x00ba                  _IPC11bits = 0xba
                    0x00bc                  IPC12 = 0xbc
                    0x00bc                  _IPC12 = 0xbc
                    0x00bc                  _IPC12bits = 0xbc
                    0x00c2                  IPC15 = 0xc2
                    0x00c2                  _IPC15 = 0xc2
                    0x00c2                  _IPC15bits = 0xc2
                    0x00c4                  IPC16 = 0xc4
                    0x00c4                  _IPC16 = 0xc4
                    0x00c4                  _IPC16bits = 0xc4
                    0x00c8                  IPC18 = 0xc8
                    0x00c8                  _IPC18 = 0xc8
                    0x00c8                  _IPC18bits = 0xc8
                    0x00ca                  IPC19 = 0xca
                    0x00ca                  _IPC19 = 0xca
                    0x00ca                  _IPC19bits = 0xca
                    0x00ce                  IPC21 = 0xce
                    0x00ce                  _IPC21 = 0xce
                    0x00ce                  _IPC21bits = 0xce
                    0x00e0                  INTTREG = 0xe0
                    0x00e0                  _INTTREG = 0xe0
                    0x00e0                  _INTTREGbits = 0xe0
                    0x0100                  TMR1 = 0x100
                    0x0100                  _TMR1 = 0x100
                    0x0102                  PR1 = 0x102
                    0x0102                  _PR1 = 0x102
                    0x0104                  T1CON = 0x104
                    0x0104                  _T1CON = 0x104
                    0x0104                  _T1CONbits = 0x104
                    0x0106                  TMR2 = 0x106
                    0x0106                  _TMR2 = 0x106
                    0x0108                  TMR3HLD = 0x108
                    0x0108                  _TMR3HLD = 0x108
                    0x010a                  TMR3 = 0x10a
                    0x010a                  _TMR3 = 0x10a
                    0x010c                  PR2 = 0x10c
                    0x010c                  _PR2 = 0x10c
                    0x010e                  PR3 = 0x10e
                    0x010e                  _PR3 = 0x10e
                    0x0110                  T2CON = 0x110
                    0x0110                  _T2CON = 0x110
                    0x0110                  _T2CONbits = 0x110
                    0x0112                  T3CON = 0x112
                    0x0112                  _T3CON = 0x112
                    0x0112                  _T3CONbits = 0x112
                    0x0114                  TMR4 = 0x114
                    0x0114                  _TMR4 = 0x114
                    0x0116                  TMR5HLD = 0x116
                    0x0116                  _TMR5HLD = 0x116
                    0x0118                  TMR5 = 0x118
                    0x0118                  _TMR5 = 0x118
                    0x011a                  PR4 = 0x11a
                    0x011a                  _PR4 = 0x11a
                    0x011c                  PR5 = 0x11c
                    0x011c                  _PR5 = 0x11c
                    0x011e                  T4CON = 0x11e
                    0x011e                  _T4CON = 0x11e
                    0x011e                  _T4CONbits = 0x11e
                    0x0120                  T5CON = 0x120
                    0x0120                  _T5CON = 0x120
                    0x0120                  _T5CONbits = 0x120
                    0x0140                  IC1CON1 = 0x140
                    0x0140                  _IC1CON1 = 0x140
                    0x0140                  _IC1CON1bits = 0x140
                    0x0142                  IC1CON2 = 0x142
                    0x0142                  _IC1CON2 = 0x142
                    0x0142                  _IC1CON2bits = 0x142
                    0x0144                  IC1BUF = 0x144
                    0x0144                  _IC1BUF = 0x144
                    0x0146                  IC1TMR = 0x146
                    0x0146                  _IC1TMR = 0x146
                    0x0148                  IC2CON1 = 0x148
                    0x0148                  _IC2CON1 = 0x148
                    0x0148                  _IC2CON1bits = 0x148
                    0x014a                  IC2CON2 = 0x14a
                    0x014a                  _IC2CON2 = 0x14a
                    0x014a                  _IC2CON2bits = 0x14a
                    0x014c                  IC2BUF = 0x14c
                    0x014c                  _IC2BUF = 0x14c
                    0x014e                  IC2TMR = 0x14e
                    0x014e                  _IC2TMR = 0x14e
                    0x0150                  IC3CON1 = 0x150
                    0x0150                  _IC3CON1 = 0x150
                    0x0150                  _IC3CON1bits = 0x150
                    0x0152                  IC3CON2 = 0x152
                    0x0152                  _IC3CON2 = 0x152
                    0x0152                  _IC3CON2bits = 0x152
                    0x0154                  IC3BUF = 0x154
                    0x0154                  _IC3BUF = 0x154
                    0x0156                  IC3TMR = 0x156
                    0x0156                  _IC3TMR = 0x156
                    0x0158                  IC4CON1 = 0x158
                    0x0158                  _IC4CON1 = 0x158
                    0x0158                  _IC4CON1bits = 0x158
                    0x015a                  IC4CON2 = 0x15a
                    0x015a                  _IC4CON2 = 0x15a
                    0x015a                  _IC4CON2bits = 0x15a
                    0x015c                  IC4BUF = 0x15c
                    0x015c                  _IC4BUF = 0x15c
                    0x015e                  IC4TMR = 0x15e
                    0x015e                  _IC4TMR = 0x15e
                    0x0160                  IC5CON1 = 0x160
                    0x0160                  _IC5CON1 = 0x160
                    0x0160                  _IC5CON1bits = 0x160
                    0x0162                  IC5CON2 = 0x162
                    0x0162                  _IC5CON2 = 0x162
                    0x0162                  _IC5CON2bits = 0x162
                    0x0164                  IC5BUF = 0x164
                    0x0164                  _IC5BUF = 0x164
                    0x0166                  IC5TMR = 0x166
                    0x0166                  _IC5TMR = 0x166
                    0x0190                  OC1CON1 = 0x190
                    0x0190                  _OC1CON1 = 0x190
                    0x0190                  _OC1CON1bits = 0x190
                    0x0192                  OC1CON2 = 0x192
                    0x0192                  _OC1CON2 = 0x192
                    0x0192                  _OC1CON2bits = 0x192
                    0x0194                  OC1RS = 0x194
                    0x0194                  _OC1RS = 0x194
                    0x0196                  OC1R = 0x196
                    0x0196                  _OC1R = 0x196
                    0x0198                  OC1TMR = 0x198
                    0x0198                  _OC1TMR = 0x198
                    0x019a                  OC2CON1 = 0x19a
                    0x019a                  _OC2CON1 = 0x19a
                    0x019a                  _OC2CON1bits = 0x19a
                    0x019c                  OC2CON2 = 0x19c
                    0x019c                  _OC2CON2 = 0x19c
                    0x019c                  _OC2CON2bits = 0x19c
                    0x019e                  OC2RS = 0x19e
                    0x019e                  _OC2RS = 0x19e
                    0x01a0                  OC2R = 0x1a0
                    0x01a0                  _OC2R = 0x1a0
                    0x01a2                  OC2TMR = 0x1a2
                    0x01a2                  _OC2TMR = 0x1a2
                    0x01a4                  OC3CON1 = 0x1a4
                    0x01a4                  _OC3CON1 = 0x1a4
                    0x01a4                  _OC3CON1bits = 0x1a4
                    0x01a6                  OC3CON2 = 0x1a6
                    0x01a6                  _OC3CON2 = 0x1a6
                    0x01a6                  _OC3CON2bits = 0x1a6
                    0x01a8                  OC3RS = 0x1a8
                    0x01a8                  _OC3RS = 0x1a8
                    0x01aa                  OC3R = 0x1aa
                    0x01aa                  _OC3R = 0x1aa
                    0x01ac                  OC3TMR = 0x1ac
                    0x01ac                  _OC3TMR = 0x1ac
                    0x01ae                  OC4CON1 = 0x1ae
                    0x01ae                  _OC4CON1 = 0x1ae
                    0x01ae                  _OC4CON1bits = 0x1ae
                    0x01b0                  OC4CON2 = 0x1b0
                    0x01b0                  _OC4CON2 = 0x1b0
                    0x01b0                  _OC4CON2bits = 0x1b0
                    0x01b2                  OC4RS = 0x1b2
                    0x01b2                  _OC4RS = 0x1b2
                    0x01b4                  OC4R = 0x1b4
                    0x01b4                  _OC4R = 0x1b4
                    0x01b6                  OC4TMR = 0x1b6
                    0x01b6                  _OC4TMR = 0x1b6
                    0x01b8                  OC5CON1 = 0x1b8
                    0x01b8                  _OC5CON1 = 0x1b8
                    0x01b8                  _OC5CON1bits = 0x1b8
                    0x01ba                  OC5CON2 = 0x1ba
                    0x01ba                  _OC5CON2 = 0x1ba
                    0x01ba                  _OC5CON2bits = 0x1ba
                    0x01bc                  OC5RS = 0x1bc
                    0x01bc                  _OC5RS = 0x1bc
                    0x01be                  OC5R = 0x1be
                    0x01be                  _OC5R = 0x1be
                    0x01c0                  OC5TMR = 0x1c0
                    0x01c0                  _OC5TMR = 0x1c0
                    0x0200                  I2C1RCV = 0x200
                    0x0200                  _I2C1RCV = 0x200
                    0x0202                  I2C1TRN = 0x202
                    0x0202                  _I2C1TRN = 0x202
                    0x0204                  I2C1BRG = 0x204
                    0x0204                  _I2C1BRG = 0x204
                    0x0206                  I2C1CON = 0x206
                    0x0206                  _I2C1CON = 0x206
                    0x0206                  _I2C1CONbits = 0x206
                    0x0208                  I2C1STAT = 0x208
                    0x0208                  _I2C1STAT = 0x208
                    0x0208                  _I2C1STATbits = 0x208
                    0x020a                  I2C1ADD = 0x20a
                    0x020a                  _I2C1ADD = 0x20a
                    0x020c                  I2C1MSK = 0x20c
                    0x020c                  _I2C1MSK = 0x20c
                    0x0210                  I2C2RCV = 0x210
                    0x0210                  _I2C2RCV = 0x210
                    0x0212                  I2C2TRN = 0x212
                    0x0212                  _I2C2TRN = 0x212
                    0x0214                  I2C2BRG = 0x214
                    0x0214                  _I2C2BRG = 0x214
                    0x0216                  I2C2CON = 0x216
                    0x0216                  _I2C2CON = 0x216
                    0x0216                  _I2C2CONbits = 0x216
                    0x0218                  I2C2STAT = 0x218
                    0x0218                  _I2C2STAT = 0x218
                    0x0218                  _I2C2STATbits = 0x218
                    0x021a                  I2C2ADD = 0x21a
                    0x021a                  _I2C2ADD = 0x21a
                    0x021c                  I2C2MSK = 0x21c
                    0x021c                  _I2C2MSK = 0x21c
                    0x0220                  U1MODE = 0x220
                    0x0220                  _U1MODE = 0x220
                    0x0220                  _U1MODEbits = 0x220
                    0x0222                  U1STA = 0x222
                    0x0222                  _U1STA = 0x222
                    0x0222                  _U1STAbits = 0x222
                    0x0224                  U1TXREG = 0x224
                    0x0224                  _U1TXREG = 0x224
                    0x0224                  _U1TXREGbits = 0x224
                    0x0226                  U1RXREG = 0x226
                    0x0226                  _U1RXREG = 0x226
                    0x0226                  _U1RXREGbits = 0x226
                    0x0228                  U1BRG = 0x228
                    0x0228                  _U1BRG = 0x228
                    0x0230                  U2MODE = 0x230
                    0x0230                  _U2MODE = 0x230
                    0x0230                  _U2MODEbits = 0x230
                    0x0232                  U2STA = 0x232
                    0x0232                  _U2STA = 0x232
                    0x0232                  _U2STAbits = 0x232
                    0x0234                  U2TXREG = 0x234
                    0x0234                  _U2TXREG = 0x234
                    0x0234                  _U2TXREGbits = 0x234
                    0x0236                  U2RXREG = 0x236
                    0x0236                  _U2RXREG = 0x236
                    0x0236                  _U2RXREGbits = 0x236
                    0x0238                  U2BRG = 0x238
                    0x0238                  _U2BRG = 0x238
                    0x0240                  SPI1STAT = 0x240
                    0x0240                  _SPI1STAT = 0x240
                    0x0240                  _SPI1STATbits = 0x240
                    0x0242                  SPI1CON1 = 0x242
                    0x0242                  _SPI1CON1 = 0x242
                    0x0242                  _SPI1CON1bits = 0x242
                    0x0244                  SPI1CON2 = 0x244
                    0x0244                  _SPI1CON2 = 0x244
                    0x0244                  _SPI1CON2bits = 0x244
                    0x0248                  SPI1BUF = 0x248
                    0x0248                  _SPI1BUF = 0x248
                    0x0260                  SPI2STAT = 0x260
                    0x0260                  _SPI2STAT = 0x260
                    0x0260                  _SPI2STATbits = 0x260
                    0x0262                  SPI2CON1 = 0x262
                    0x0262                  _SPI2CON1 = 0x262
                    0x0262                  _SPI2CON1bits = 0x262
                    0x0264                  SPI2CON2 = 0x264
                    0x0264                  _SPI2CON2 = 0x264
                    0x0264                  _SPI2CON2bits = 0x264
                    0x0268                  SPI2BUF = 0x268
                    0x0268                  _SPI2BUF = 0x268
                    0x02c0                  TRISA = 0x2c0
                    0x02c0                  _TRISA = 0x2c0
                    0x02c0                  _TRISAbits = 0x2c0
                    0x02c2                  PORTA = 0x2c2
                    0x02c2                  _PORTA = 0x2c2
                    0x02c2                  _PORTAbits = 0x2c2
                    0x02c4                  LATA = 0x2c4
                    0x02c4                  _LATA = 0x2c4
                    0x02c4                  _LATAbits = 0x2c4
                    0x02c6                  ODCA = 0x2c6
                    0x02c6                  _ODCA = 0x2c6
                    0x02c6                  _ODCAbits = 0x2c6
                    0x02c8                  TRISB = 0x2c8
                    0x02c8                  _TRISB = 0x2c8
                    0x02c8                  _TRISBbits = 0x2c8
                    0x02ca                  PORTB = 0x2ca
                    0x02ca                  _PORTB = 0x2ca
                    0x02ca                  _PORTBbits = 0x2ca
                    0x02cc                  LATB = 0x2cc
                    0x02cc                  _LATB = 0x2cc
                    0x02cc                  _LATBbits = 0x2cc
                    0x02ce                  ODCB = 0x2ce
                    0x02ce                  _ODCB = 0x2ce
                    0x02ce                  _ODCBbits = 0x2ce
                    0x02fc                  PADCFG1 = 0x2fc
                    0x02fc                  _PADCFG1 = 0x2fc
                    0x02fc                  _PADCFG1bits = 0x2fc
                    0x0300                  ADC1BUF0 = 0x300
                    0x0300                  _ADC1BUF0 = 0x300
                    0x0302                  ADC1BUF1 = 0x302
                    0x0302                  _ADC1BUF1 = 0x302
                    0x0304                  ADC1BUF2 = 0x304
                    0x0304                  _ADC1BUF2 = 0x304
                    0x0306                  ADC1BUF3 = 0x306
                    0x0306                  _ADC1BUF3 = 0x306
                    0x0308                  ADC1BUF4 = 0x308
                    0x0308                  _ADC1BUF4 = 0x308
                    0x030a                  ADC1BUF5 = 0x30a
                    0x030a                  _ADC1BUF5 = 0x30a
                    0x030c                  ADC1BUF6 = 0x30c
                    0x030c                  _ADC1BUF6 = 0x30c
                    0x030e                  ADC1BUF7 = 0x30e
                    0x030e                  _ADC1BUF7 = 0x30e
                    0x0310                  ADC1BUF8 = 0x310
                    0x0310                  _ADC1BUF8 = 0x310
                    0x0312                  ADC1BUF9 = 0x312
                    0x0312                  _ADC1BUF9 = 0x312
                    0x0314                  ADC1BUFA = 0x314
                    0x0314                  _ADC1BUFA = 0x314
                    0x0316                  ADC1BUFB = 0x316
                    0x0316                  _ADC1BUFB = 0x316
                    0x0318                  ADC1BUFC = 0x318
                    0x0318                  _ADC1BUFC = 0x318
                    0x031a                  ADC1BUFD = 0x31a
                    0x031a                  _ADC1BUFD = 0x31a
                    0x031c                  ADC1BUFE = 0x31c
                    0x031c                  _ADC1BUFE = 0x31c
                    0x031e                  ADC1BUFF = 0x31e
                    0x031e                  _ADC1BUFF = 0x31e
                    0x0320                  AD1CON1 = 0x320
                    0x0320                  _AD1CON1 = 0x320
                    0x0320                  _AD1CON1bits = 0x320
                    0x0322                  AD1CON2 = 0x322
                    0x0322                  _AD1CON2 = 0x322
                    0x0322                  _AD1CON2bits = 0x322
                    0x0324                  AD1CON3 = 0x324
                    0x0324                  _AD1CON3 = 0x324
                    0x0324                  _AD1CON3bits = 0x324
                    0x0328                  AD1CHS = 0x328
                    0x0328                  _AD1CHS = 0x328
                    0x0328                  _AD1CHSbits = 0x328
                    0x0328                  AD1CHS0 = 0x328
                    0x0328                  _AD1CHS0 = 0x328
                    0x0328                  _AD1CHS0bits = 0x328
                    0x032c                  AD1PCFG = 0x32c
                    0x032c                  _AD1PCFG = 0x32c
                    0x032c                  _AD1PCFGbits = 0x32c
                    0x032c                  AD1PCFGL = 0x32c
                    0x032c                  _AD1PCFGL = 0x32c
                    0x032c                  _AD1PCFGLbits = 0x32c
                    0x0330                  AD1CSSL = 0x330
                    0x0330                  _AD1CSSL = 0x330
                    0x0330                  _AD1CSSLbits = 0x330
                    0x033c                  CTMUCON = 0x33c
                    0x033c                  _CTMUCON = 0x33c
                    0x033c                  _CTMUCONbits = 0x33c
                    0x033e                  CTMUICON = 0x33e
                    0x033e                  _CTMUICON = 0x33e
                    0x033e                  _CTMUICONbits = 0x33e
                    0x0480                  U1OTGIR = 0x480
                    0x0480                  _U1OTGIR = 0x480
                    0x0480                  _U1OTGIRbits = 0x480
                    0x0482                  U1OTGIE = 0x482
                    0x0482                  _U1OTGIE = 0x482
                    0x0482                  _U1OTGIEbits = 0x482
                    0x0484                  U1OTGSTAT = 0x484
                    0x0484                  _U1OTGSTAT = 0x484
                    0x0484                  _U1OTGSTATbits = 0x484
                    0x0486                  U1OTGCON = 0x486
                    0x0486                  _U1OTGCON = 0x486
                    0x0486                  _U1OTGCONbits = 0x486
                    0x0488                  U1PWRC = 0x488
                    0x0488                  _U1PWRC = 0x488
                    0x0488                  _U1PWRCbits = 0x488
                    0x048a                  U1IR = 0x48a
                    0x048a                  _U1IR = 0x48a
                    0x048a                  _U1IRbits = 0x48a
                    0x048c                  U1IE = 0x48c
                    0x048c                  _U1IE = 0x48c
                    0x048c                  _U1IEbits = 0x48c
                    0x048e                  U1EIR = 0x48e
                    0x048e                  _U1EIR = 0x48e
                    0x048e                  _U1EIRbits = 0x48e
                    0x0490                  U1EIE = 0x490
                    0x0490                  _U1EIE = 0x490
                    0x0490                  _U1EIEbits = 0x490
                    0x0492                  U1STAT = 0x492
                    0x0492                  _U1STAT = 0x492
                    0x0492                  _U1STATbits = 0x492
                    0x0494                  U1CON = 0x494
                    0x0494                  _U1CON = 0x494
                    0x0494                  _U1CONbits = 0x494
                    0x0496                  U1ADDR = 0x496
                    0x0496                  _U1ADDR = 0x496
                    0x0496                  _U1ADDRbits = 0x496
                    0x0498                  U1BDTP1 = 0x498
                    0x0498                  _U1BDTP1 = 0x498
                    0x0498                  _U1BDTP1bits = 0x498
                    0x049a                  U1FRML = 0x49a
                    0x049a                  _U1FRML = 0x49a
                    0x049a                  _U1FRMLbits = 0x49a
                    0x049c                  U1FRMH = 0x49c
                    0x049c                  _U1FRMH = 0x49c
                    0x049c                  _U1FRMHbits = 0x49c
                    0x049e                  U1TOK = 0x49e
                    0x049e                  _U1TOK = 0x49e
                    0x049e                  _U1TOKbits = 0x49e
                    0x04a0                  U1SOF = 0x4a0
                    0x04a0                  _U1SOF = 0x4a0
                    0x04a0                  _U1SOFbits = 0x4a0
                    0x04a6                  U1CNFG1 = 0x4a6
                    0x04a6                  _U1CNFG1 = 0x4a6
                    0x04a6                  _U1CNFG1bits = 0x4a6
                    0x04a8                  U1CNFG2 = 0x4a8
                    0x04a8                  _U1CNFG2 = 0x4a8
                    0x04a8                  _U1CNFG2bits = 0x4a8
                    0x04aa                  U1EP0 = 0x4aa
                    0x04aa                  _U1EP0 = 0x4aa
                    0x04aa                  _U1EP0bits = 0x4aa
                    0x04ac                  U1EP1 = 0x4ac
                    0x04ac                  _U1EP1 = 0x4ac
                    0x04ac                  _U1EP1bits = 0x4ac
                    0x04ae                  U1EP2 = 0x4ae
                    0x04ae                  _U1EP2 = 0x4ae
                    0x04ae                  _U1EP2bits = 0x4ae
                    0x04b0                  U1EP3 = 0x4b0
                    0x04b0                  _U1EP3 = 0x4b0
                    0x04b0                  _U1EP3bits = 0x4b0
                    0x04b2                  U1EP4 = 0x4b2
                    0x04b2                  _U1EP4 = 0x4b2
                    0x04b2                  _U1EP4bits = 0x4b2
                    0x04b4                  U1EP5 = 0x4b4
                    0x04b4                  _U1EP5 = 0x4b4
                    0x04b4                  _U1EP5bits = 0x4b4
                    0x04b6                  U1EP6 = 0x4b6
                    0x04b6                  _U1EP6 = 0x4b6
                    0x04b6                  _U1EP6bits = 0x4b6
                    0x04b8                  U1EP7 = 0x4b8
                    0x04b8                  _U1EP7 = 0x4b8
                    0x04b8                  _U1EP7bits = 0x4b8
                    0x04ba                  U1EP8 = 0x4ba
                    0x04ba                  _U1EP8 = 0x4ba
                    0x04ba                  _U1EP8bits = 0x4ba
                    0x04bc                  U1EP9 = 0x4bc
                    0x04bc                  _U1EP9 = 0x4bc
                    0x04bc                  _U1EP9bits = 0x4bc
                    0x04be                  U1EP10 = 0x4be
                    0x04be                  _U1EP10 = 0x4be
                    0x04be                  _U1EP10bits = 0x4be
                    0x04c0                  U1EP11 = 0x4c0
                    0x04c0                  _U1EP11 = 0x4c0
                    0x04c0                  _U1EP11bits = 0x4c0
                    0x04c2                  U1EP12 = 0x4c2
                    0x04c2                  _U1EP12 = 0x4c2
                    0x04c2                  _U1EP12bits = 0x4c2
                    0x04c4                  U1EP13 = 0x4c4
                    0x04c4                  _U1EP13 = 0x4c4
                    0x04c4                  _U1EP13bits = 0x4c4
                    0x04c6                  U1EP14 = 0x4c6
                    0x04c6                  _U1EP14 = 0x4c6
                    0x04c6                  _U1EP14bits = 0x4c6
                    0x04c8                  U1EP15 = 0x4c8
                    0x04c8                  _U1EP15 = 0x4c8
                    0x04c8                  _U1EP15bits = 0x4c8
                    0x04cc                  U1PWMRRS = 0x4cc
                    0x04cc                  _U1PWMRRS = 0x4cc
                    0x04cc                  _U1PWMRRSbits = 0x4cc
                    0x04ce                  U1PWMCON = 0x4ce
                    0x04ce                  _U1PWMCON = 0x4ce
                    0x04ce                  _U1PWMCONbits = 0x4ce
                    0x0600                  PMCON = 0x600
                    0x0600                  _PMCON = 0x600
                    0x0600                  _PMCONbits = 0x600
                    0x0602                  PMMODE = 0x602
                    0x0602                  _PMMODE = 0x602
                    0x0602                  _PMMODEbits = 0x602
                    0x0604                  PMADDR = 0x604
                    0x0604                  _PMADDR = 0x604
                    0x0604                  _PMADDRbits = 0x604
                    0x0604                  PMDOUT1 = 0x604
                    0x0604                  _PMDOUT1 = 0x604
                    0x0604                  _PMDOUT1bits = 0x604
                    0x0606                  PMDOUT2 = 0x606
                    0x0606                  _PMDOUT2 = 0x606
                    0x0608                  PMDIN1 = 0x608
                    0x0608                  _PMDIN1 = 0x608
                    0x060a                  PMDIN2 = 0x60a
                    0x060a                  _PMDIN2 = 0x60a
                    0x060c                  PMAEN = 0x60c
                    0x060c                  _PMAEN = 0x60c
                    0x060c                  _PMAENbits = 0x60c
                    0x060e                  PMSTAT = 0x60e
                    0x060e                  _PMSTAT = 0x60e
                    0x060e                  _PMSTATbits = 0x60e
                    0x0620                  ALRMVAL = 0x620
                    0x0620                  _ALRMVAL = 0x620
                    0x0622                  ALCFGRPT = 0x622
                    0x0622                  _ALCFGRPT = 0x622
                    0x0622                  _ALCFGRPTbits = 0x622
                    0x0624                  RTCVAL = 0x624
                    0x0624                  _RTCVAL = 0x624
                    0x0626                  RCFGCAL = 0x626
                    0x0626                  _RCFGCAL = 0x626
                    0x0626                  _RCFGCALbits = 0x626
                    0x0640                  CRCCON = 0x640
                    0x0640                  _CRCCON = 0x640
                    0x0640                  _CRCCONbits = 0x640
                    0x0640                  CRCCON1 = 0x640
                    0x0640                  _CRCCON1 = 0x640
                    0x0640                  _CRCCON1bits = 0x640
                    0x0642                  CRCCON2 = 0x642
                    0x0642                  _CRCCON2 = 0x642
                    0x0642                  _CRCCON2bits = 0x642
                    0x0644                  CRCXOR = 0x644
                    0x0644                  _CRCXOR = 0x644
                    0x0644                  _CRCXORbits = 0x644
                    0x0644                  CRCXORL = 0x644
                    0x0644                  _CRCXORL = 0x644
                    0x0644                  _CRCXORLbits = 0x644
                    0x0646                  CRCXORH = 0x646
                    0x0646                  _CRCXORH = 0x646
                    0x0646                  _CRCXORHbits = 0x646
                    0x0648                  CRCDAT = 0x648
                    0x0648                  _CRCDAT = 0x648
                    0x0648                  CRCDAT32 = 0x648
                    0x0648                  _CRCDAT32 = 0x648
                    0x0648                  CRCDAT8 = 0x648
                    0x0648                  _CRCDAT8 = 0x648
                    0x0648                  CRCDATL = 0x648
                    0x0648                  _CRCDATL = 0x648
                    0x064a                  CRCDATH = 0x64a
                    0x064a                  _CRCDATH = 0x64a
                    0x064c                  CRCWDAT = 0x64c
                    0x064c                  _CRCWDAT = 0x64c
                    0x064c                  CRCWDATL = 0x64c
                    0x064c                  _CRCWDATL = 0x64c
                    0x064e                  CRCWDATH = 0x64e
                    0x064e                  _CRCWDATH = 0x64e
                    0x0650                  CMSTAT = 0x650
                    0x0650                  _CMSTAT = 0x650
                    0x0650                  _CMSTATbits = 0x650
                    0x0652                  CVRCON = 0x652
                    0x0652                  _CVRCON = 0x652
                    0x0652                  _CVRCONbits = 0x652
                    0x0654                  CM1CON = 0x654
                    0x0654                  _CM1CON = 0x654
                    0x0654                  _CM1CONbits = 0x654
                    0x065c                  CM2CON = 0x65c
                    0x065c                  _CM2CON = 0x65c
                    0x065c                  _CM2CONbits = 0x65c
                    0x0664                  CM3CON = 0x664
                    0x0664                  _CM3CON = 0x664
                    0x0664                  _CM3CONbits = 0x664
                    0x0680                  RPINR0 = 0x680
                    0x0680                  _RPINR0 = 0x680
                    0x0680                  _RPINR0bits = 0x680
                    0x0682                  RPINR1 = 0x682
                    0x0682                  _RPINR1 = 0x682
                    0x0682                  _RPINR1bits = 0x682
                    0x0686                  RPINR3 = 0x686
                    0x0686                  _RPINR3 = 0x686
                    0x0686                  _RPINR3bits = 0x686
                    0x0688                  RPINR4 = 0x688
                    0x0688                  _RPINR4 = 0x688
                    0x0688                  _RPINR4bits = 0x688
                    0x068e                  RPINR7 = 0x68e
                    0x068e                  _RPINR7 = 0x68e
                    0x068e                  _RPINR7bits = 0x68e
                    0x0690                  RPINR8 = 0x690
                    0x0690                  _RPINR8 = 0x690
                    0x0690                  _RPINR8bits = 0x690
                    0x0692                  RPINR9 = 0x692
                    0x0692                  _RPINR9 = 0x692
                    0x0692                  _RPINR9bits = 0x692
                    0x0696                  RPINR11 = 0x696
                    0x0696                  _RPINR11 = 0x696
                    0x0696                  _RPINR11bits = 0x696
                    0x06a4                  RPINR18 = 0x6a4
                    0x06a4                  _RPINR18 = 0x6a4
                    0x06a4                  _RPINR18bits = 0x6a4
                    0x06a6                  RPINR19 = 0x6a6
                    0x06a6                  _RPINR19 = 0x6a6
                    0x06a6                  _RPINR19bits = 0x6a6
                    0x06a8                  RPINR20 = 0x6a8
                    0x06a8                  _RPINR20 = 0x6a8
                    0x06a8                  _RPINR20bits = 0x6a8
                    0x06aa                  RPINR21 = 0x6aa
                    0x06aa                  _RPINR21 = 0x6aa
                    0x06aa                  _RPINR21bits = 0x6aa
                    0x06ac                  RPINR22 = 0x6ac
                    0x06ac                  _RPINR22 = 0x6ac
                    0x06ac                  _RPINR22bits = 0x6ac
                    0x06ae                  RPINR23 = 0x6ae
                    0x06ae                  _RPINR23 = 0x6ae
                    0x06ae                  _RPINR23bits = 0x6ae
                    0x06c0                  RPOR0 = 0x6c0
                    0x06c0                  _RPOR0 = 0x6c0
                    0x06c0                  _RPOR0bits = 0x6c0
                    0x06c2                  RPOR1 = 0x6c2
                    0x06c2                  _RPOR1 = 0x6c2
                    0x06c2                  _RPOR1bits = 0x6c2
                    0x06c4                  RPOR2 = 0x6c4
                    0x06c4                  _RPOR2 = 0x6c4
                    0x06c4                  _RPOR2bits = 0x6c4
                    0x06c6                  RPOR3 = 0x6c6
                    0x06c6                  _RPOR3 = 0x6c6
                    0x06c6                  _RPOR3bits = 0x6c6
                    0x06c8                  RPOR4 = 0x6c8
                    0x06c8                  _RPOR4 = 0x6c8
                    0x06c8                  _RPOR4bits = 0x6c8
                    0x06ca                  RPOR5 = 0x6ca
                    0x06ca                  _RPOR5 = 0x6ca
                    0x06ca                  _RPOR5bits = 0x6ca
                    0x06cc                  RPOR6 = 0x6cc
                    0x06cc                  _RPOR6 = 0x6cc
                    0x06cc                  _RPOR6bits = 0x6cc
                    0x06ce                  RPOR7 = 0x6ce
                    0x06ce                  _RPOR7 = 0x6ce
                    0x06ce                  _RPOR7bits = 0x6ce
                    0x0740                  RCON = 0x740
                    0x0740                  _RCON = 0x740
                    0x0740                  _RCONbits = 0x740
                    0x0742                  OSCCON = 0x742
                    0x0742                  _OSCCON = 0x742
                    0x0742                  _OSCCONbits = 0x742
                    0x0742                  OSCCONL = 0x742
                    0x0742                  _OSCCONL = 0x742
                    0x0743                  OSCCONH = 0x743
                    0x0743                  _OSCCONH = 0x743
                    0x0744                  CLKDIV = 0x744
                    0x0744                  _CLKDIV = 0x744
                    0x0744                  _CLKDIVbits = 0x744
                    0x0748                  OSCTUN = 0x748
                    0x0748                  _OSCTUN = 0x748
                    0x0748                  _OSCTUNbits = 0x748
                    0x074e                  REFOCON = 0x74e
                    0x074e                  _REFOCON = 0x74e
                    0x074e                  _REFOCONbits = 0x74e
                    0x0758                  DSCON = 0x758
                    0x0758                  _DSCON = 0x758
                    0x0758                  _DSCONbits = 0x758
                    0x075a                  DSWAKE = 0x75a
                    0x075a                  _DSWAKE = 0x75a
                    0x075a                  _DSWAKEbits = 0x75a
                    0x075c                  DSGPR0 = 0x75c
                    0x075c                  _DSGPR0 = 0x75c
                    0x075c                  _DSGPR0bits = 0x75c
                    0x075e                  DSGPR1 = 0x75e
                    0x075e                  _DSGPR1 = 0x75e
                    0x075e                  _DSGPR1bits = 0x75e
                    0x0760                  NVMCON = 0x760
                    0x0760                  _NVMCON = 0x760
                    0x0760                  _NVMCONbits = 0x760
                    0x0766                  NVMKEY = 0x766
                    0x0766                  _NVMKEY = 0x766
                    0x0770                  PMD1 = 0x770
                    0x0770                  _PMD1 = 0x770
                    0x0770                  _PMD1bits = 0x770
                    0x0772                  PMD2 = 0x772
                    0x0772                  _PMD2 = 0x772
                    0x0772                  _PMD2bits = 0x772
                    0x0774                  PMD3 = 0x774
                    0x0774                  _PMD3 = 0x774
                    0x0774                  _PMD3bits = 0x774
                    0x0776                  PMD4 = 0x776
                    0x0776                  _PMD4 = 0x776
                    0x0776                  _PMD4bits = 0x776
                    0x0144                  IC1 = 0x144
                    0x0144                  _IC1 = 0x144
                    0x014c                  IC2 = 0x14c
                    0x014c                  _IC2 = 0x14c
                    0x0154                  IC3 = 0x154
                    0x0154                  _IC3 = 0x154
                    0x015c                  IC4 = 0x15c
                    0x015c                  _IC4 = 0x15c
                    0x0164                  IC5 = 0x164
                    0x0164                  _IC5 = 0x164
                    0x0194                  OC1 = 0x194
                    0x0194                  _OC1 = 0x194
                    0x019e                  OC2 = 0x19e
                    0x019e                  _OC2 = 0x19e
                    0x01a8                  OC3 = 0x1a8
                    0x01a8                  _OC3 = 0x1a8
                    0x01b2                  OC4 = 0x1b2
                    0x01b2                  _OC4 = 0x1b2
                    0x01bc                  OC5 = 0x1bc
                    0x01bc                  _OC5 = 0x1bc
                    0x0240                  SPI1 = 0x240
                    0x0240                  _SPI1 = 0x240
                    0x0260                  SPI2 = 0x260
                    0x0260                  _SPI2 = 0x260
                    0x0220                  UART1 = 0x220
                    0x0220                  _UART1 = 0x220
                    0x0230                  UART2 = 0x230
                    0x0230                  _UART2 = 0x230
                    0x0400                  _EZBL_ADDRESSES_PER_SECTOR = 0x400
                    0x0000                  _EZBL_MAIN_FLASH_BASE = 0x0
                    0xac00                  _EZBL_MAIN_FLASH_END_ADDRESS = 0xac00
                    0xabf8                  _EZBL_CONFIG_BASE = 0xabf8
                    0xac00                  _EZBL_CONFIG_END_ADDRESS = 0xac00
                    0xff0000                  _EZBL_DEVID_ADDRESS = 0xff0000
                    0xffffff                  _EZBL_DEVID_MASK = 0xffffff
                    0x4207                  _EZBL_DEVID_VALUE = 0x4207
                    0xff0002                  _EZBL_REVID_ADDRESS = 0xff0002
                    0xffffff                  _EZBL_REVID_MASK = 0xffffff
                    0xabfe                  _EZBL_RESERVED_BIT_ADDRESS = 0xabfe
                    0x8000                  _EZBL_RESERVED_BIT_MASK = 0x8000
                    0xabfe                  _EZBL_CODE_PROTECT_ADDRESS = 0xabfe
                    0x2000                  _EZBL_CODE_PROTECT_MASK = 0x2000
                    0xabfe                  _EZBL_BACKBUG_ADDRESS = 0xabfe
                    0x0800                  _EZBL_BACKBUG_MASK = 0x800
                    0xabf8                  _EZBL_CONFIG4 = 0xabf8
                    0xabfa                  _EZBL_CONFIG3 = 0xabfa
                    0xabfc                  _EZBL_CONFIG2 = 0xabfc
                    0xabfe                  _EZBL_CONFIG1 = 0xabfe
                    0x6800                  _EZBL_BOOTLOADER_SIZE = 0x6800
                    0x4800                  _EZBL_appBootloadState = 0x4800
                    0x480c                  _EZBL_APP_RESET_BASE = 0x480c
                    0x4810                  _EZBL_IGT_BASE = 0x4810
                    0x0001                  _EZBL_FORWARD_MASK_T1 = 0x1
                    0x0000                  _EZBL_FORWARD_POS_T1 = 0x0
                    0x0003                  _EZBL_FORWARD_IRQ_T1 = 0x3
                    0x0002                  _EZBL_FORWARD_MASK_USB1 = 0x2
                    0x0001                  _EZBL_FORWARD_POS_USB1 = 0x1
                    0x0056                  _EZBL_FORWARD_IRQ_USB1 = 0x56

.text.EZBLAppSpaceGeometry
                  0x000200          0x8
 *(.text.EZBLAppSpaceGeometry)
                  0x000200          0x4 LONG 0x4800
                  0x000202          0x4 LONG 0x8000
                  0x000204          0x4 LONG 0xa000
                  0x000206          0x4 LONG 0xabf8

.text.EZBLNoProgramRanges
                  0x000208          0xc
 *(.text.EZBLNoProgramRanges)
                  0x000208          0x4 LONG 0x0
                  0x00020a          0x4 LONG 0x480c
                  0x00020c          0x4 LONG 0x8000
                  0x00020e          0x4 LONG 0xa000
                  0x000210          0x4 LONG 0xabf8
                  0x000212          0x4 LONG 0xac00

.text.EZBLNoEraseRanges
                  0x000214          0x8
 *(.text.EZBLNoEraseRanges)
                  0x000214          0x4 LONG 0x0
                  0x000216          0x4 LONG 0x4800
                  0x000218          0x4 LONG 0x8000
                  0x00021a          0x4 LONG 0xa000

.text.EZBLNoVerifyRanges
                  0x00021c          0x8
 *(.text.EZBLNoVerifyRanges)
                  0x00021c          0x4 LONG 0x4800
                  0x00021e          0x4 LONG 0x480c
                  0x000220          0x4 LONG 0xabfe
                  0x000222          0x4 LONG 0xac00

.text.EZBLEraseRestoreTable
                  0x000224          0xc
 *(.text.EZBLEraseRestoreTable)
                  0x000224          0x4 LONG 0xabf8
                  0x000226          0x4 LONG 0xc
                  0x000228          0x4 LONG 0xff33
                  0x00022a          0x4 LONG 0xffc0
                  0x00022c          0x4 LONG 0x3b8e
                  0x00022e          0x4 LONG 0x3f60

.text.EZBLISRDispatchStubs
                  0x000230          0xc
                    0x0230                  EZBL_Dispatch_T1Interrupt = ABSOLUTE (.)
                  0x000230          0x4 LONG 0xaf0a68 (((0xaf0000 | (ABSOLUTE ((ABSOLUTE (_EZBL_ForwardBootloaderISR) + 0x0)) & 0x1ffe)) | ((ABSOLUTE (0x0) & 0x7) << 0xd)) | ((ABSOLUTE (0x0) & 0x8) >> 0x3))
                  0x000232          0x4 LONG 0x3722f5 (0x370000 | (((ABSOLUTE (ABSOLUTE (0x481e)) - ABSOLUTE ((. + 0x2))) >> 0x1) & 0xffff))
                  0x000234          0x4 LONG 0x37200d (0x370000 | (((ABSOLUTE (DEFINED (__T1Interrupt)?ABSOLUTE (__T1Interrupt):ABSOLUTE (0x481e)) - ABSOLUTE ((. + 0x2))) >> 0x1) & 0xffff))
                    0x0236                  EZBL_Dispatch_USB1Interrupt = ABSOLUTE (.)
                  0x000236          0x4 LONG 0xaf2a68 (((0xaf0000 | (ABSOLUTE ((ABSOLUTE (_EZBL_ForwardBootloaderISR) + 0x0)) & 0x1ffe)) | ((ABSOLUTE (0x1) & 0x7) << 0xd)) | ((ABSOLUTE (0x1) & 0x8) >> 0x3))
                  0x000238          0x4 LONG 0x372317 (0x370000 | (((ABSOLUTE (ABSOLUTE (0x4868)) - ABSOLUTE ((. + 0x2))) >> 0x1) & 0xffff))
                  0x00023a          0x4 LONG 0x370064 (0x370000 | (((ABSOLUTE (DEFINED (__USB1Interrupt)?ABSOLUTE (__USB1Interrupt):ABSOLUTE (0x4868)) - ABSOLUTE ((. + 0x2))) >> 0x1) & 0xffff))

EZBL_ICD_RAM_RESERVE
                    0x0800         0x50
                    0x0850                  . = DEFINED (__DEBUG)?0x0:0x50
 *fill*             0x0800         0x5000

.reset            0x000000          0x4
                  0x000000          0x2 SHORT 0x23c ABSOLUTE (__reset)
                  0x000001          0x2 SHORT 0x4
                  0x000002          0x2 SHORT 0x0 ((ABSOLUTE (__reset) >> 0x10) & 0x7f)
                  0x000003          0x2 SHORT 0x0

.text             0x00023c        0x2e0
 *(.init)
 .init            0x00023c         0x4c /home/sladekm/software/microchip/XC16/v1.36/bin/bin/../../lib/liblega-pic30-elf.a(crt0_standard.o)
                  0x00023c                  __reset
                  0x00023c                  __resetPRI
                  0x000278                  __psv_init
 .init            0x000288         0x7c /home/sladekm/software/microchip/XC16/v1.36/bin/bin/../../lib/liblega-pic30-elf.a(data_init_standard.o)
                  0x00028e                  __data_init
                  0x00028e                  __data_init_standard
 *(.user_init)
 *(.handle)
 *(.isr*)
 .isr.text._USB1Interrupt
                  0x000304         0x20 build/PIC24FJ64GB002/production/system.o
                  0x000304                  __USB1Interrupt
 *(.libc)
 .libc            0x000324         0x28 /home/sladekm/software/microchip/XC16/v1.36/bin/bin/../../lib/liblega-pic30-elf.a(sbrk.Leo)
                  0x000324                  _sbrk
 .libc            0x00034c         0x1a /home/sladekm/software/microchip/XC16/v1.36/bin/bin/../../lib/liblega-pic30-elf.a(brk.Lelo)
                  0x00034c                  _brk
 *(.libm)
 *(.libdsp)
 *(.lib*)
 .libpic30_crt_start_mode
                  0x000366          0x2 /home/sladekm/software/microchip/XC16/v1.36/bin/bin/../../lib/liblega-pic30-elf.a(crt_start_mode_normal.Leo)
                  0x000366                  __crt_start_mode_normal
                  0x000366                  __crt_start_mode
 .libm.udivsi3    0x000368         0x20 /home/sladekm/software/microchip/XC16/v1.36/bin/bin/../../lib/libm-elf.a(udivsi3.eo)
                  0x000368                  ___udivsi3
 .libc.free       0x000388         0x64 /home/sladekm/software/microchip/XC16/v1.36/bin/bin/../../lib/liblega-c-elf.a(free.XX_eo)
                  0x000388                  _free
 .libc.findmem    0x0003ec         0x66 /home/sladekm/software/microchip/XC16/v1.36/bin/bin/../../lib/liblega-c-elf.a(malloc.XX_eo)
 .libc.malloc     0x000452         0x54 /home/sladekm/software/microchip/XC16/v1.36/bin/bin/../../lib/liblega-c-elf.a(malloc.XX_eo)
                  0x000452                  _malloc
 .libc.memcmp     0x0004a6         0x1c /home/sladekm/software/microchip/XC16/v1.36/bin/bin/../../lib/liblega-c-elf.a(memcmp.XX_eo)
                  0x0004a6                  _memcmp
 .libc.memcpy     0x0004c2          0xe /home/sladekm/software/microchip/XC16/v1.36/bin/bin/../../lib/liblega-c-elf.a(memcpy.XX_eo)
                  0x0004c2                  _memcpy
 .libc.memset     0x0004d0          0xe /home/sladekm/software/microchip/XC16/v1.36/bin/bin/../../lib/liblega-c-elf.a(memset.XX_eo)
                  0x0004d0                  _memset
 .libc.strlen     0x0004de          0xc /home/sladekm/software/microchip/XC16/v1.36/bin/bin/../../lib/liblega-c-elf.a(strlen.XX_eo)
                  0x0004de                  _strlen
 .libc.strncpy    0x0004ea         0x1e /home/sladekm/software/microchip/XC16/v1.36/bin/bin/../../lib/liblega-c-elf.a(strncpy.XX_eo)
                  0x0004ea                  _strncpy
 .libc._Getmem    0x000508         0x14 /home/sladekm/software/microchip/XC16/v1.36/bin/bin/../../lib/liblega-c-elf.a(xgetmem.XX_eo)
                  0x000508                  __Getmem

usercode
 *(usercode)

__CONFIG4
 *(__CONFIG4.sec*)

__CONFIG3
 *(__CONFIG3.sec*)

__CONFIG2
 *(__CONFIG2.sec*)

__CONFIG1
 *(__CONFIG1.sec*)

.comment
 *(.comment)

.debug_info       0x000000      0x13820
 *(.debug_info)
 .debug_info      0x000000       0x440b build/PIC24FJ64GB002/production/_ext/1706142600/fileio.o
 .debug_info      0x00440b       0x384e build/PIC24FJ64GB002/production/_ext/838585624/usb_host.o
 .debug_info      0x007c59       0x1113 build/PIC24FJ64GB002/production/_ext/838585624/usb_host_msd.o
 .debug_info      0x008d6c        0xbf3 build/PIC24FJ64GB002/production/_ext/838585624/usb_host_msd_scsi.o
 .debug_info      0x00995f        0xdbf build/PIC24FJ64GB002/production/system.o
 .debug_info      0x00a71e       0x1e58 build/PIC24FJ64GB002/production/main.o
 .debug_info      0x00c576        0x8c8 build/PIC24FJ64GB002/production/usb_config.o
 .debug_info      0x00ce3e        0x9f5 build/PIC24FJ64GB002/production/usb_host_midi.o
 .debug_info      0x00d833         0x85 ../ezbl_integration/ezbl_lib.a(EZBL_RAMSet.16o)
 .debug_info      0x00d8b8         0x8c ../ezbl_integration/ezbl_lib.a(NOW_TaskDispatcher.16o)
 .debug_info      0x00d944         0x88 ../ezbl_integration/ezbl_lib.a(NOW_CreateTask.16o)
 .debug_info      0x00d9cc        0xfaa ../ezbl_integration/ezbl_lib.a(EZBL_InstallFILEIO2Flash.16o)
 .debug_info      0x00e976         0x8b ../ezbl_integration/ezbl_lib.a(EZBL_IsAppPresent.16o)
 .debug_info      0x00ea01         0x82 ../ezbl_integration/ezbl_lib.a(NOW_Wait.16o)
 .debug_info      0x00ea83         0x80 ../ezbl_integration/ezbl_lib.a(NOW_64.16o)
 .debug_info      0x00eb03         0x88 ../ezbl_integration/ezbl_lib.a(EZBL_ReadFlash.16o)
 .debug_info      0x00eb8b         0x87 ../ezbl_integration/ezbl_lib.a(NOW_IntEnable.16o)
 .debug_info      0x00ec12         0xde ../ezbl_integration/ezbl_lib.a(EZBL_ForwardBootloaderISR.16o)
 .debug_info      0x00ecf0        0x508 ../ezbl_integration/ezbl_lib.a(EZBL_gUSBDrive.16o)
 .debug_info      0x00f1f8         0x7a ../ezbl_integration/ezbl_lib.a(LEDSet.16o)
 .debug_info      0x00f272        0x131 ../ezbl_integration/ezbl_lib.a(ButtonRead.16o)
 .debug_info      0x00f3a3         0xbb ../ezbl_integration/ezbl_lib.a(EZBL_appIsRunning.16o)
 .debug_info      0x00f45e         0xb7 ../ezbl_integration/ezbl_lib.a(EZBL_NVMKey.16o)
 .debug_info      0x00f515       0x103d ../ezbl_integration/ezbl_lib.a(NOW_TMR1_Reset.16o)
 .debug_info      0x010552         0xcc ../ezbl_integration/ezbl_lib.a(NOW_ms.16o)
 .debug_info      0x01061e        0x114 ../ezbl_integration/ezbl_lib.a(NOW_sec.16o)
 .debug_info      0x010732         0xcd ../ezbl_integration/ezbl_lib.a(NOW_us.16o)
 .debug_info      0x0107ff         0x7d ../ezbl_integration/ezbl_lib.a(LEDToggle.16o)
 .debug_info      0x01087c        0x136 ../ezbl_integration/ezbl_lib.a(ButtonPeek.16o)
 .debug_info      0x0109b2        0x1ea ../ezbl_integration/ezbl_lib.a(NOW_EndTask.16o)
 .debug_info      0x010b9c        0x121 ../ezbl_integration/ezbl_lib.a(EZBL_EraseAll.16o)
 .debug_info      0x010cbd        0xb00 ../ezbl_integration/ezbl_lib.a(EZBL_VerifyROM.16o)
 .debug_info      0x0117bd         0x8e ../ezbl_integration/ezbl_lib.a(EZBL_ReadPackedFlash.16o)
 .debug_info      0x01184b         0x89 ../ezbl_integration/ezbl_lib.a(EZBL_RAMCompare.16o)
 .debug_info      0x0118d4         0x86 ../ezbl_integration/ezbl_lib.a(EZBL_RAMCopy.16o)
 .debug_info      0x01195a         0x87 ../ezbl_integration/ezbl_lib.a(EZBL_WriteROM.16o)
 .debug_info      0x0119e1         0x84 ../ezbl_integration/ezbl_lib.a(EZBL_CRC32.16o)
 .debug_info      0x011a65        0x16f ../ezbl_integration/ezbl_lib.a(NOW_SetTimeIntervals.16o)
 .debug_info      0x011bd4         0x89 ../ezbl_integration/ezbl_lib.a(EZBL_ROMCompare.16o)
 .debug_info      0x011c5d         0x90 ../ezbl_integration/ezbl_lib.a(EZBL_RestoreInterrupts.16o)
 .debug_info      0x011ced         0x90 ../ezbl_integration/ezbl_lib.a(EZBL_DisableInterrupts.16o)
 .debug_info      0x011d7d        0x1f9 ../ezbl_integration/ezbl_lib.a(EZBL_AddrInTable.16o)
 .debug_info      0x011f76         0x8c ../ezbl_integration/ezbl_lib.a(EZBL_ReadTablePair.16o)
 .debug_info      0x012002        0xa20 ../ezbl_integration/ezbl_lib.a(EZBL_EraseAppSpace.16o)
 .debug_info      0x012a22         0x86 ../ezbl_integration/ezbl_lib.a(EZBL_CallISR.16o)
 .debug_info      0x012aa8        0x9c0 ../ezbl_integration/ezbl_lib.a(EZBL_RestoreAppErasable.16o)
 .debug_info      0x013468         0x85 ../ezbl_integration/ezbl_lib.a(EZBL_MapInv.16o)
 .debug_info      0x0134ed         0x80 ../ezbl_integration/ezbl_lib.a(_T1Interrupt.16o)
 .debug_info      0x01356d         0x8b ../ezbl_integration/ezbl_lib.a(EZBL_IsPageErased.16o)
 .debug_info      0x0135f8         0x88 ../ezbl_integration/ezbl_lib.a(EZBL_ErasePage.16o)
 .debug_info      0x013680         0x8f ../ezbl_integration/ezbl_lib.a(EZBL_WriteROMOnlyOnce.16o)
 .debug_info      0x01370f         0x87 ../ezbl_integration/ezbl_lib.a(EZBL_Mul3Div2.16o)
 .debug_info      0x013796         0x8a ../ezbl_integration/ezbl_lib.a(EZBL_WriteNVMCON.16o)
 *(.gnu.linkonce.wi.*)

.debug_abbrev     0x000000       0x1ffc
 *(.debug_abbrev)
 .debug_abbrev    0x000000        0x319 build/PIC24FJ64GB002/production/_ext/1706142600/fileio.o
 .debug_abbrev    0x000319        0x2fd build/PIC24FJ64GB002/production/_ext/838585624/usb_host.o
 .debug_abbrev    0x000616        0x213 build/PIC24FJ64GB002/production/_ext/838585624/usb_host_msd.o
 .debug_abbrev    0x000829        0x1b5 build/PIC24FJ64GB002/production/_ext/838585624/usb_host_msd_scsi.o
 .debug_abbrev    0x0009de        0x158 build/PIC24FJ64GB002/production/system.o
 .debug_abbrev    0x000b36        0x2c5 build/PIC24FJ64GB002/production/main.o
 .debug_abbrev    0x000dfb        0x113 build/PIC24FJ64GB002/production/usb_config.o
 .debug_abbrev    0x000f0e        0x16f build/PIC24FJ64GB002/production/usb_host_midi.o
 .debug_abbrev    0x00107d         0x14 ../ezbl_integration/ezbl_lib.a(EZBL_RAMSet.16o)
 .debug_abbrev    0x001091         0x14 ../ezbl_integration/ezbl_lib.a(NOW_TaskDispatcher.16o)
 .debug_abbrev    0x0010a5         0x14 ../ezbl_integration/ezbl_lib.a(NOW_CreateTask.16o)
 .debug_abbrev    0x0010b9        0x1ea ../ezbl_integration/ezbl_lib.a(EZBL_InstallFILEIO2Flash.16o)
 .debug_abbrev    0x0012a3         0x14 ../ezbl_integration/ezbl_lib.a(EZBL_IsAppPresent.16o)
 .debug_abbrev    0x0012b7         0x14 ../ezbl_integration/ezbl_lib.a(NOW_Wait.16o)
 .debug_abbrev    0x0012cb         0x14 ../ezbl_integration/ezbl_lib.a(NOW_64.16o)
 .debug_abbrev    0x0012df         0x14 ../ezbl_integration/ezbl_lib.a(EZBL_ReadFlash.16o)
 .debug_abbrev    0x0012f3         0x14 ../ezbl_integration/ezbl_lib.a(NOW_IntEnable.16o)
 .debug_abbrev    0x001307         0x37 ../ezbl_integration/ezbl_lib.a(EZBL_ForwardBootloaderISR.16o)
 .debug_abbrev    0x00133e         0xf4 ../ezbl_integration/ezbl_lib.a(EZBL_gUSBDrive.16o)
 .debug_abbrev    0x001432         0x14 ../ezbl_integration/ezbl_lib.a(LEDSet.16o)
 .debug_abbrev    0x001446         0x58 ../ezbl_integration/ezbl_lib.a(ButtonRead.16o)
 .debug_abbrev    0x00149e         0x30 ../ezbl_integration/ezbl_lib.a(EZBL_appIsRunning.16o)
 .debug_abbrev    0x0014ce         0x37 ../ezbl_integration/ezbl_lib.a(EZBL_NVMKey.16o)
 .debug_abbrev    0x001505        0x161 ../ezbl_integration/ezbl_lib.a(NOW_TMR1_Reset.16o)
 .debug_abbrev    0x001666         0x52 ../ezbl_integration/ezbl_lib.a(NOW_ms.16o)
 .debug_abbrev    0x0016b8         0x63 ../ezbl_integration/ezbl_lib.a(NOW_sec.16o)
 .debug_abbrev    0x00171b         0x52 ../ezbl_integration/ezbl_lib.a(NOW_us.16o)
 .debug_abbrev    0x00176d         0x14 ../ezbl_integration/ezbl_lib.a(LEDToggle.16o)
 .debug_abbrev    0x001781         0x99 ../ezbl_integration/ezbl_lib.a(ButtonPeek.16o)
 .debug_abbrev    0x00181a         0xbd ../ezbl_integration/ezbl_lib.a(NOW_EndTask.16o)
 .debug_abbrev    0x0018d7         0x6c ../ezbl_integration/ezbl_lib.a(EZBL_EraseAll.16o)
 .debug_abbrev    0x001943        0x1be ../ezbl_integration/ezbl_lib.a(EZBL_VerifyROM.16o)
 .debug_abbrev    0x001b01         0x14 ../ezbl_integration/ezbl_lib.a(EZBL_ReadPackedFlash.16o)
 .debug_abbrev    0x001b15         0x14 ../ezbl_integration/ezbl_lib.a(EZBL_RAMCompare.16o)
 .debug_abbrev    0x001b29         0x14 ../ezbl_integration/ezbl_lib.a(EZBL_RAMCopy.16o)
 .debug_abbrev    0x001b3d         0x14 ../ezbl_integration/ezbl_lib.a(EZBL_WriteROM.16o)
 .debug_abbrev    0x001b51         0x14 ../ezbl_integration/ezbl_lib.a(EZBL_CRC32.16o)
 .debug_abbrev    0x001b65         0x56 ../ezbl_integration/ezbl_lib.a(NOW_SetTimeIntervals.16o)
 .debug_abbrev    0x001bbb         0x14 ../ezbl_integration/ezbl_lib.a(EZBL_ROMCompare.16o)
 .debug_abbrev    0x001bcf         0x14 ../ezbl_integration/ezbl_lib.a(EZBL_RestoreInterrupts.16o)
 .debug_abbrev    0x001be3         0x14 ../ezbl_integration/ezbl_lib.a(EZBL_DisableInterrupts.16o)
 .debug_abbrev    0x001bf7         0x8d ../ezbl_integration/ezbl_lib.a(EZBL_AddrInTable.16o)
 .debug_abbrev    0x001c84         0x14 ../ezbl_integration/ezbl_lib.a(EZBL_ReadTablePair.16o)
 .debug_abbrev    0x001c98        0x184 ../ezbl_integration/ezbl_lib.a(EZBL_EraseAppSpace.16o)
 .debug_abbrev    0x001e1c         0x14 ../ezbl_integration/ezbl_lib.a(EZBL_CallISR.16o)
 .debug_abbrev    0x001e30        0x140 ../ezbl_integration/ezbl_lib.a(EZBL_RestoreAppErasable.16o)
 .debug_abbrev    0x001f70         0x14 ../ezbl_integration/ezbl_lib.a(EZBL_MapInv.16o)
 .debug_abbrev    0x001f84         0x14 ../ezbl_integration/ezbl_lib.a(_T1Interrupt.16o)
 .debug_abbrev    0x001f98         0x14 ../ezbl_integration/ezbl_lib.a(EZBL_IsPageErased.16o)
 .debug_abbrev    0x001fac         0x14 ../ezbl_integration/ezbl_lib.a(EZBL_ErasePage.16o)
 .debug_abbrev    0x001fc0         0x14 ../ezbl_integration/ezbl_lib.a(EZBL_WriteROMOnlyOnce.16o)
 .debug_abbrev    0x001fd4         0x14 ../ezbl_integration/ezbl_lib.a(EZBL_Mul3Div2.16o)
 .debug_abbrev    0x001fe8         0x14 ../ezbl_integration/ezbl_lib.a(EZBL_WriteNVMCON.16o)

.debug_line       0x000000       0x376d
 *(.debug_line)
 .debug_line      0x000000        0xd0b build/PIC24FJ64GB002/production/_ext/1706142600/fileio.o
 .debug_line      0x000d0b        0xaf1 build/PIC24FJ64GB002/production/_ext/838585624/usb_host.o
 .debug_line      0x0017fc        0x380 build/PIC24FJ64GB002/production/_ext/838585624/usb_host_msd.o
 .debug_line      0x001b7c        0x2e9 build/PIC24FJ64GB002/production/_ext/838585624/usb_host_msd_scsi.o
 .debug_line      0x001e65        0x122 build/PIC24FJ64GB002/production/system.o
 .debug_line      0x001f87        0x252 build/PIC24FJ64GB002/production/main.o
 .debug_line      0x0021d9         0xc1 build/PIC24FJ64GB002/production/usb_config.o
 .debug_line      0x00229a        0x1b7 build/PIC24FJ64GB002/production/usb_host_midi.o
 .debug_line      0x002451         0x53 ../ezbl_integration/ezbl_lib.a(EZBL_RAMSet.16o)
 .debug_line      0x0024a4         0x94 ../ezbl_integration/ezbl_lib.a(NOW_TaskDispatcher.16o)
 .debug_line      0x002538         0x75 ../ezbl_integration/ezbl_lib.a(NOW_CreateTask.16o)
 .debug_line      0x0025ad        0x11a ../ezbl_integration/ezbl_lib.a(EZBL_InstallFILEIO2Flash.16o)
 .debug_line      0x0026c7         0x6d ../ezbl_integration/ezbl_lib.a(EZBL_IsAppPresent.16o)
 .debug_line      0x002734         0x5d ../ezbl_integration/ezbl_lib.a(NOW_Wait.16o)
 .debug_line      0x002791         0x5c ../ezbl_integration/ezbl_lib.a(NOW_64.16o)
 .debug_line      0x0027ed         0x59 ../ezbl_integration/ezbl_lib.a(EZBL_ReadFlash.16o)
 .debug_line      0x002846         0x59 ../ezbl_integration/ezbl_lib.a(NOW_IntEnable.16o)
 .debug_line      0x00289f         0x4d ../ezbl_integration/ezbl_lib.a(EZBL_ForwardBootloaderISR.16o)
 .debug_line      0x0028ec         0x94 ../ezbl_integration/ezbl_lib.a(EZBL_gUSBDrive.16o)
 .debug_line      0x002980         0x48 ../ezbl_integration/ezbl_lib.a(LEDSet.16o)
 .debug_line      0x0029c8         0x4d ../ezbl_integration/ezbl_lib.a(ButtonRead.16o)
 .debug_line      0x002a15         0x3f ../ezbl_integration/ezbl_lib.a(EZBL_appIsRunning.16o)
 .debug_line      0x002a54         0x1a ../ezbl_integration/ezbl_lib.a(EZBL_bootIDHash.16o)
 .debug_line      0x002a6e         0x39 ../ezbl_integration/ezbl_lib.a(EZBL_NVMKey.16o)
 .debug_line      0x002aa7         0x84 ../ezbl_integration/ezbl_lib.a(NOW_TMR1_Reset.16o)
 .debug_line      0x002b2b         0x34 ../ezbl_integration/ezbl_lib.a(NOW_ms.16o)
 .debug_line      0x002b5f         0x35 ../ezbl_integration/ezbl_lib.a(NOW_sec.16o)
 .debug_line      0x002b94         0x34 ../ezbl_integration/ezbl_lib.a(NOW_us.16o)
 .debug_line      0x002bc8         0x48 ../ezbl_integration/ezbl_lib.a(LEDToggle.16o)
 .debug_line      0x002c10         0x4e ../ezbl_integration/ezbl_lib.a(ButtonPeek.16o)
 .debug_line      0x002c5e         0x56 ../ezbl_integration/ezbl_lib.a(NOW_EndTask.16o)
 .debug_line      0x002cb4         0x59 ../ezbl_integration/ezbl_lib.a(EZBL_EraseAll.16o)
 .debug_line      0x002d0d         0xa7 ../ezbl_integration/ezbl_lib.a(EZBL_VerifyROM.16o)
 .debug_line      0x002db4         0x7b ../ezbl_integration/ezbl_lib.a(EZBL_ReadPackedFlash.16o)
 .debug_line      0x002e2f         0x5c ../ezbl_integration/ezbl_lib.a(EZBL_RAMCompare.16o)
 .debug_line      0x002e8b         0x5f ../ezbl_integration/ezbl_lib.a(EZBL_RAMCopy.16o)
 .debug_line      0x002eea         0xf8 ../ezbl_integration/ezbl_lib.a(EZBL_WriteROM.16o)
 .debug_line      0x002fe2         0x6e ../ezbl_integration/ezbl_lib.a(EZBL_CRC32.16o)
 .debug_line      0x003050         0x5d ../ezbl_integration/ezbl_lib.a(NOW_SetTimeIntervals.16o)
 .debug_line      0x0030ad         0x9d ../ezbl_integration/ezbl_lib.a(EZBL_ROMCompare.16o)
 .debug_line      0x00314a         0x5c ../ezbl_integration/ezbl_lib.a(EZBL_RestoreInterrupts.16o)
 .debug_line      0x0031a6         0x5d ../ezbl_integration/ezbl_lib.a(EZBL_DisableInterrupts.16o)
 .debug_line      0x003203         0x5f ../ezbl_integration/ezbl_lib.a(EZBL_AddrInTable.16o)
 .debug_line      0x003262         0x66 ../ezbl_integration/ezbl_lib.a(EZBL_ReadTablePair.16o)
 .debug_line      0x0032c8         0xac ../ezbl_integration/ezbl_lib.a(EZBL_EraseAppSpace.16o)
 .debug_line      0x003374         0x55 ../ezbl_integration/ezbl_lib.a(EZBL_CallISR.16o)
 .debug_line      0x0033c9         0xa2 ../ezbl_integration/ezbl_lib.a(EZBL_RestoreAppErasable.16o)
 .debug_line      0x00346b         0x65 ../ezbl_integration/ezbl_lib.a(EZBL_MapInv.16o)
 .debug_line      0x0034d0         0x1a ../ezbl_integration/ezbl_lib.a(EZBL_ADDRESSES_PER_SECTOR_default.16o)
 .debug_line      0x0034ea         0x5d ../ezbl_integration/ezbl_lib.a(_T1Interrupt.16o)
 .debug_line      0x003547         0x67 ../ezbl_integration/ezbl_lib.a(EZBL_IsPageErased.16o)
 .debug_line      0x0035ae         0x65 ../ezbl_integration/ezbl_lib.a(EZBL_ErasePage.16o)
 .debug_line      0x003613         0x98 ../ezbl_integration/ezbl_lib.a(EZBL_WriteROMOnlyOnce.16o)
 .debug_line      0x0036ab         0x54 ../ezbl_integration/ezbl_lib.a(EZBL_Mul3Div2.16o)
 .debug_line      0x0036ff         0x6e ../ezbl_integration/ezbl_lib.a(EZBL_WriteNVMCON.16o)

.debug_frame      0x000000       0x1316
 *(.debug_frame)
 .debug_frame     0x000000        0x85a build/PIC24FJ64GB002/production/_ext/1706142600/fileio.o
 .debug_frame     0x00085a        0x3ee build/PIC24FJ64GB002/production/_ext/838585624/usb_host.o
 .debug_frame     0x000c48        0x138 build/PIC24FJ64GB002/production/_ext/838585624/usb_host_msd.o
 .debug_frame     0x000d80        0x17c build/PIC24FJ64GB002/production/_ext/838585624/usb_host_msd_scsi.o
 .debug_frame     0x000efc         0x5e build/PIC24FJ64GB002/production/system.o
 .debug_frame     0x000f5a         0x9c build/PIC24FJ64GB002/production/main.o
 .debug_frame     0x000ff6         0xb8 build/PIC24FJ64GB002/production/usb_host_midi.o
 .debug_frame     0x0010ae         0x54 ../ezbl_integration/ezbl_lib.a(EZBL_InstallFILEIO2Flash.16o)
 .debug_frame     0x001102         0x2e ../ezbl_integration/ezbl_lib.a(ButtonRead.16o)
 .debug_frame     0x001130         0x34 ../ezbl_integration/ezbl_lib.a(NOW_TMR1_Reset.16o)
 .debug_frame     0x001164         0x2e ../ezbl_integration/ezbl_lib.a(ButtonPeek.16o)
 .debug_frame     0x001192         0x24 ../ezbl_integration/ezbl_lib.a(NOW_EndTask.16o)
 .debug_frame     0x0011b6         0x36 ../ezbl_integration/ezbl_lib.a(EZBL_EraseAll.16o)
 .debug_frame     0x0011ec         0x3a ../ezbl_integration/ezbl_lib.a(EZBL_VerifyROM.16o)
 .debug_frame     0x001226         0x2e ../ezbl_integration/ezbl_lib.a(NOW_SetTimeIntervals.16o)
 .debug_frame     0x001254         0x38 ../ezbl_integration/ezbl_lib.a(EZBL_AddrInTable.16o)
 .debug_frame     0x00128c         0x50 ../ezbl_integration/ezbl_lib.a(EZBL_EraseAppSpace.16o)
 .debug_frame     0x0012dc         0x3a ../ezbl_integration/ezbl_lib.a(EZBL_RestoreAppErasable.16o)

.debug_str        0x000000       0x1b2b
 *(.debug_str)
 .debug_str       0x000000        0x32b build/PIC24FJ64GB002/production/_ext/1706142600/fileio.o
 .debug_str       0x00032b        0x23e build/PIC24FJ64GB002/production/_ext/838585624/usb_host.o
 .debug_str       0x000569         0x95 build/PIC24FJ64GB002/production/_ext/838585624/usb_host_msd.o
 .debug_str       0x0005fe         0x62 build/PIC24FJ64GB002/production/_ext/838585624/usb_host_msd_scsi.o
 .debug_str       0x000660        0x2c4 build/PIC24FJ64GB002/production/system.o
 .debug_str       0x000924        0x30b build/PIC24FJ64GB002/production/main.o
 .debug_str       0x000c2f         0x4b build/PIC24FJ64GB002/production/usb_host_midi.o
 .debug_str       0x000c7a        0x2d3 ../ezbl_integration/ezbl_lib.a(EZBL_InstallFILEIO2Flash.16o)
 .debug_str       0x000f4d          0xb ../ezbl_integration/ezbl_lib.a(EZBL_gUSBDrive.16o)
 .debug_str       0x000f58         0x3e ../ezbl_integration/ezbl_lib.a(ButtonRead.16o)
 .debug_str       0x000f96        0x2f2 ../ezbl_integration/ezbl_lib.a(NOW_TMR1_Reset.16o)
 .debug_str       0x001288         0x10 ../ezbl_integration/ezbl_lib.a(NOW_ms.16o)
 .debug_str       0x001298         0x1f ../ezbl_integration/ezbl_lib.a(NOW_sec.16o)
 .debug_str       0x0012b7         0x10 ../ezbl_integration/ezbl_lib.a(NOW_us.16o)
 .debug_str       0x0012c7          0xf ../ezbl_integration/ezbl_lib.a(ButtonPeek.16o)
 .debug_str       0x0012d6         0x1f ../ezbl_integration/ezbl_lib.a(NOW_EndTask.16o)
 .debug_str       0x0012f5          0xc ../ezbl_integration/ezbl_lib.a(EZBL_EraseAll.16o)
 .debug_str       0x001301        0x2c8 ../ezbl_integration/ezbl_lib.a(EZBL_VerifyROM.16o)
 .debug_str       0x0015c9        0x2b1 ../ezbl_integration/ezbl_lib.a(EZBL_EraseAppSpace.16o)
 .debug_str       0x00187a        0x2b1 ../ezbl_integration/ezbl_lib.a(EZBL_RestoreAppErasable.16o)

.debug_loc
 *(.debug_loc)

.debug_macinfo
 *(.debug_macinfo)

.debug_pubnames
                  0x000000       0x128c
 *(.debug_pubnames)
 .debug_pubnames
                  0x000000        0x6bb build/PIC24FJ64GB002/production/_ext/1706142600/fileio.o
 .debug_pubnames
                  0x0006bb        0x40b build/PIC24FJ64GB002/production/_ext/838585624/usb_host.o
 .debug_pubnames
                  0x000ac6        0x121 build/PIC24FJ64GB002/production/_ext/838585624/usb_host_msd.o
 .debug_pubnames
                  0x000be7        0x150 build/PIC24FJ64GB002/production/_ext/838585624/usb_host_msd_scsi.o
 .debug_pubnames
                  0x000d37         0x38 build/PIC24FJ64GB002/production/system.o
 .debug_pubnames
                  0x000d6f         0xa4 build/PIC24FJ64GB002/production/main.o
 .debug_pubnames
                  0x000e13         0x4e build/PIC24FJ64GB002/production/usb_config.o
 .debug_pubnames
                  0x000e61         0x8d build/PIC24FJ64GB002/production/usb_host_midi.o
 .debug_pubnames
                  0x000eee         0x2f ../ezbl_integration/ezbl_lib.a(EZBL_InstallFILEIO2Flash.16o)
 .debug_pubnames
                  0x000f1d         0x30 ../ezbl_integration/ezbl_lib.a(EZBL_ForwardBootloaderISR.16o)
 .debug_pubnames
                  0x000f4d         0x20 ../ezbl_integration/ezbl_lib.a(EZBL_gUSBDrive.16o)
 .debug_pubnames
                  0x000f6d         0x6f ../ezbl_integration/ezbl_lib.a(ButtonRead.16o)
 .debug_pubnames
                  0x000fdc         0x28 ../ezbl_integration/ezbl_lib.a(EZBL_appIsRunning.16o)
 .debug_pubnames
                  0x001004         0x22 ../ezbl_integration/ezbl_lib.a(EZBL_NVMKey.16o)
 .debug_pubnames
                  0x001026         0x7e ../ezbl_integration/ezbl_lib.a(NOW_TMR1_Reset.16o)
 .debug_pubnames
                  0x0010a4         0x31 ../ezbl_integration/ezbl_lib.a(NOW_ms.16o)
 .debug_pubnames
                  0x0010d5         0x51 ../ezbl_integration/ezbl_lib.a(NOW_sec.16o)
 .debug_pubnames
                  0x001126         0x31 ../ezbl_integration/ezbl_lib.a(NOW_us.16o)
 .debug_pubnames
                  0x001157         0x21 ../ezbl_integration/ezbl_lib.a(ButtonPeek.16o)
 .debug_pubnames
                  0x001178         0x22 ../ezbl_integration/ezbl_lib.a(NOW_EndTask.16o)
 .debug_pubnames
                  0x00119a         0x24 ../ezbl_integration/ezbl_lib.a(EZBL_EraseAll.16o)
 .debug_pubnames
                  0x0011be         0x25 ../ezbl_integration/ezbl_lib.a(EZBL_VerifyROM.16o)
 .debug_pubnames
                  0x0011e3         0x2b ../ezbl_integration/ezbl_lib.a(NOW_SetTimeIntervals.16o)
 .debug_pubnames
                  0x00120e         0x27 ../ezbl_integration/ezbl_lib.a(EZBL_AddrInTable.16o)
 .debug_pubnames
                  0x001235         0x29 ../ezbl_integration/ezbl_lib.a(EZBL_EraseAppSpace.16o)
 .debug_pubnames
                  0x00125e         0x2e ../ezbl_integration/ezbl_lib.a(EZBL_RestoreAppErasable.16o)

.debug_ranges
 *(.debug_ranges)

.debug_aranges    0x000000        0x8a8
 *(.debug_aranges)
 .debug_aranges
                  0x000000        0x208 build/PIC24FJ64GB002/production/_ext/1706142600/fileio.o
 .debug_aranges
                  0x000208        0x140 build/PIC24FJ64GB002/production/_ext/838585624/usb_host.o
 .debug_aranges
                  0x000348         0x68 build/PIC24FJ64GB002/production/_ext/838585624/usb_host_msd.o
 .debug_aranges
                  0x0003b0         0x58 build/PIC24FJ64GB002/production/_ext/838585624/usb_host_msd_scsi.o
 .debug_aranges
                  0x000408         0x28 build/PIC24FJ64GB002/production/system.o
 .debug_aranges
                  0x000430         0x48 build/PIC24FJ64GB002/production/main.o
 .debug_aranges
                  0x000478         0x40 build/PIC24FJ64GB002/production/usb_host_midi.o
 .debug_aranges
                  0x0004b8         0x18 ../ezbl_integration/ezbl_lib.a(EZBL_RAMSet.16o)
 .debug_aranges
                  0x0004d0         0x18 ../ezbl_integration/ezbl_lib.a(NOW_TaskDispatcher.16o)
 .debug_aranges
                  0x0004e8         0x18 ../ezbl_integration/ezbl_lib.a(NOW_CreateTask.16o)
 .debug_aranges
                  0x000500         0x20 ../ezbl_integration/ezbl_lib.a(EZBL_InstallFILEIO2Flash.16o)
 .debug_aranges
                  0x000520         0x18 ../ezbl_integration/ezbl_lib.a(EZBL_IsAppPresent.16o)
 .debug_aranges
                  0x000538         0x18 ../ezbl_integration/ezbl_lib.a(NOW_Wait.16o)
 .debug_aranges
                  0x000550         0x18 ../ezbl_integration/ezbl_lib.a(NOW_64.16o)
 .debug_aranges
                  0x000568         0x18 ../ezbl_integration/ezbl_lib.a(EZBL_ReadFlash.16o)
 .debug_aranges
                  0x000580         0x18 ../ezbl_integration/ezbl_lib.a(NOW_IntEnable.16o)
 .debug_aranges
                  0x000598         0x18 ../ezbl_integration/ezbl_lib.a(LEDSet.16o)
 .debug_aranges
                  0x0005b0         0x20 ../ezbl_integration/ezbl_lib.a(ButtonRead.16o)
 .debug_aranges
                  0x0005d0         0x28 ../ezbl_integration/ezbl_lib.a(NOW_TMR1_Reset.16o)
 .debug_aranges
                  0x0005f8         0x18 ../ezbl_integration/ezbl_lib.a(LEDToggle.16o)
 .debug_aranges
                  0x000610         0x20 ../ezbl_integration/ezbl_lib.a(ButtonPeek.16o)
 .debug_aranges
                  0x000630         0x20 ../ezbl_integration/ezbl_lib.a(NOW_EndTask.16o)
 .debug_aranges
                  0x000650         0x20 ../ezbl_integration/ezbl_lib.a(EZBL_EraseAll.16o)
 .debug_aranges
                  0x000670         0x20 ../ezbl_integration/ezbl_lib.a(EZBL_VerifyROM.16o)
 .debug_aranges
                  0x000690         0x18 ../ezbl_integration/ezbl_lib.a(EZBL_ReadPackedFlash.16o)
 .debug_aranges
                  0x0006a8         0x18 ../ezbl_integration/ezbl_lib.a(EZBL_RAMCompare.16o)
 .debug_aranges
                  0x0006c0         0x18 ../ezbl_integration/ezbl_lib.a(EZBL_RAMCopy.16o)
 .debug_aranges
                  0x0006d8         0x18 ../ezbl_integration/ezbl_lib.a(EZBL_WriteROM.16o)
 .debug_aranges
                  0x0006f0         0x18 ../ezbl_integration/ezbl_lib.a(EZBL_CRC32.16o)
 .debug_aranges
                  0x000708         0x20 ../ezbl_integration/ezbl_lib.a(NOW_SetTimeIntervals.16o)
 .debug_aranges
                  0x000728         0x18 ../ezbl_integration/ezbl_lib.a(EZBL_ROMCompare.16o)
 .debug_aranges
                  0x000740         0x18 ../ezbl_integration/ezbl_lib.a(EZBL_RestoreInterrupts.16o)
 .debug_aranges
                  0x000758         0x18 ../ezbl_integration/ezbl_lib.a(EZBL_DisableInterrupts.16o)
 .debug_aranges
                  0x000770         0x20 ../ezbl_integration/ezbl_lib.a(EZBL_AddrInTable.16o)
 .debug_aranges
                  0x000790         0x18 ../ezbl_integration/ezbl_lib.a(EZBL_ReadTablePair.16o)
 .debug_aranges
                  0x0007a8         0x20 ../ezbl_integration/ezbl_lib.a(EZBL_EraseAppSpace.16o)
 .debug_aranges
                  0x0007c8         0x18 ../ezbl_integration/ezbl_lib.a(EZBL_CallISR.16o)
 .debug_aranges
                  0x0007e0         0x20 ../ezbl_integration/ezbl_lib.a(EZBL_RestoreAppErasable.16o)
 .debug_aranges
                  0x000800         0x18 ../ezbl_integration/ezbl_lib.a(EZBL_MapInv.16o)
 .debug_aranges
                  0x000818         0x18 ../ezbl_integration/ezbl_lib.a(_T1Interrupt.16o)
 .debug_aranges
                  0x000830         0x18 ../ezbl_integration/ezbl_lib.a(EZBL_IsPageErased.16o)
 .debug_aranges
                  0x000848         0x18 ../ezbl_integration/ezbl_lib.a(EZBL_ErasePage.16o)
 .debug_aranges
                  0x000860         0x18 ../ezbl_integration/ezbl_lib.a(EZBL_WriteROMOnlyOnce.16o)
 .debug_aranges
                  0x000878         0x18 ../ezbl_integration/ezbl_lib.a(EZBL_Mul3Div2.16o)
 .debug_aranges
                  0x000890         0x18 ../ezbl_integration/ezbl_lib.a(EZBL_WriteNVMCON.16o)

.ivt              0x000004         0xbe
                  0x000004          0x4 LONG 0x486a (ABSOLUTE (_EZBL_IGT_BASE) + 0x5a)
                  0x000006          0x4 LONG 0x4810 DEFINED (EZBL_Dispatch_OscillatorFail)?ABSOLUTE (EZBL_Dispatch_OscillatorFail):(ABSOLUTE (_EZBL_IGT_BASE) + 0x0)
                  0x000008          0x4 LONG 0x4812 DEFINED (EZBL_Dispatch_AddressError)?ABSOLUTE (EZBL_Dispatch_AddressError):(ABSOLUTE (_EZBL_IGT_BASE) + 0x2)
                  0x00000a          0x4 LONG 0x4814 DEFINED (EZBL_Dispatch_StackError)?ABSOLUTE (EZBL_Dispatch_StackError):(ABSOLUTE (_EZBL_IGT_BASE) + 0x4)
                  0x00000c          0x4 LONG 0x4816 DEFINED (EZBL_Dispatch_MathError)?ABSOLUTE (EZBL_Dispatch_MathError):(ABSOLUTE (_EZBL_IGT_BASE) + 0x6)
                  0x00000e          0x4 LONG 0x486a (ABSOLUTE (_EZBL_IGT_BASE) + 0x5a)
                  0x000010          0x4 LONG 0x486a (ABSOLUTE (_EZBL_IGT_BASE) + 0x5a)
                  0x000012          0x4 LONG 0x486a (ABSOLUTE (_EZBL_IGT_BASE) + 0x5a)
                  0x000014          0x4 LONG 0x4818 DEFINED (EZBL_Dispatch_INT0Interrupt)?ABSOLUTE (EZBL_Dispatch_INT0Interrupt):(ABSOLUTE (_EZBL_IGT_BASE) + 0x8)
                  0x000016          0x4 LONG 0x481a DEFINED (EZBL_Dispatch_IC1Interrupt)?ABSOLUTE (EZBL_Dispatch_IC1Interrupt):(ABSOLUTE (_EZBL_IGT_BASE) + 0xa)
                  0x000018          0x4 LONG 0x481c DEFINED (EZBL_Dispatch_OC1Interrupt)?ABSOLUTE (EZBL_Dispatch_OC1Interrupt):(ABSOLUTE (_EZBL_IGT_BASE) + 0xc)
                  0x00001a          0x4 LONG 0x230 DEFINED (EZBL_Dispatch_T1Interrupt)?ABSOLUTE (EZBL_Dispatch_T1Interrupt):(ABSOLUTE (_EZBL_IGT_BASE) + 0xe)
                  0x00001c          0x4 LONG 0x486a (ABSOLUTE (_EZBL_IGT_BASE) + 0x5a)
                  0x00001e          0x4 LONG 0x4820 DEFINED (EZBL_Dispatch_IC2Interrupt)?ABSOLUTE (EZBL_Dispatch_IC2Interrupt):(ABSOLUTE (_EZBL_IGT_BASE) + 0x10)
                  0x000020          0x4 LONG 0x4822 DEFINED (EZBL_Dispatch_OC2Interrupt)?ABSOLUTE (EZBL_Dispatch_OC2Interrupt):(ABSOLUTE (_EZBL_IGT_BASE) + 0x12)
                  0x000022          0x4 LONG 0x4824 DEFINED (EZBL_Dispatch_T2Interrupt)?ABSOLUTE (EZBL_Dispatch_T2Interrupt):(ABSOLUTE (_EZBL_IGT_BASE) + 0x14)
                  0x000024          0x4 LONG 0x4826 DEFINED (EZBL_Dispatch_T3Interrupt)?ABSOLUTE (EZBL_Dispatch_T3Interrupt):(ABSOLUTE (_EZBL_IGT_BASE) + 0x16)
                  0x000026          0x4 LONG 0x4828 DEFINED (EZBL_Dispatch_SPI1ErrInterrupt)?ABSOLUTE (EZBL_Dispatch_SPI1ErrInterrupt):(ABSOLUTE (_EZBL_IGT_BASE) + 0x18)
                  0x000028          0x4 LONG 0x482a DEFINED (EZBL_Dispatch_SPI1Interrupt)?ABSOLUTE (EZBL_Dispatch_SPI1Interrupt):(ABSOLUTE (_EZBL_IGT_BASE) + 0x1a)
                  0x00002a          0x4 LONG 0x482c DEFINED (EZBL_Dispatch_U1RXInterrupt)?ABSOLUTE (EZBL_Dispatch_U1RXInterrupt):(ABSOLUTE (_EZBL_IGT_BASE) + 0x1c)
                  0x00002c          0x4 LONG 0x482e DEFINED (EZBL_Dispatch_U1TXInterrupt)?ABSOLUTE (EZBL_Dispatch_U1TXInterrupt):(ABSOLUTE (_EZBL_IGT_BASE) + 0x1e)
                  0x00002e          0x4 LONG 0x4830 DEFINED (EZBL_Dispatch_ADC1Interrupt)?ABSOLUTE (EZBL_Dispatch_ADC1Interrupt):(ABSOLUTE (_EZBL_IGT_BASE) + 0x20)
                  0x000030          0x4 LONG 0x486a (ABSOLUTE (_EZBL_IGT_BASE) + 0x5a)
                  0x000032          0x4 LONG 0x486a (ABSOLUTE (_EZBL_IGT_BASE) + 0x5a)
                  0x000034          0x4 LONG 0x4832 DEFINED (EZBL_Dispatch_SI2C1Interrupt)?ABSOLUTE (EZBL_Dispatch_SI2C1Interrupt):(ABSOLUTE (_EZBL_IGT_BASE) + 0x22)
                  0x000036          0x4 LONG 0x4834 DEFINED (EZBL_Dispatch_MI2C1Interrupt)?ABSOLUTE (EZBL_Dispatch_MI2C1Interrupt):(ABSOLUTE (_EZBL_IGT_BASE) + 0x24)
                  0x000038          0x4 LONG 0x4836 DEFINED (EZBL_Dispatch_CompInterrupt)?ABSOLUTE (EZBL_Dispatch_CompInterrupt):(ABSOLUTE (_EZBL_IGT_BASE) + 0x26)
                  0x00003a          0x4 LONG 0x4838 DEFINED (EZBL_Dispatch_CNInterrupt)?ABSOLUTE (EZBL_Dispatch_CNInterrupt):(ABSOLUTE (_EZBL_IGT_BASE) + 0x28)
                  0x00003c          0x4 LONG 0x483a DEFINED (EZBL_Dispatch_INT1Interrupt)?ABSOLUTE (EZBL_Dispatch_INT1Interrupt):(ABSOLUTE (_EZBL_IGT_BASE) + 0x2a)
                  0x00003e          0x4 LONG 0x486a (ABSOLUTE (_EZBL_IGT_BASE) + 0x5a)
                  0x000040          0x4 LONG 0x486a (ABSOLUTE (_EZBL_IGT_BASE) + 0x5a)
                  0x000042          0x4 LONG 0x486a (ABSOLUTE (_EZBL_IGT_BASE) + 0x5a)
                  0x000044          0x4 LONG 0x486a (ABSOLUTE (_EZBL_IGT_BASE) + 0x5a)
                  0x000046          0x4 LONG 0x483c DEFINED (EZBL_Dispatch_OC3Interrupt)?ABSOLUTE (EZBL_Dispatch_OC3Interrupt):(ABSOLUTE (_EZBL_IGT_BASE) + 0x2c)
                  0x000048          0x4 LONG 0x483e DEFINED (EZBL_Dispatch_OC4Interrupt)?ABSOLUTE (EZBL_Dispatch_OC4Interrupt):(ABSOLUTE (_EZBL_IGT_BASE) + 0x2e)
                  0x00004a          0x4 LONG 0x4840 DEFINED (EZBL_Dispatch_T4Interrupt)?ABSOLUTE (EZBL_Dispatch_T4Interrupt):(ABSOLUTE (_EZBL_IGT_BASE) + 0x30)
                  0x00004c          0x4 LONG 0x4842 DEFINED (EZBL_Dispatch_T5Interrupt)?ABSOLUTE (EZBL_Dispatch_T5Interrupt):(ABSOLUTE (_EZBL_IGT_BASE) + 0x32)
                  0x00004e          0x4 LONG 0x4844 DEFINED (EZBL_Dispatch_INT2Interrupt)?ABSOLUTE (EZBL_Dispatch_INT2Interrupt):(ABSOLUTE (_EZBL_IGT_BASE) + 0x34)
                  0x000050          0x4 LONG 0x4846 DEFINED (EZBL_Dispatch_U2RXInterrupt)?ABSOLUTE (EZBL_Dispatch_U2RXInterrupt):(ABSOLUTE (_EZBL_IGT_BASE) + 0x36)
                  0x000052          0x4 LONG 0x4848 DEFINED (EZBL_Dispatch_U2TXInterrupt)?ABSOLUTE (EZBL_Dispatch_U2TXInterrupt):(ABSOLUTE (_EZBL_IGT_BASE) + 0x38)
                  0x000054          0x4 LONG 0x484a DEFINED (EZBL_Dispatch_SPI2ErrInterrupt)?ABSOLUTE (EZBL_Dispatch_SPI2ErrInterrupt):(ABSOLUTE (_EZBL_IGT_BASE) + 0x3a)
                  0x000056          0x4 LONG 0x484c DEFINED (EZBL_Dispatch_SPI2Interrupt)?ABSOLUTE (EZBL_Dispatch_SPI2Interrupt):(ABSOLUTE (_EZBL_IGT_BASE) + 0x3c)
                  0x000058          0x4 LONG 0x486a (ABSOLUTE (_EZBL_IGT_BASE) + 0x5a)
                  0x00005a          0x4 LONG 0x486a (ABSOLUTE (_EZBL_IGT_BASE) + 0x5a)
                  0x00005c          0x4 LONG 0x486a (ABSOLUTE (_EZBL_IGT_BASE) + 0x5a)
                  0x00005e          0x4 LONG 0x484e DEFINED (EZBL_Dispatch_IC3Interrupt)?ABSOLUTE (EZBL_Dispatch_IC3Interrupt):(ABSOLUTE (_EZBL_IGT_BASE) + 0x3e)
                  0x000060          0x4 LONG 0x4850 DEFINED (EZBL_Dispatch_IC4Interrupt)?ABSOLUTE (EZBL_Dispatch_IC4Interrupt):(ABSOLUTE (_EZBL_IGT_BASE) + 0x40)
                  0x000062          0x4 LONG 0x4852 DEFINED (EZBL_Dispatch_IC5Interrupt)?ABSOLUTE (EZBL_Dispatch_IC5Interrupt):(ABSOLUTE (_EZBL_IGT_BASE) + 0x42)
                  0x000064          0x4 LONG 0x486a (ABSOLUTE (_EZBL_IGT_BASE) + 0x5a)
                  0x000066          0x4 LONG 0x4854 DEFINED (EZBL_Dispatch_OC5Interrupt)?ABSOLUTE (EZBL_Dispatch_OC5Interrupt):(ABSOLUTE (_EZBL_IGT_BASE) + 0x44)
                  0x000068          0x4 LONG 0x486a (ABSOLUTE (_EZBL_IGT_BASE) + 0x5a)
                  0x00006a          0x4 LONG 0x486a (ABSOLUTE (_EZBL_IGT_BASE) + 0x5a)
                  0x00006c          0x4 LONG 0x486a (ABSOLUTE (_EZBL_IGT_BASE) + 0x5a)
                  0x00006e          0x4 LONG 0x4856 DEFINED (EZBL_Dispatch_PMPInterrupt)?ABSOLUTE (EZBL_Dispatch_PMPInterrupt):(ABSOLUTE (_EZBL_IGT_BASE) + 0x46)
                  0x000070          0x4 LONG 0x486a (ABSOLUTE (_EZBL_IGT_BASE) + 0x5a)
                  0x000072          0x4 LONG 0x486a (ABSOLUTE (_EZBL_IGT_BASE) + 0x5a)
                  0x000074          0x4 LONG 0x486a (ABSOLUTE (_EZBL_IGT_BASE) + 0x5a)
                  0x000076          0x4 LONG 0x4858 DEFINED (EZBL_Dispatch_SI2C2Interrupt)?ABSOLUTE (EZBL_Dispatch_SI2C2Interrupt):(ABSOLUTE (_EZBL_IGT_BASE) + 0x48)